{
  "course": "left90",
  "physics_trial": true,
  "controller_enabled": true,
  "yolo_enabled": true,
  "perception": "YOLO + white supplement",
  "lane_count": 1,
  "stripe_count": 2,
  "error": null,
  "raw_frames": 544,
  "debug_frames": 73,
  "camera_intrinsics": [
    [
      566.0,
      0.0,
      320.0
    ],
    [
      0.0,
      566.0,
      240.0
    ],
    [
      0.0,
      0.0,
      1.0
    ]
  ],
  "nonzero_commands": 459,
  "status_counts": {
    "DISABLED": 2,
    "WAITING_FOR_LANE": 8,
    "FOLLOWING": 69
  },
  "travelled_m": 1.8667155724718032,
  "net_displacement_m": 1.3759695087605304,
  "max_cross_track_m": 0.03786506243981025,
  "final_progress_m": 1.9002801414450277,
  "final_pose": {
    "t": 41.31569382399903,
    "x": 0.7550812441299216,
    "y": 1.1502801414439046,
    "z": -8.456538541551115e-09,
    "yaw": 1.6295854634450266,
    "stamp": 35.87,
    "frame": "world",
    "child": "base_link"
  },
  "reached_finish": true,
  "lane_departure": false,
  "passed": true,
  "video_exports": [
    {
      "path": "pinky_move/reports/yolo_white_20261006/s_fix_final_v16/left90_hybrid_lane0_r1/raw_frames.mp4",
      "changed": true,
      "original": "pinky_move/reports/yolo_white_20261006/s_fix_final_v16/left90_hybrid_lane0_r1/original_mp4v/raw_frames.mp4",
      "before": {
        "codec_name": "mpeg4",
        "width": 640,
        "height": 480,
        "pix_fmt": "yuv420p",
        "nb_frames": "544",
        "duration": 36.266667
      },
      "after": {
        "codec_name": "h264",
        "width": 640,
        "height": 480,
        "pix_fmt": "yuv420p",
        "nb_frames": "544",
        "duration": 36.266667
      },
      "full_decode_ok": true
    },
    {
      "path": "pinky_move/reports/yolo_white_20261006/s_fix_final_v16/left90_hybrid_lane0_r1/debug_frames.mp4",
      "changed": true,
      "original": "pinky_move/reports/yolo_white_20261006/s_fix_final_v16/left90_hybrid_lane0_r1/original_mp4v/debug_frames.mp4",
      "before": {
        "codec_name": "mpeg4",
        "width": 640,
        "height": 480,
        "pix_fmt": "yuv420p",
        "nb_frames": "73",
        "duration": 4.866667
      },
      "after": {
        "codec_name": "h264",
        "width": 640,
        "height": 480,
        "pix_fmt": "yuv420p",
        "nb_frames": "73",
        "duration": 4.866667
      },
      "full_decode_ok": true
    }
  ]
}
