{
  "course": "right90",
  "physics_trial": true,
  "controller_enabled": true,
  "yolo_enabled": true,
  "perception": "YOLO + white supplement",
  "lane_count": 1,
  "stripe_count": 2,
  "error": null,
  "raw_frames": 616,
  "debug_frames": 81,
  "camera_intrinsics": [
    [
      566.0,
      0.0,
      320.0
    ],
    [
      0.0,
      566.0,
      240.0
    ],
    [
      0.0,
      0.0,
      1.0
    ]
  ],
  "nonzero_commands": 477,
  "status_counts": {
    "DISABLED": 2,
    "WAITING_FOR_LANE": 10,
    "FOLLOWING": 77,
    "SAFETY_STOP": 13
  },
  "travelled_m": 1.9052273446337529,
  "net_displacement_m": 1.3998272957367288,
  "max_cross_track_m": 0.0416768715814374,
  "final_progress_m": 1.9320573920863682,
  "final_pose": {
    "t": 46.86682490899875,
    "x": 0.7498378356048385,
    "y": -1.1820573920852449,
    "z": -8.462026919365941e-09,
    "yaw": -1.635660853810116,
    "stamp": 40.868,
    "frame": "world",
    "child": "base_link"
  },
  "reached_finish": true,
  "lane_departure": false,
  "passed": true,
  "video_exports": [
    {
      "path": "pinky_move/reports/yolo_white_20261006/s_fix_final_v16/right90_hybrid_lane0_r1/raw_frames.mp4",
      "changed": true,
      "original": "pinky_move/reports/yolo_white_20261006/s_fix_final_v16/right90_hybrid_lane0_r1/original_mp4v/raw_frames.mp4",
      "before": {
        "codec_name": "mpeg4",
        "width": 640,
        "height": 480,
        "pix_fmt": "yuv420p",
        "nb_frames": "616",
        "duration": 41.066667
      },
      "after": {
        "codec_name": "h264",
        "width": 640,
        "height": 480,
        "pix_fmt": "yuv420p",
        "nb_frames": "616",
        "duration": 41.066667
      },
      "full_decode_ok": true
    },
    {
      "path": "pinky_move/reports/yolo_white_20261006/s_fix_final_v16/right90_hybrid_lane0_r1/debug_frames.mp4",
      "changed": true,
      "original": "pinky_move/reports/yolo_white_20261006/s_fix_final_v16/right90_hybrid_lane0_r1/original_mp4v/debug_frames.mp4",
      "before": {
        "codec_name": "mpeg4",
        "width": 640,
        "height": 480,
        "pix_fmt": "yuv420p",
        "nb_frames": "81",
        "duration": 5.4
      },
      "after": {
        "codec_name": "h264",
        "width": 640,
        "height": 480,
        "pix_fmt": "yuv420p",
        "nb_frames": "81",
        "duration": 5.4
      },
      "full_decode_ok": true
    }
  ]
}
