{
  "course": "s_sharp",
  "physics_trial": true,
  "controller_enabled": true,
  "yolo_enabled": true,
  "perception": "YOLO + white supplement",
  "lane_count": 2,
  "stripe_count": 3,
  "error": null,
  "raw_frames": 2823,
  "debug_frames": 335,
  "camera_intrinsics": [
    [
      566.0,
      0.0,
      320.0
    ],
    [
      0.0,
      566.0,
      240.0
    ],
    [
      0.0,
      0.0,
      1.0
    ]
  ],
  "nonzero_commands": 295,
  "status_counts": {
    "DISABLED": 2,
    "WAITING_FOR_LANE": 304,
    "SAFETY_STOP": 17,
    "FOLLOWING": 45,
    "CORNER_STAGED": 25
  },
  "travelled_m": 0.8573508800455203,
  "net_displacement_m": 0.7282470353645204,
  "max_cross_track_m": 0.036691519868603306,
  "final_progress_m": 0.8925787187777597,
  "final_pose": {
    "t": 202.85735505699995,
    "x": 0.6866580733613755,
    "y": 0.24257871877663653,
    "z": -8.700205642657611e-09,
    "yaw": 1.578530978686896,
    "stamp": 186.558,
    "frame": "world",
    "child": "base_link"
  },
  "reached_finish": false,
  "lane_departure": false,
  "passed": false,
  "video_exports": [
    {
      "path": "pinky_move/reports/yolo_white_20261006/s_fix_final_v16/s_sharp_hybrid_lane0_r1/raw_frames.mp4",
      "changed": true,
      "original": "pinky_move/reports/yolo_white_20261006/s_fix_final_v16/s_sharp_hybrid_lane0_r1/original_mp4v/raw_frames.mp4",
      "before": {
        "codec_name": "mpeg4",
        "width": 640,
        "height": 480,
        "pix_fmt": "yuv420p",
        "nb_frames": "2823",
        "duration": 188.2
      },
      "after": {
        "codec_name": "h264",
        "width": 640,
        "height": 480,
        "pix_fmt": "yuv420p",
        "nb_frames": "2823",
        "duration": 188.2
      },
      "full_decode_ok": true
    },
    {
      "path": "pinky_move/reports/yolo_white_20261006/s_fix_final_v16/s_sharp_hybrid_lane0_r1/debug_frames.mp4",
      "changed": true,
      "original": "pinky_move/reports/yolo_white_20261006/s_fix_final_v16/s_sharp_hybrid_lane0_r1/original_mp4v/debug_frames.mp4",
      "before": {
        "codec_name": "mpeg4",
        "width": 640,
        "height": 480,
        "pix_fmt": "yuv420p",
        "nb_frames": "335",
        "duration": 22.333333
      },
      "after": {
        "codec_name": "h264",
        "width": 640,
        "height": 480,
        "pix_fmt": "yuv420p",
        "nb_frames": "335",
        "duration": 22.333333
      },
      "full_decode_ok": true
    }
  ]
}
