{
  "course": "s_sharp",
  "physics_trial": true,
  "controller_enabled": true,
  "yolo_enabled": true,
  "perception": "YOLO + white supplement",
  "lane_count": 2,
  "stripe_count": 3,
  "error": null,
  "raw_frames": 876,
  "debug_frames": 141,
  "camera_intrinsics": [
    [
      566.0,
      0.0,
      320.0
    ],
    [
      0.0,
      566.0,
      240.0
    ],
    [
      0.0,
      0.0,
      1.0
    ]
  ],
  "nonzero_commands": 209,
  "status_counts": {
    "DISABLED": 2,
    "WAITING_FOR_LANE": 227,
    "FOLLOWING": 24,
    "SAFETY_STOP": 32,
    "CORNER_STAGED": 65
  },
  "travelled_m": 0.6262226475760003,
  "net_displacement_m": 0.62622081585434,
  "max_cross_track_m": 0.000750095909230851,
  "final_progress_m": 0.6262207707786439,
  "final_pose": {
    "t": 67.58753625899999,
    "x": 0.6262207707775208,
    "y": -0.00023760192814042388,
    "z": -8.603927090774346e-09,
    "yaw": -0.0012627394621101287,
    "stamp": 57.766,
    "frame": "world",
    "child": "base_link"
  },
  "reached_finish": false,
  "lane_departure": false,
  "passed": false,
  "video_exports": [
    {
      "path": "pinky_move/reports/yolo_white_20261006/s_fix_v1/s_sharp_hybrid_lane1_r1/raw_frames.mp4",
      "changed": true,
      "original": "pinky_move/reports/yolo_white_20261006/s_fix_v1/s_sharp_hybrid_lane1_r1/original_mp4v/raw_frames.mp4",
      "before": {
        "codec_name": "mpeg4",
        "width": 640,
        "height": 480,
        "pix_fmt": "yuv420p",
        "nb_frames": "876",
        "duration": 58.4
      },
      "after": {
        "codec_name": "h264",
        "width": 640,
        "height": 480,
        "pix_fmt": "yuv420p",
        "nb_frames": "876",
        "duration": 58.4
      },
      "full_decode_ok": true
    },
    {
      "path": "pinky_move/reports/yolo_white_20261006/s_fix_v1/s_sharp_hybrid_lane1_r1/debug_frames.mp4",
      "changed": true,
      "original": "pinky_move/reports/yolo_white_20261006/s_fix_v1/s_sharp_hybrid_lane1_r1/original_mp4v/debug_frames.mp4",
      "before": {
        "codec_name": "mpeg4",
        "width": 640,
        "height": 480,
        "pix_fmt": "yuv420p",
        "nb_frames": "141",
        "duration": 9.4
      },
      "after": {
        "codec_name": "h264",
        "width": 640,
        "height": 480,
        "pix_fmt": "yuv420p",
        "nb_frames": "141",
        "duration": 9.4
      },
      "full_decode_ok": true
    }
  ]
}
