{
  "course": "s_sharp",
  "physics_trial": true,
  "controller_enabled": true,
  "yolo_enabled": true,
  "perception": "YOLO + white supplement",
  "lane_count": 2,
  "stripe_count": 3,
  "error": null,
  "raw_frames": 2719,
  "debug_frames": 400,
  "camera_intrinsics": [
    [
      566.0,
      0.0,
      320.0
    ],
    [
      0.0,
      566.0,
      240.0
    ],
    [
      0.0,
      0.0,
      1.0
    ]
  ],
  "nonzero_commands": 1129,
  "status_counts": {
    "DISABLED": 2,
    "WAITING_FOR_LANE": 452,
    "FOLLOWING": 131,
    "SAFETY_STOP": 5,
    "CORNER_STAGED": 166
  },
  "travelled_m": 2.16579399890497,
  "net_displacement_m": 1.3722003810430592,
  "max_cross_track_m": 0.03959092555377708,
  "final_progress_m": 2.2493948559622505,
  "final_pose": {
    "t": 202.606989117,
    "x": 1.3685073952027298,
    "y": 0.1006051440388725,
    "z": -8.701144245707297e-09,
    "yaw": -1.729354080301447,
    "stamp": 179.962,
    "frame": "world",
    "child": "base_link"
  },
  "reached_finish": false,
  "lane_departure": false,
  "passed": false,
  "video_exports": [
    {
      "path": "pinky_move/reports/yolo_white_20261006/s_fix_final_v3/s_sharp_hybrid_lane0_r1/raw_frames.mp4",
      "changed": true,
      "original": "pinky_move/reports/yolo_white_20261006/s_fix_final_v3/s_sharp_hybrid_lane0_r1/original_mp4v/raw_frames.mp4",
      "before": {
        "codec_name": "mpeg4",
        "width": 640,
        "height": 480,
        "pix_fmt": "yuv420p",
        "nb_frames": "2719",
        "duration": 181.266667
      },
      "after": {
        "codec_name": "h264",
        "width": 640,
        "height": 480,
        "pix_fmt": "yuv420p",
        "nb_frames": "2719",
        "duration": 181.266667
      },
      "full_decode_ok": true
    },
    {
      "path": "pinky_move/reports/yolo_white_20261006/s_fix_final_v3/s_sharp_hybrid_lane0_r1/debug_frames.mp4",
      "changed": true,
      "original": "pinky_move/reports/yolo_white_20261006/s_fix_final_v3/s_sharp_hybrid_lane0_r1/original_mp4v/debug_frames.mp4",
      "before": {
        "codec_name": "mpeg4",
        "width": 640,
        "height": 480,
        "pix_fmt": "yuv420p",
        "nb_frames": "400",
        "duration": 26.666667
      },
      "after": {
        "codec_name": "h264",
        "width": 640,
        "height": 480,
        "pix_fmt": "yuv420p",
        "nb_frames": "400",
        "duration": 26.666667
      },
      "full_decode_ok": true
    }
  ]
}
