{
  "course": "right90",
  "physics_trial": true,
  "controller_enabled": true,
  "yolo_enabled": true,
  "perception": "YOLO + white supplement",
  "lane_count": 1,
  "stripe_count": 2,
  "error": null,
  "raw_frames": 631,
  "debug_frames": 96,
  "camera_intrinsics": [
    [
      566.0,
      0.0,
      320.0
    ],
    [
      0.0,
      566.0,
      240.0
    ],
    [
      0.0,
      0.0,
      1.0
    ]
  ],
  "nonzero_commands": 571,
  "status_counts": {
    "DISABLED": 2,
    "WAITING_FOR_LANE": 17,
    "FOLLOWING": 79,
    "REACQUIRING_LANE": 18
  },
  "travelled_m": 1.8948974648304817,
  "net_displacement_m": 1.3931347077765075,
  "max_cross_track_m": 0.0352735950612183,
  "final_progress_m": 1.9231886625310217,
  "final_pose": {
    "t": 48.13346796699989,
    "x": 0.7513006562762711,
    "y": -1.1731886625298984,
    "z": -8.462004958977829e-09,
    "yaw": -1.6212715451752049,
    "stamp": 41.752,
    "frame": "world",
    "child": "base_link"
  },
  "reached_finish": true,
  "lane_departure": false,
  "passed": true,
  "video_exports": [
    {
      "path": "pinky_move/reports/yolo_white_20261006/s_fix_final_v9/right90_hybrid_lane0_r1/raw_frames.mp4",
      "changed": true,
      "original": "pinky_move/reports/yolo_white_20261006/s_fix_final_v9/right90_hybrid_lane0_r1/original_mp4v/raw_frames.mp4",
      "before": {
        "codec_name": "mpeg4",
        "width": 640,
        "height": 480,
        "pix_fmt": "yuv420p",
        "nb_frames": "631",
        "duration": 42.066667
      },
      "after": {
        "codec_name": "h264",
        "width": 640,
        "height": 480,
        "pix_fmt": "yuv420p",
        "nb_frames": "631",
        "duration": 42.066667
      },
      "full_decode_ok": true
    },
    {
      "path": "pinky_move/reports/yolo_white_20261006/s_fix_final_v9/right90_hybrid_lane0_r1/debug_frames.mp4",
      "changed": true,
      "original": "pinky_move/reports/yolo_white_20261006/s_fix_final_v9/right90_hybrid_lane0_r1/original_mp4v/debug_frames.mp4",
      "before": {
        "codec_name": "mpeg4",
        "width": 640,
        "height": 480,
        "pix_fmt": "yuv420p",
        "nb_frames": "96",
        "duration": 6.4
      },
      "after": {
        "codec_name": "h264",
        "width": 640,
        "height": 480,
        "pix_fmt": "yuv420p",
        "nb_frames": "96",
        "duration": 6.4
      },
      "full_decode_ok": true
    }
  ]
}
