{
  "course": "s_sharp",
  "physics_trial": true,
  "controller_enabled": true,
  "yolo_enabled": true,
  "perception": "YOLO + white supplement",
  "lane_count": 2,
  "stripe_count": 3,
  "error": null,
  "raw_frames": 2708,
  "debug_frames": 397,
  "camera_intrinsics": [
    [
      566.0,
      0.0,
      320.0
    ],
    [
      0.0,
      566.0,
      240.0
    ],
    [
      0.0,
      0.0,
      1.0
    ]
  ],
  "nonzero_commands": 509,
  "status_counts": {
    "DISABLED": 2,
    "WAITING_FOR_LANE": 620,
    "FOLLOWING": 79,
    "CORNER_STAGED": 47
  },
  "travelled_m": 1.017753920260237,
  "net_displacement_m": 0.7799371674622327,
  "max_cross_track_m": 0.03750884474608818,
  "final_progress_m": 1.052198321666045,
  "final_pose": {
    "t": 202.60185659299987,
    "x": 0.6682353591642916,
    "y": 0.402198321664922,
    "z": -8.701006835065736e-09,
    "yaw": 1.7337170794092929,
    "stamp": 179.112,
    "frame": "world",
    "child": "base_link"
  },
  "reached_finish": false,
  "lane_departure": false,
  "passed": false,
  "video_exports": [
    {
      "path": "pinky_move/reports/yolo_white_20261006/s_fix_final/s_sharp_hybrid_lane0_r1/raw_frames.mp4",
      "changed": true,
      "original": "pinky_move/reports/yolo_white_20261006/s_fix_final/s_sharp_hybrid_lane0_r1/original_mp4v/raw_frames.mp4",
      "before": {
        "codec_name": "mpeg4",
        "width": 640,
        "height": 480,
        "pix_fmt": "yuv420p",
        "nb_frames": "2708",
        "duration": 180.533333
      },
      "after": {
        "codec_name": "h264",
        "width": 640,
        "height": 480,
        "pix_fmt": "yuv420p",
        "nb_frames": "2708",
        "duration": 180.533333
      },
      "full_decode_ok": true
    },
    {
      "path": "pinky_move/reports/yolo_white_20261006/s_fix_final/s_sharp_hybrid_lane0_r1/debug_frames.mp4",
      "changed": true,
      "original": "pinky_move/reports/yolo_white_20261006/s_fix_final/s_sharp_hybrid_lane0_r1/original_mp4v/debug_frames.mp4",
      "before": {
        "codec_name": "mpeg4",
        "width": 640,
        "height": 480,
        "pix_fmt": "yuv420p",
        "nb_frames": "397",
        "duration": 26.466667
      },
      "after": {
        "codec_name": "h264",
        "width": 640,
        "height": 480,
        "pix_fmt": "yuv420p",
        "nb_frames": "397",
        "duration": 26.466667
      },
      "full_decode_ok": true
    }
  ]
}
