[INFO] [launch]: All log files can be found below /home/tory/.ros/log/2026-10-06-15-37-54-351204-tory-15Z95N-GP7QL-226992
[INFO] [launch]: Default logging verbosity is set to INFO
[INFO] [gz-1]: process started with pid [227017]
[INFO] [parameter_bridge-2]: process started with pid [227018]
[INFO] [python-3]: process started with pid [227019]
[parameter_bridge-2] [INFO] [1791268674.778574028] [lane_sim_bridge]: Creating GZ->ROS Bridge: [/lane_sim/camera/image_raw (gz.msgs.Image) -> /lane_sim/camera/image_raw (sensor_msgs/msg/Image)] (Lazy 0)
[parameter_bridge-2] [INFO] [1791268674.779890321] [lane_sim_bridge]: Creating GZ->ROS Bridge: [/lane_sim/camera/camera_info (gz.msgs.CameraInfo) -> /lane_sim/camera/camera_info (sensor_msgs/msg/CameraInfo)] (Lazy 0)
[parameter_bridge-2] [INFO] [1791268674.780142323] [lane_sim_bridge]: Creating GZ->ROS Bridge: [/lane_sim/odom (gz.msgs.Odometry) -> /lane_sim/odom (nav_msgs/msg/Odometry)] (Lazy 0)
[parameter_bridge-2] [INFO] [1791268674.780685263] [lane_sim_bridge]: Creating GZ->ROS Bridge: [/lane_sim/ground_truth (gz.msgs.Odometry) -> /lane_sim/ground_truth (nav_msgs/msg/Odometry)] (Lazy 0)
[parameter_bridge-2] [INFO] [1791268674.780829533] [lane_sim_bridge]: Creating ROS->GZ Bridge: [/lane_sim/cmd_vel (geometry_msgs/msg/Twist) -> /lane_sim/cmd_vel (gz.msgs.Twist)] (Lazy 0)
[parameter_bridge-2] [INFO] [1791268674.781174449] [lane_sim_bridge]: Creating GZ->ROS Bridge: [/clock (gz.msgs.Clock) -> /clock (rosgraph_msgs/msg/Clock)] (Lazy 0)
[gz-1] [1;33mWarning [Utils.cc:132][0m [/sdf/world[@name="lane_course"]/model[@name="pinky_lane"]/link[@name="base_footprint"]/sensor[@name="camera"]/gz_frame_id:/tmp/pinky-opencv-suite-f4rlvia0/lane_course.sdf:L134]: XML Element[gz_frame_id], child of element[sensor], not defined in SDF. Copying[gz_frame_id] as children of [sensor].
[python-3] [WARN] [1791268675.208091310] [lane_sim.lane_autonomy]: URDF projection uses nominal mounting; physical accuracy remains unverified.
[python-3] [INFO] [1791268676.118918486] [lane_sim.lane_autonomy]: Lane autonomy ready and disabled. perception=YOLO + white supplement (simulation only), model=/home/tory/Downloads/yolo_runs/segment/train/weights/best.pt, image=/lane_sim/camera/image_raw, output=/lane_sim/cmd_vel
[python-3] [INFO] [1791268676.119281913] [lane_sim.lane_autonomy]: Enable after placing the robot safely: ros2 service call /lane_autonomy/enable std_srvs/srv/SetBool "{data: true}"
[parameter_bridge-2] [INFO] [1791268676.169483170] [lane_sim_bridge]: Passing message from ROS geometry_msgs/msg/Twist to Gazebo gz.msgs.Twist (showing msg only once per type)
[python-3] [INFO] [1791268676.170194588] [lane_sim.lane_autonomy]: DISABLED
[gz-1] [1;33m[Wrn] [OBJLoader.cc:202] [0m[1;33mMissing material for shape[[0m[1;33m] [0m[1;33min OBJ file[[0m[1;33m/tmp/pinky-opencv-suite-f4rlvia0/right_stripe_0.obj[0m[1;33m][0m[1;33m[0m
[gz-1] [1;33m[Wrn] [OBJLoader.cc:202] [0m[1;33mMissing material for shape[[0m[1;33m] [0m[1;33min OBJ file[[0m[1;33m/tmp/pinky-opencv-suite-f4rlvia0/left_stripe_0.obj[0m[1;33m][0m[1;33m[0m
[gz-1] [1;33m[Wrn] [OBJLoader.cc:202] [0m[1;33mMissing material for shape[[0m[1;33m] [0m[1;33min OBJ file[[0m[1;33m/tmp/pinky-opencv-suite-f4rlvia0/outer_2_stripe_0.obj[0m[1;33m][0m[1;33m[0m
[gz-1] [1;33m[Wrn] [Ogre2Camera.cc:423] [0m[1;33mOgre2Camera::SetVisibilityMask: Mask bits [0m[1;33mc0000000[0m[1;33m are set but will be ignored as they conflict with the [0m[1;33mreserved bits used internally by the ogre2 backend.[0m[1;33m[0m
[python-3] [WARN] [1791268677.533658181] [lane_sim.lane_autonomy]: Lidar obstacle stopping DISABLED; camera/line loss and command watchdog remain active.
[python-3] [INFO] [1791268677.570433679] [lane_sim.lane_autonomy]: WAITING_FOR_LANE: no usable boundary; Lane=0, used_boundaries=0, perception=YOLO, supplement=None, metric_target=None, corner={'mode': 'NORMAL', 'reason': 'no corner observation'}
[python-3] [INFO] [1791268679.173537884] [lane_sim.lane_autonomy]: FOLLOWING: v=0.099, w=0.005; Lane=2, used_boundaries=2, perception=YOLO_SEMANTIC_PATH_SIM, supplement={'yolo': 2, 'white_current': 2, 'white_tracked': 0, 'retained_yolo': 0, 'semantic_timeout_s': 10.0, 'unsupported_white': 0}, metric_target={'x_m': 0.36167694460783717, 'y_m': 0.0030203898708870713, 'width_m': 0.2, 'boundary_count': 2, 'inferred': False}, corner={'mode': 'WHITE_PATH', 'reason': 'connected normal-offset centre'}
[python-3] [INFO] [1791268679.670151778] [lane_sim.lane_autonomy]: FOLLOWING: v=0.100, w=-0.003; Lane=2, used_boundaries=2, perception=YOLO_SEMANTIC_PATH_SIM, supplement={'yolo': 2, 'white_current': 2, 'white_tracked': 0, 'retained_yolo': 0, 'semantic_timeout_s': 10.0, 'unsupported_white': 0}, metric_target={'x_m': 0.3588579072995073, 'y_m': -0.0018111232755598334, 'width_m': 0.2, 'boundary_count': 2, 'inferred': False}, corner={'mode': 'WHITE_PATH', 'reason': 'connected normal-offset centre'}
[python-3] [INFO] [1791268679.870032477] [lane_sim.lane_autonomy]: FOLLOWING: v=0.060, w=0.002; Lane=2, used_boundaries=1, perception=YOLO_SEMANTIC_PATH_SIM, supplement={'yolo': 2, 'white_current': 2, 'white_tracked': 0, 'retained_yolo': 0, 'semantic_timeout_s': 10.0, 'unsupported_white': 0}, metric_target={'x_m': 0.361301652223783, 'y_m': 0.0023578317189361787, 'width_m': 0.2, 'boundary_count': 1, 'inferred': True}, corner={'mode': 'WHITE_PATH', 'reason': 'connected normal-offset centre'}
[python-3] [INFO] [1791268680.070435027] [lane_sim.lane_autonomy]: FOLLOWING: v=0.099, w=0.005; Lane=2, used_boundaries=2, perception=YOLO_SEMANTIC_PATH_SIM, supplement={'yolo': 2, 'white_current': 2, 'white_tracked': 0, 'retained_yolo': 0, 'semantic_timeout_s': 10.0, 'unsupported_white': 1}, metric_target={'x_m': 0.36194291844129556, 'y_m': 0.0034937603773798434, 'width_m': 0.2, 'boundary_count': 2, 'inferred': False}, corner={'mode': 'WHITE_PATH', 'reason': 'connected normal-offset centre'}
[python-3] [INFO] [1791268680.220014433] [lane_sim.lane_autonomy]: FOLLOWING: v=0.060, w=-0.002; Lane=2, used_boundaries=1, perception=YOLO_SEMANTIC_PATH_SIM, supplement={'yolo': 2, 'white_current': 2, 'white_tracked': 0, 'retained_yolo': 0, 'semantic_timeout_s': 10.0, 'unsupported_white': 1}, metric_target={'x_m': 0.39003983450525803, 'y_m': -0.002961729016284632, 'width_m': 0.2, 'boundary_count': 1, 'inferred': True}, corner={'mode': 'WHITE_PATH', 'reason': 'connected normal-offset centre'}
[python-3] [INFO] [1791268680.370332938] [lane_sim.lane_autonomy]: FOLLOWING: v=0.099, w=0.006; Lane=2, used_boundaries=2, perception=YOLO_SEMANTIC_PATH_SIM, supplement={'yolo': 3, 'white_current': 2, 'white_tracked': 0, 'retained_yolo': 0, 'semantic_timeout_s': 10.0, 'unsupported_white': 1}, metric_target={'x_m': 0.36302764555706146, 'y_m': 0.004247006517124402, 'width_m': 0.2, 'boundary_count': 2, 'inferred': False}, corner={'mode': 'WHITE_PATH', 'reason': 'connected normal-offset centre'}
[python-3] [INFO] [1791268680.570226808] [lane_sim.lane_autonomy]: FOLLOWING: v=0.099, w=0.006; Lane=2, used_boundaries=2, perception=YOLO_SEMANTIC_PATH_SIM, supplement={'yolo': 2, 'white_current': 2, 'white_tracked': 0, 'retained_yolo': 0, 'semantic_timeout_s': 10.0, 'unsupported_white': 1}, metric_target={'x_m': 0.36302764555706146, 'y_m': 0.004247006517124402, 'width_m': 0.2, 'boundary_count': 2, 'inferred': False}, corner={'mode': 'WHITE_PATH', 'reason': 'connected normal-offset centre'}
[python-3] [INFO] [1791268680.769847545] [lane_sim.lane_autonomy]: FOLLOWING: v=0.099, w=0.005; Lane=2, used_boundaries=2, perception=YOLO_SEMANTIC_PATH_SIM, supplement={'yolo': 2, 'white_current': 2, 'white_tracked': 0, 'retained_yolo': 0, 'semantic_timeout_s': 10.0, 'unsupported_white': 1}, metric_target={'x_m': 0.3626910159709074, 'y_m': 0.003631453736133228, 'width_m': 0.2, 'boundary_count': 2, 'inferred': False}, corner={'mode': 'WHITE_PATH', 'reason': 'connected normal-offset centre'}
[python-3] [INFO] [1791268680.920611803] [lane_sim.lane_autonomy]: FOLLOWING: v=0.100, w=-0.000; Lane=2, used_boundaries=2, perception=YOLO_SEMANTIC_PATH_SIM, supplement={'yolo': 2, 'white_current': 2, 'white_tracked': 0, 'retained_yolo': 0, 'semantic_timeout_s': 10.0, 'unsupported_white': 1}, metric_target={'x_m': 0.3599497753485204, 'y_m': -2.1396709767269968e-05, 'width_m': 0.2, 'boundary_count': 2, 'inferred': False}, corner={'mode': 'WHITE_PATH', 'reason': 'connected normal-offset centre'}
[python-3] [INFO] [1791268681.070445627] [lane_sim.lane_autonomy]: FOLLOWING: v=0.099, w=0.006; Lane=2, used_boundaries=2, perception=YOLO_SEMANTIC_PATH_SIM, supplement={'yolo': 2, 'white_current': 2, 'white_tracked': 0, 'retained_yolo': 0, 'semantic_timeout_s': 10.0, 'unsupported_white': 1}, metric_target={'x_m': 0.3685252773288423, 'y_m': 0.004345901706460081, 'width_m': 0.2, 'boundary_count': 2, 'inferred': False}, corner={'mode': 'WHITE_PATH', 'reason': 'connected normal-offset centre'}
[python-3] [INFO] [1791268681.220297707] [lane_sim.lane_autonomy]: FOLLOWING: v=0.099, w=0.010; Lane=2, used_boundaries=2, perception=YOLO_SEMANTIC_PATH_SIM, supplement={'yolo': 2, 'white_current': 2, 'white_tracked': 0, 'retained_yolo': 0, 'semantic_timeout_s': 10.0, 'unsupported_white': 1}, metric_target={'x_m': 0.36977442268466854, 'y_m': 0.006600084634593253, 'width_m': 0.2, 'boundary_count': 2, 'inferred': False}, corner={'mode': 'WHITE_PATH', 'reason': 'connected normal-offset centre'}
[python-3] [INFO] [1791268681.370906887] [lane_sim.lane_autonomy]: FOLLOWING: v=0.099, w=0.004; Lane=2, used_boundaries=2, perception=YOLO_SEMANTIC_PATH_SIM, supplement={'yolo': 2, 'white_current': 2, 'white_tracked': 0, 'retained_yolo': 0, 'semantic_timeout_s': 10.0, 'unsupported_white': 1}, metric_target={'x_m': 0.35931404370988, 'y_m': 0.002766592397323662, 'width_m': 0.2, 'boundary_count': 2, 'inferred': False}, corner={'mode': 'WHITE_PATH', 'reason': 'connected normal-offset centre'}
[python-3] [INFO] [1791268681.619701270] [lane_sim.lane_autonomy]: FOLLOWING: v=0.060, w=0.004; Lane=2, used_boundaries=1, perception=YOLO_SEMANTIC_PATH_SIM, supplement={'yolo': 2, 'white_current': 2, 'white_tracked': 0, 'retained_yolo': 0, 'semantic_timeout_s': 10.0, 'unsupported_white': 1}, metric_target={'x_m': 0.36016742429557685, 'y_m': 0.00433094685612032, 'width_m': 0.2, 'boundary_count': 1, 'inferred': True}, corner={'mode': 'WHITE_PATH', 'reason': 'connected normal-offset centre'}
[python-3] [INFO] [1791268681.770327868] [lane_sim.lane_autonomy]: FOLLOWING: v=0.100, w=0.004; Lane=2, used_boundaries=2, perception=YOLO_SEMANTIC_PATH_SIM, supplement={'yolo': 2, 'white_current': 2, 'white_tracked': 0, 'retained_yolo': 0, 'semantic_timeout_s': 10.0, 'unsupported_white': 2}, metric_target={'x_m': 0.3474073967476175, 'y_m': 0.0022001340313456824, 'width_m': 0.2, 'boundary_count': 2, 'inferred': False}, corner={'mode': 'WHITE_PATH', 'reason': 'connected normal-offset centre'}
[python-3] [INFO] [1791268681.969880799] [lane_sim.lane_autonomy]: FOLLOWING: v=0.099, w=0.005; Lane=2, used_boundaries=2, perception=YOLO_SEMANTIC_PATH_SIM, supplement={'yolo': 2, 'white_current': 2, 'white_tracked': 0, 'retained_yolo': 0, 'semantic_timeout_s': 10.0, 'unsupported_white': 2}, metric_target={'x_m': 0.33792903782581873, 'y_m': 0.0031509295615858024, 'width_m': 0.2, 'boundary_count': 2, 'inferred': False}, corner={'mode': 'WHITE_PATH', 'reason': 'connected normal-offset centre'}
[python-3] [INFO] [1791268682.120942194] [lane_sim.lane_autonomy]: FOLLOWING: v=0.099, w=0.007; Lane=2, used_boundaries=2, perception=YOLO_SEMANTIC_PATH_SIM, supplement={'yolo': 2, 'white_current': 2, 'white_tracked': 0, 'retained_yolo': 0, 'semantic_timeout_s': 10.0, 'unsupported_white': 2}, metric_target={'x_m': 0.3267462700968058, 'y_m': 0.0038815615794179914, 'width_m': 0.2, 'boundary_count': 2, 'inferred': False}, corner={'mode': 'WHITE_PATH', 'reason': 'connected normal-offset centre'}
[python-3] [INFO] [1791268682.320321411] [lane_sim.lane_autonomy]: FOLLOWING: v=0.060, w=0.006; Lane=2, used_boundaries=1, perception=YOLO_SEMANTIC_PATH_SIM, supplement={'yolo': 2, 'white_current': 2, 'white_tracked': 0, 'retained_yolo': 0, 'semantic_timeout_s': 10.0, 'unsupported_white': 1}, metric_target={'x_m': 0.3197603297093058, 'y_m': 0.0048164629578883456, 'width_m': 0.2, 'boundary_count': 1, 'inferred': True}, corner={'mode': 'WHITE_PATH', 'reason': 'connected normal-offset centre'}
[python-3] [INFO] [1791268682.470727757] [lane_sim.lane_autonomy]: FOLLOWING: v=0.099, w=0.008; Lane=2, used_boundaries=2, perception=YOLO_SEMANTIC_PATH_SIM, supplement={'yolo': 2, 'white_current': 2, 'white_tracked': 0, 'retained_yolo': 0, 'semantic_timeout_s': 10.0, 'unsupported_white': 1}, metric_target={'x_m': 0.29765597768976193, 'y_m': 0.0034308939770625463, 'width_m': 0.2, 'boundary_count': 2, 'inferred': False}, corner={'mode': 'WHITE_PATH', 'reason': 'connected normal-offset centre'}
[python-3] [INFO] [1791268682.671080572] [lane_sim.lane_autonomy]: FOLLOWING: v=0.060, w=0.003; Lane=2, used_boundaries=1, perception=YOLO_SEMANTIC_PATH_SIM, supplement={'yolo': 2, 'white_current': 2, 'white_tracked': 0, 'retained_yolo': 0, 'semantic_timeout_s': 10.0, 'unsupported_white': 2}, metric_target={'x_m': 0.29004745370541934, 'y_m': 0.002318019293550036, 'width_m': 0.2, 'boundary_count': 1, 'inferred': True}, corner={'mode': 'WHITE_PATH', 'reason': 'connected normal-offset centre'}
[python-3] [INFO] [1791268682.820598320] [lane_sim.lane_autonomy]: FOLLOWING: v=0.099, w=0.009; Lane=2, used_boundaries=2, perception=YOLO_SEMANTIC_PATH_SIM, supplement={'yolo': 2, 'white_current': 2, 'white_tracked': 0, 'retained_yolo': 0, 'semantic_timeout_s': 10.0, 'unsupported_white': 1}, metric_target={'x_m': 0.2755916450380858, 'y_m': 0.0034089473016695737, 'width_m': 0.2, 'boundary_count': 2, 'inferred': False}, corner={'mode': 'WHITE_PATH', 'reason': 'connected normal-offset centre'}
[python-3] [INFO] [1791268683.020371003] [lane_sim.lane_autonomy]: FOLLOWING: v=0.099, w=0.005; Lane=2, used_boundaries=2, perception=YOLO_SEMANTIC_PATH_SIM, supplement={'yolo': 2, 'white_current': 2, 'white_tracked': 0, 'retained_yolo': 0, 'semantic_timeout_s': 10.0, 'unsupported_white': 2}, metric_target={'x_m': 0.2655207932201451, 'y_m': 0.0018697246634121895, 'width_m': 0.2, 'boundary_count': 2, 'inferred': False}, corner={'mode': 'WHITE_PATH', 'reason': 'connected normal-offset centre'}
[python-3] [INFO] [1791268683.170453970] [lane_sim.lane_autonomy]: FOLLOWING: v=0.100, w=-0.000; Lane=2, used_boundaries=2, perception=YOLO_SEMANTIC_PATH_SIM, supplement={'yolo': 2, 'white_current': 2, 'white_tracked': 0, 'retained_yolo': 0, 'semantic_timeout_s': 10.0, 'unsupported_white': 3}, metric_target={'x_m': 0.3624636471271515, 'y_m': -2.8241649131342892e-05, 'width_m': 0.2, 'boundary_count': 2, 'inferred': False}, corner={'mode': 'WHITE_PATH', 'reason': 'connected normal-offset centre'}
[python-3] [INFO] [1791268683.320089292] [lane_sim.lane_autonomy]: FOLLOWING: v=0.095, w=0.035; Lane=2, used_boundaries=2, perception=YOLO_SEMANTIC_PATH_SIM, supplement={'yolo': 2, 'white_current': 2, 'white_tracked': 0, 'retained_yolo': 0, 'semantic_timeout_s': 10.0, 'unsupported_white': 3}, metric_target={'x_m': 0.34244182109832766, 'y_m': 0.021339876072213517, 'width_m': 0.2, 'boundary_count': 2, 'inferred': False}, corner={'mode': 'WHITE_PATH', 'reason': 'connected normal-offset centre'}
[python-3] [INFO] [1791268683.570506827] [lane_sim.lane_autonomy]: FOLLOWING: v=0.091, w=0.069; Lane=2, used_boundaries=2, perception=YOLO_SEMANTIC_PATH_SIM, supplement={'yolo': 1, 'white_current': 1, 'white_tracked': 1, 'retained_yolo': 0, 'semantic_timeout_s': 10.0, 'unsupported_white': 1}, metric_target={'x_m': 0.324169659614563, 'y_m': 0.040625064042981156, 'width_m': 0.2, 'boundary_count': 2, 'inferred': False}, corner={'mode': 'WHITE_PATH', 'reason': 'connected normal-offset centre'}
[python-3] [INFO] [1791268683.770465281] [lane_sim.lane_autonomy]: WAITING_FOR_LANE: no usable boundary; Lane=2, used_boundaries=0, perception=YOLO_SEMANTIC_PATH_SIM, supplement={'yolo': 1, 'white_current': 1, 'white_tracked': 1, 'retained_yolo': 0, 'semantic_timeout_s': 10.0, 'unsupported_white': 2}, metric_target=None, corner={'mode': 'WHITE_PATH', 'reason': 'connected normal-offset centre'}
[python-3] [INFO] [1791268683.920610219] [lane_sim.lane_autonomy]: FOLLOWING: v=0.056, w=0.096; Lane=2, used_boundaries=1, perception=YOLO_SEMANTIC_PATH_SIM, supplement={'yolo': 1, 'white_current': 1, 'white_tracked': 1, 'retained_yolo': 0, 'semantic_timeout_s': 10.0, 'unsupported_white': 2}, metric_target={'x_m': 0.29203065633773806, 'y_m': 0.07812779557636124, 'width_m': 0.2, 'boundary_count': 1, 'inferred': True}, corner={'mode': 'WHITE_PATH', 'reason': 'connected normal-offset centre'}
[python-3] [INFO] [1791268684.120216501] [lane_sim.lane_autonomy]: FOLLOWING: v=0.093, w=-0.101; Lane=2, used_boundaries=2, perception=YOLO_SEMANTIC_PATH_SIM, supplement={'yolo': 1, 'white_current': 1, 'white_tracked': 1, 'retained_yolo': 0, 'semantic_timeout_s': 10.0, 'unsupported_white': 4}, metric_target={'x_m': 0.16419609161064894, 'y_m': -0.01464645526549313, 'width_m': 0.2, 'boundary_count': 2, 'inferred': False}, corner={'mode': 'WHITE_PATH', 'reason': 'connected normal-offset centre'}
[python-3] [INFO] [1791268684.320833047] [lane_sim.lane_autonomy]: FOLLOWING: v=0.050, w=0.126; Lane=2, used_boundaries=1, perception=YOLO_SEMANTIC_PATH_SIM, supplement={'yolo': 1, 'white_current': 1, 'white_tracked': 1, 'retained_yolo': 0, 'semantic_timeout_s': 10.0, 'unsupported_white': 2}, metric_target={'x_m': 0.2778234422206879, 'y_m': 0.11198210697778352, 'width_m': 0.2, 'boundary_count': 1, 'inferred': True}, corner={'mode': 'WHITE_PATH', 'reason': 'connected normal-offset centre'}
[python-3] [INFO] [1791268684.469943528] [lane_sim.lane_autonomy]: FOLLOWING: v=0.049, w=0.135; Lane=1, used_boundaries=1, perception=YOLO_SEMANTIC_PATH_SIM, supplement={'yolo': 1, 'white_current': 1, 'white_tracked': 0, 'retained_yolo': 0, 'semantic_timeout_s': 10.0, 'unsupported_white': 3}, metric_target={'x_m': 0.26467307806015017, 'y_m': 0.11425201330456604, 'width_m': 0.2, 'boundary_count': 1, 'inferred': True}, corner={'mode': 'WHITE_PATH', 'reason': 'connected normal-offset centre'}
[python-3] [INFO] [1791268684.670652965] [lane_sim.lane_autonomy]: FOLLOWING: v=0.047, w=0.141; Lane=1, used_boundaries=1, perception=YOLO_SEMANTIC_PATH_SIM, supplement={'yolo': 1, 'white_current': 1, 'white_tracked': 0, 'retained_yolo': 0, 'semantic_timeout_s': 10.0, 'unsupported_white': 3}, metric_target={'x_m': 0.2622245222550842, 'y_m': 0.12659236375293317, 'width_m': 0.2, 'boundary_count': 1, 'inferred': True}, corner={'mode': 'WHITE_PATH', 'reason': 'connected normal-offset centre'}
[python-3] [INFO] [1791268684.920348066] [lane_sim.lane_autonomy]: FOLLOWING: v=0.043, w=0.151; Lane=1, used_boundaries=1, perception=YOLO_SEMANTIC_PATH_SIM, supplement={'yolo': 1, 'white_current': 1, 'white_tracked': 0, 'retained_yolo': 0, 'semantic_timeout_s': 10.0, 'unsupported_white': 2}, metric_target={'x_m': 0.2515593435102839, 'y_m': 0.15015255663615065, 'width_m': 0.2, 'boundary_count': 1, 'inferred': True}, corner={'mode': 'WHITE_PATH', 'reason': 'connected normal-offset centre'}
[python-3] [INFO] [1791268685.070375599] [lane_sim.lane_autonomy]: FOLLOWING: v=0.044, w=0.152; Lane=1, used_boundaries=1, perception=YOLO_SEMANTIC_PATH_SIM, supplement={'yolo': 1, 'white_current': 1, 'white_tracked': 0, 'retained_yolo': 0, 'semantic_timeout_s': 10.0, 'unsupported_white': 4}, metric_target={'x_m': 0.24966878605576442, 'y_m': 0.14383057881795658, 'width_m': 0.2, 'boundary_count': 1, 'inferred': True}, corner={'mode': 'WHITE_PATH', 'reason': 'connected normal-offset centre'}
[python-3] [INFO] [1791268685.220148736] [lane_sim.lane_autonomy]: FOLLOWING: v=0.044, w=0.152; Lane=1, used_boundaries=1, perception=YOLO_SEMANTIC_PATH_SIM, supplement={'yolo': 0, 'white_current': 0, 'white_tracked': 1, 'retained_yolo': 0, 'semantic_timeout_s': 10.0, 'unsupported_white': 5}, metric_target={'x_m': 0.24874933699347754, 'y_m': 0.14448661090844045, 'width_m': 0.2, 'boundary_count': 1, 'inferred': True}, corner={'mode': 'WHITE_PATH', 'reason': 'connected normal-offset centre'}
[python-3] [INFO] [1791268685.420151720] [lane_sim.lane_autonomy]: WAITING_FOR_LANE: no usable boundary; Lane=1, used_boundaries=0, perception=YOLO_SEMANTIC_PATH_SIM, supplement={'yolo': 0, 'white_current': 0, 'white_tracked': 1, 'retained_yolo': 0, 'semantic_timeout_s': 10.0, 'unsupported_white': 6}, metric_target=None, corner={'mode': 'WHITE_PATH', 'reason': 'connected normal-offset centre'}
[python-3] [INFO] [1791268695.319818738] [lane_sim.lane_autonomy]: WAITING_FOR_LANE: no usable boundary; Lane=0, used_boundaries=0, perception=YOLO_SEMANTIC_PATH_SIM, supplement={'yolo': 0, 'white_current': 0, 'white_tracked': 0, 'retained_yolo': 0, 'semantic_timeout_s': 10.0, 'unsupported_white': 6}, metric_target=None, corner={'mode': 'WHITE_PATH', 'reason': 'connected normal-offset centre'}
[python-3] [INFO] [1791268797.569169405] [lane_sim.lane_autonomy]: DISABLED
[WARNING] [launch]: user interrupted with ctrl-c (SIGINT)
[INFO] [python-3]: sending signal 'SIGINT' to process[python-3]
[INFO] [parameter_bridge-2]: sending signal 'SIGINT' to process[parameter_bridge-2]
[INFO] [gz-1]: sending signal 'SIGINT' to process[gz-1]
[parameter_bridge-2] [INFO] [1791268803.714654081] [rclcpp]: signal_handler(SIGINT/SIGTERM)
[parameter_bridge-2] corrupted double-linked list
[python-3] Traceback (most recent call last):
[python-3]   File "/tmp/pinky-hybrid-build-20261006/pinky_move/pinky_move/lane_autonomy.py", line 2255, in main
[python-3]     rclpy.spin(node)
[python-3]   File "/opt/ros/jazzy/lib/python3.12/site-packages/rclpy/__init__.py", line 247, in spin
[python-3]     executor.spin_once()
[python-3]   File "/opt/ros/jazzy/lib/python3.12/site-packages/rclpy/executors.py", line 926, in spin_once
[python-3]     self._spin_once_impl(timeout_sec)
[python-3]   File "/opt/ros/jazzy/lib/python3.12/site-packages/rclpy/executors.py", line 918, in _spin_once_impl
[python-3]     raise handler.exception()
[python-3]   File "/opt/ros/jazzy/lib/python3.12/site-packages/rclpy/task.py", line 286, in _execute_coroutine_step
[python-3]     result = coro.send(None)
[python-3]              ^^^^^^^^^^^^^^^
[python-3]   File "/opt/ros/jazzy/lib/python3.12/site-packages/rclpy/executors.py", line 584, in handler
[python-3]     call_coroutine = take_from_wait_list(entity)
[python-3]                      ^^^^^^^^^^^^^^^^^^^^^^^^^^^
[python-3]   File "/opt/ros/jazzy/lib/python3.12/site-packages/rclpy/executors.py", line 470, in _take_subscription
[python-3]     msg_info = sub.handle.take_message(sub.msg_type, sub.raw)
[python-3]                ^^^^^^^^^^^^^^^^^^^^^^^^^^^^^^^^^^^^^^^^^^^^^^
[python-3] RuntimeError: Unable to convert call argument '0' to Python object (#define PYBIND11_DETAILED_ERROR_MESSAGES or compile in debug mode for details)
[python-3] 
[python-3] During handling of the above exception, another exception occurred:
[python-3] 
[python-3] Traceback (most recent call last):
[python-3]   File "/tmp/pinky-hybrid-install-20261006/pinky_move/lib/pinky_move/lane_autonomy", line 33, in <module>
[python-3]     sys.exit(load_entry_point('pinky-move', 'console_scripts', 'lane_autonomy')())
[python-3]              ^^^^^^^^^^^^^^^^^^^^^^^^^^^^^^^^^^^^^^^^^^^^^^^^^^^^^^^^^^^^^^^^^^^^
[python-3]   File "/tmp/pinky-hybrid-build-20261006/pinky_move/pinky_move/lane_autonomy.py", line 2260, in main
[python-3]     node.destroy_node()
[python-3]   File "/tmp/pinky-hybrid-build-20261006/pinky_move/pinky_move/lane_autonomy.py", line 2240, in destroy_node
[python-3]     debug_transport.close()
[python-3]   File "/tmp/pinky-hybrid-build-20261006/pinky_move/pinky_move/debug_worker.py", line 87, in close
[python-3]     self.process.join(timeout=.3)
[python-3]   File "/usr/lib/python3.12/multiprocessing/process.py", line 149, in join
[python-3]     res = self._popen.wait(timeout)
[python-3]           ^^^^^^^^^^^^^^^^^^^^^^^^^
[python-3]   File "/usr/lib/python3.12/multiprocessing/popen_fork.py", line 40, in wait
[python-3]     if not wait([self.sentinel], timeout):
[python-3]            ^^^^^^^^^^^^^^^^^^^^^^^^^^^^^^
[python-3]   File "/usr/lib/python3.12/multiprocessing/connection.py", line 1136, in wait
[python-3]     ready = selector.select(timeout)
[python-3]             ^^^^^^^^^^^^^^^^^^^^^^^^
[python-3]   File "/usr/lib/python3.12/selectors.py", line 415, in select
[python-3]     fd_event_list = self._selector.poll(timeout)
[python-3]                     ^^^^^^^^^^^^^^^^^^^^^^^^^^^^
[python-3] KeyboardInterrupt
[INFO] [gz-1]: process has finished cleanly [pid 227017]
[ERROR] [parameter_bridge-2]: process has died [pid 227018, exit code -6, cmd '/opt/ros/jazzy/lib/ros_gz_bridge/parameter_bridge /lane_sim/camera/image_raw@sensor_msgs/msg/Image[gz.msgs.Image /lane_sim/camera/camera_info@sensor_msgs/msg/CameraInfo[gz.msgs.CameraInfo /lane_sim/odom@nav_msgs/msg/Odometry[gz.msgs.Odometry /lane_sim/ground_truth@nav_msgs/msg/Odometry[gz.msgs.Odometry /lane_sim/cmd_vel@geometry_msgs/msg/Twist]gz.msgs.Twist /clock@rosgraph_msgs/msg/Clock[gz.msgs.Clock --ros-args -r __node:=lane_sim_bridge --params-file /tmp/launch_params_hntsml0r'].
[ERROR] [python-3]: process has died [pid 227019, exit code -2, cmd '/home/tory/venv/omx/bin/python /tmp/pinky-hybrid-install-20261006/pinky_move/lib/pinky_move/lane_autonomy --ros-args -r __node:=lane_autonomy -r __ns:=/lane_sim --params-file /tmp/pinky-hybrid-install-20261006/pinky_move/share/pinky_move/config/lane_autonomy.yaml --params-file /tmp/launch_params_gg9q8kp8'].
