{
  "course": "left90",
  "physics_trial": true,
  "controller_enabled": true,
  "yolo_enabled": false,
  "perception": "OpenCV white pixels",
  "lane_count": 1,
  "stripe_count": 2,
  "error": null,
  "raw_frames": 357,
  "debug_frames": 46,
  "camera_intrinsics": [
    [
      566.0,
      0.0,
      320.0
    ],
    [
      0.0,
      566.0,
      240.0
    ],
    [
      0.0,
      0.0,
      1.0
    ]
  ],
  "nonzero_commands": 469,
  "status_counts": {
    "DISABLED": 3,
    "WAITING_FOR_LANE": 1,
    "FOLLOWING": 56
  },
  "travelled_m": 1.838340645409581,
  "net_displacement_m": 1.3739628587290853,
  "max_cross_track_m": 0.04705526157933314,
  "final_progress_m": 1.901720821590433,
  "final_pose": {
    "t": 26.75215747700713,
    "x": 0.7492083063360694,
    "y": 1.1517208215893102,
    "z": -8.463683739522528e-09,
    "yaw": 1.5578831421460873,
    "stamp": 23.562,
    "frame": "world",
    "child": "base_link"
  },
  "reached_finish": true,
  "lane_departure": false,
  "passed": true,
  "video_exports": [
    {
      "path": "pinky_move/reports/gazebo_physics_20261005/opencv_final_suite_v2/left90_opencv_lane0_r1/raw_frames.mp4",
      "changed": true,
      "original": "pinky_move/reports/gazebo_physics_20261005/opencv_final_suite_v2/left90_opencv_lane0_r1/original_mp4v/raw_frames.mp4",
      "before": {
        "codec_name": "mpeg4",
        "width": 640,
        "height": 480,
        "pix_fmt": "yuv420p",
        "nb_frames": "357",
        "duration": 23.8
      },
      "after": {
        "codec_name": "h264",
        "width": 640,
        "height": 480,
        "pix_fmt": "yuv420p",
        "nb_frames": "357",
        "duration": 23.8
      },
      "full_decode_ok": true
    },
    {
      "path": "pinky_move/reports/gazebo_physics_20261005/opencv_final_suite_v2/left90_opencv_lane0_r1/debug_frames.mp4",
      "changed": true,
      "original": "pinky_move/reports/gazebo_physics_20261005/opencv_final_suite_v2/left90_opencv_lane0_r1/original_mp4v/debug_frames.mp4",
      "before": {
        "codec_name": "mpeg4",
        "width": 640,
        "height": 480,
        "pix_fmt": "yuv420p",
        "nb_frames": "46",
        "duration": 3.066667
      },
      "after": {
        "codec_name": "h264",
        "width": 640,
        "height": 480,
        "pix_fmt": "yuv420p",
        "nb_frames": "46",
        "duration": 3.066667
      },
      "full_decode_ok": true
    }
  ]
}
