[INFO] [launch]: All log files can be found below /home/tory/.ros/log/2026-10-05-18-55-02-094875-tory-15Z95N-GP7QL-211491
[INFO] [launch]: Default logging verbosity is set to INFO
[INFO] [gz-1]: process started with pid [211506]
[INFO] [parameter_bridge-2]: process started with pid [211507]
[INFO] [python-3]: process started with pid [211508]
[parameter_bridge-2] [INFO] [1791194102.733107222] [lane_sim_bridge]: Creating GZ->ROS Bridge: [/lane_sim/camera/image_raw (gz.msgs.Image) -> /lane_sim/camera/image_raw (sensor_msgs/msg/Image)] (Lazy 0)
[parameter_bridge-2] [INFO] [1791194102.734635269] [lane_sim_bridge]: Creating GZ->ROS Bridge: [/lane_sim/camera/camera_info (gz.msgs.CameraInfo) -> /lane_sim/camera/camera_info (sensor_msgs/msg/CameraInfo)] (Lazy 0)
[parameter_bridge-2] [INFO] [1791194102.734900069] [lane_sim_bridge]: Creating GZ->ROS Bridge: [/lane_sim/odom (gz.msgs.Odometry) -> /lane_sim/odom (nav_msgs/msg/Odometry)] (Lazy 0)
[parameter_bridge-2] [INFO] [1791194102.735609281] [lane_sim_bridge]: Creating GZ->ROS Bridge: [/lane_sim/ground_truth (gz.msgs.Odometry) -> /lane_sim/ground_truth (nav_msgs/msg/Odometry)] (Lazy 0)
[parameter_bridge-2] [INFO] [1791194102.735822611] [lane_sim_bridge]: Creating ROS->GZ Bridge: [/lane_sim/cmd_vel (geometry_msgs/msg/Twist) -> /lane_sim/cmd_vel (gz.msgs.Twist)] (Lazy 0)
[parameter_bridge-2] [INFO] [1791194102.736263764] [lane_sim_bridge]: Creating GZ->ROS Bridge: [/clock (gz.msgs.Clock) -> /clock (rosgraph_msgs/msg/Clock)] (Lazy 0)
[gz-1] [1;33mWarning [Utils.cc:132][0m [/sdf/world[@name="lane_course"]/model[@name="pinky_lane"]/link[@name="base_footprint"]/sensor[@name="camera"]/gz_frame_id:/tmp/pinky-opencv-suite-poh9a8fi/lane_course.sdf:L134]: XML Element[gz_frame_id], child of element[sensor], not defined in SDF. Copying[gz_frame_id] as children of [sensor].
[python-3] [WARN] [1791194103.364919663] [lane_sim.lane_autonomy]: URDF projection uses nominal mounting; physical accuracy remains unverified.
[python-3] [INFO] [1791194103.372434026] [lane_sim.lane_autonomy]: Lane autonomy ready and disabled. perception=OpenCV white pixels (simulation only), model=not loaded, image=/lane_sim/camera/image_raw, output=/lane_sim/cmd_vel
[python-3] [INFO] [1791194103.372898280] [lane_sim.lane_autonomy]: Enable after placing the robot safely: ros2 service call /lane_autonomy/enable std_srvs/srv/SetBool "{data: true}"
[parameter_bridge-2] [INFO] [1791194103.422950699] [lane_sim_bridge]: Passing message from ROS geometry_msgs/msg/Twist to Gazebo gz.msgs.Twist (showing msg only once per type)
[python-3] [INFO] [1791194103.423621720] [lane_sim.lane_autonomy]: DISABLED
[gz-1] [1;33m[Wrn] [OBJLoader.cc:202] [0m[1;33mMissing material for shape[[0m[1;33m] [0m[1;33min OBJ file[[0m[1;33m/tmp/pinky-opencv-suite-poh9a8fi/right_stripe_0.obj[0m[1;33m][0m[1;33m[0m
[gz-1] [1;33m[Wrn] [OBJLoader.cc:202] [0m[1;33mMissing material for shape[[0m[1;33m] [0m[1;33min OBJ file[[0m[1;33m/tmp/pinky-opencv-suite-poh9a8fi/left_stripe_0.obj[0m[1;33m][0m[1;33m[0m
[gz-1] [1;33m[Wrn] [Ogre2Camera.cc:423] [0m[1;33mOgre2Camera::SetVisibilityMask: Mask bits [0m[1;33mc0000000[0m[1;33m are set but will be ignored as they conflict with the [0m[1;33mreserved bits used internally by the ogre2 backend.[0m[1;33m[0m
[python-3] [WARN] [1791194105.757721802] [lane_sim.lane_autonomy]: Lidar obstacle stopping DISABLED; camera/line loss and command watchdog remain active.
[python-3] [INFO] [1791194105.773417871] [lane_sim.lane_autonomy]: WAITING_FOR_LANE: no usable boundary; Lane=0, used_boundaries=0, perception=YOLO, metric_target=None, corner={'mode': 'NORMAL', 'reason': 'no corner observation'}
[python-3] [INFO] [1791194106.237696752] [lane_sim.lane_autonomy]: FOLLOWING: v=0.100, w=0.003; Lane=2, used_boundaries=2, perception=OPENCV_WHITE_SIM, metric_target={'x_m': 0.36970938337589726, 'y_m': 0.002114548016320276, 'width_m': 0.2, 'boundary_count': 2, 'inferred': False}, corner={'mode': 'WHITE_PATH', 'reason': 'connected normal-offset centre'}
[python-3] [INFO] [1791194106.475803286] [lane_sim.lane_autonomy]: FOLLOWING: v=0.100, w=0.000; Lane=2, used_boundaries=2, perception=OPENCV_WHITE_SIM, metric_target={'x_m': 0.3599497753485204, 'y_m': 2.1396709767271225e-05, 'width_m': 0.2, 'boundary_count': 2, 'inferred': False}, corner={'mode': 'WHITE_PATH', 'reason': 'connected normal-offset centre'}
[python-3] [INFO] [1791194107.034398563] [lane_sim.lane_autonomy]: FOLLOWING: v=0.100, w=0.001; Lane=2, used_boundaries=2, perception=OPENCV_WHITE_SIM, metric_target={'x_m': 0.3605005524792164, 'y_m': 0.0009640122945510003, 'width_m': 0.2, 'boundary_count': 2, 'inferred': False}, corner={'mode': 'WHITE_PATH', 'reason': 'connected normal-offset centre'}
[python-3] [INFO] [1791194107.677819987] [lane_sim.lane_autonomy]: FOLLOWING: v=0.100, w=0.003; Lane=2, used_boundaries=2, perception=OPENCV_WHITE_SIM, metric_target={'x_m': 0.3610757782317345, 'y_m': 0.001962045892248854, 'width_m': 0.2, 'boundary_count': 2, 'inferred': False}, corner={'mode': 'WHITE_PATH', 'reason': 'connected normal-offset centre'}
[python-3] [INFO] [1791194108.183343476] [lane_sim.lane_autonomy]: FOLLOWING: v=0.100, w=0.004; Lane=2, used_boundaries=2, perception=OPENCV_WHITE_SIM, metric_target={'x_m': 0.361301652223783, 'y_m': 0.0023578317189361787, 'width_m': 0.2, 'boundary_count': 2, 'inferred': False}, corner={'mode': 'WHITE_PATH', 'reason': 'connected normal-offset centre'}
[python-3] [INFO] [1791194109.177635330] [lane_sim.lane_autonomy]: FOLLOWING: v=0.099, w=-0.004; Lane=2, used_boundaries=2, perception=OPENCV_WHITE_SIM, metric_target={'x_m': 0.35900681289714564, 'y_m': -0.002775109475422086, 'width_m': 0.2, 'boundary_count': 2, 'inferred': False}, corner={'mode': 'WHITE_PATH', 'reason': 'connected normal-offset centre'}
[python-3] [INFO] [1791194109.584724169] [lane_sim.lane_autonomy]: FOLLOWING: v=0.099, w=0.007; Lane=2, used_boundaries=2, perception=OPENCV_WHITE_SIM, metric_target={'x_m': 0.36016742429557685, 'y_m': 0.00433094685612032, 'width_m': 0.2, 'boundary_count': 2, 'inferred': False}, corner={'mode': 'WHITE_PATH', 'reason': 'connected normal-offset centre'}
[python-3] [INFO] [1791194109.976569766] [lane_sim.lane_autonomy]: FOLLOWING: v=0.099, w=0.009; Lane=2, used_boundaries=2, perception=OPENCV_WHITE_SIM, metric_target={'x_m': 0.3386225326866476, 'y_m': 0.005348230452874039, 'width_m': 0.2, 'boundary_count': 2, 'inferred': False}, corner={'mode': 'WHITE_PATH', 'reason': 'connected normal-offset centre'}
[python-3] [INFO] [1791194110.427688291] [lane_sim.lane_autonomy]: FOLLOWING: v=0.099, w=0.012; Lane=2, used_boundaries=2, perception=OPENCV_WHITE_SIM, metric_target={'x_m': 0.29940991405467715, 'y_m': 0.005477575253115444, 'width_m': 0.2, 'boundary_count': 2, 'inferred': False}, corner={'mode': 'WHITE_PATH', 'reason': 'connected normal-offset centre'}
[python-3] [INFO] [1791194110.877347838] [lane_sim.lane_autonomy]: FOLLOWING: v=0.098, w=0.020; Lane=2, used_boundaries=2, perception=OPENCV_WHITE_SIM, metric_target={'x_m': 0.2699341280074732, 'y_m': 0.007373775673423899, 'width_m': 0.2, 'boundary_count': 2, 'inferred': False}, corner={'mode': 'WHITE_PATH', 'reason': 'connected normal-offset centre'}
[python-3] [INFO] [1791194111.675632307] [lane_sim.lane_autonomy]: FOLLOWING: v=0.097, w=-0.040; Lane=2, used_boundaries=2, perception=OPENCV_WHITE_SIM, metric_target={'x_m': 0.21825684255330613, 'y_m': -0.009827523681245065, 'width_m': 0.2, 'boundary_count': 2, 'inferred': False}, corner={'mode': 'WHITE_PATH', 'reason': 'connected normal-offset centre'}
[python-3] [INFO] [1791194112.281249621] [lane_sim.lane_autonomy]: FOLLOWING: v=0.044, w=0.157; Lane=1, used_boundaries=1, perception=OPENCV_WHITE_SIM, metric_target={'x_m': 0.24110376238822936, 'y_m': 0.13518333739055247, 'width_m': 0.2, 'boundary_count': 1, 'inferred': True}, corner={'mode': 'WHITE_PATH', 'reason': 'connected normal-offset centre'}
[python-3] [INFO] [1791194112.575802315] [lane_sim.lane_autonomy]: FOLLOWING: v=0.038, w=0.204; Lane=1, used_boundaries=1, perception=OPENCV_WHITE_SIM, metric_target={'x_m': 0.17933825095720862, 'y_m': 0.1402170892411005, 'width_m': 0.2, 'boundary_count': 1, 'inferred': True}, corner={'mode': 'WHITE_PATH', 'reason': 'connected normal-offset centre'}
[python-3] [INFO] [1791194113.031134378] [lane_sim.lane_autonomy]: FOLLOWING: v=0.037, w=0.217; Lane=1, used_boundaries=1, perception=OPENCV_WHITE_SIM, metric_target={'x_m': 0.16595410639477687, 'y_m': 0.13504013034469095, 'width_m': 0.2, 'boundary_count': 1, 'inferred': True}, corner={'mode': 'WHITE_PATH', 'reason': 'connected normal-offset centre'}
[python-3] [INFO] [1791194113.429179572] [lane_sim.lane_autonomy]: FOLLOWING: v=0.036, w=0.221; Lane=1, used_boundaries=1, perception=OPENCV_WHITE_SIM, metric_target={'x_m': 0.16024598398010292, 'y_m': 0.13797360167443357, 'width_m': 0.2, 'boundary_count': 1, 'inferred': True}, corner={'mode': 'WHITE_PATH', 'reason': 'connected normal-offset centre'}
[python-3] [INFO] [1791194113.875936772] [lane_sim.lane_autonomy]: FOLLOWING: v=0.037, w=0.228; Lane=1, used_boundaries=1, perception=OPENCV_WHITE_SIM, metric_target={'x_m': 0.1579219263681876, 'y_m': 0.12924077370546302, 'width_m': 0.2, 'boundary_count': 1, 'inferred': True}, corner={'mode': 'WHITE_PATH', 'reason': 'connected normal-offset centre'}
[python-3] [INFO] [1791194114.125552682] [lane_sim.lane_autonomy]: FOLLOWING: v=0.039, w=0.238; Lane=1, used_boundaries=1, perception=OPENCV_WHITE_SIM, metric_target={'x_m': 0.1552483452769778, 'y_m': 0.11608099669412199, 'width_m': 0.2, 'boundary_count': 1, 'inferred': True}, corner={'mode': 'WHITE_PATH', 'reason': 'connected normal-offset centre'}
[python-3] [INFO] [1791194114.275887612] [lane_sim.lane_autonomy]: FOLLOWING: v=0.039, w=0.245; Lane=1, used_boundaries=1, perception=OPENCV_WHITE_SIM, metric_target={'x_m': 0.1514780963702748, 'y_m': 0.11211022630090883, 'width_m': 0.2, 'boundary_count': 1, 'inferred': True}, corner={'mode': 'WHITE_PATH', 'reason': 'connected normal-offset centre'}
[python-3] [INFO] [1791194114.475268817] [lane_sim.lane_autonomy]: FOLLOWING: v=0.039, w=0.246; Lane=1, used_boundaries=1, perception=OPENCV_WHITE_SIM, metric_target={'x_m': 0.15101686324334415, 'y_m': 0.11178376279850746, 'width_m': 0.2, 'boundary_count': 1, 'inferred': True}, corner={'mode': 'WHITE_PATH', 'reason': 'connected normal-offset centre'}
[python-3] [INFO] [1791194114.676268419] [lane_sim.lane_autonomy]: FOLLOWING: v=0.039, w=0.248; Lane=1, used_boundaries=1, perception=OPENCV_WHITE_SIM, metric_target={'x_m': 0.1500089247781724, 'y_m': 0.10871488929040865, 'width_m': 0.2, 'boundary_count': 1, 'inferred': True}, corner={'mode': 'WHITE_PATH', 'reason': 'connected normal-offset centre'}
[python-3] [INFO] [1791194114.926183441] [lane_sim.lane_autonomy]: FOLLOWING: v=0.039, w=0.242; Lane=1, used_boundaries=1, perception=OPENCV_WHITE_SIM, metric_target={'x_m': 0.15320158512603788, 'y_m': 0.11425342283375145, 'width_m': 0.2, 'boundary_count': 1, 'inferred': True}, corner={'mode': 'WHITE_PATH', 'reason': 'connected normal-offset centre'}
[python-3] [INFO] [1791194115.127748878] [lane_sim.lane_autonomy]: FOLLOWING: v=0.039, w=0.234; Lane=1, used_boundaries=1, perception=OPENCV_WHITE_SIM, metric_target={'x_m': 0.15839072905483295, 'y_m': 0.11791301637413248, 'width_m': 0.2, 'boundary_count': 1, 'inferred': True}, corner={'mode': 'WHITE_PATH', 'reason': 'connected normal-offset centre'}
[python-3] [INFO] [1791194115.424543594] [lane_sim.lane_autonomy]: FOLLOWING: v=0.039, w=0.226; Lane=1, used_boundaries=1, perception=OPENCV_WHITE_SIM, metric_target={'x_m': 0.1648702282048112, 'y_m': 0.11969246601388558, 'width_m': 0.2, 'boundary_count': 1, 'inferred': True}, corner={'mode': 'WHITE_PATH', 'reason': 'connected normal-offset centre'}
[python-3] [INFO] [1791194115.626077778] [lane_sim.lane_autonomy]: FOLLOWING: v=0.039, w=0.220; Lane=1, used_boundaries=1, perception=OPENCV_WHITE_SIM, metric_target={'x_m': 0.16915989018569172, 'y_m': 0.12265473702200103, 'width_m': 0.2, 'boundary_count': 1, 'inferred': True}, corner={'mode': 'WHITE_PATH', 'reason': 'connected normal-offset centre'}
[python-3] [INFO] [1791194115.925054911] [lane_sim.lane_autonomy]: FOLLOWING: v=0.040, w=0.216; Lane=1, used_boundaries=1, perception=OPENCV_WHITE_SIM, metric_target={'x_m': 0.17353755967933693, 'y_m': 0.12257825054996135, 'width_m': 0.2, 'boundary_count': 1, 'inferred': True}, corner={'mode': 'WHITE_PATH', 'reason': 'connected normal-offset centre'}
[python-3] [INFO] [1791194116.128097489] [lane_sim.lane_autonomy]: FOLLOWING: v=0.041, w=0.206; Lane=1, used_boundaries=1, perception=OPENCV_WHITE_SIM, metric_target={'x_m': 0.18314064031894073, 'y_m': 0.12194275066001367, 'width_m': 0.2, 'boundary_count': 1, 'inferred': True}, corner={'mode': 'WHITE_PATH', 'reason': 'connected normal-offset centre'}
[python-3] [INFO] [1791194116.425262450] [lane_sim.lane_autonomy]: FOLLOWING: v=0.042, w=0.237; Lane=1, used_boundaries=1, perception=OPENCV_WHITE_SIM, metric_target={'x_m': 0.15980320905249204, 'y_m': 0.09901027044999965, 'width_m': 0.2, 'boundary_count': 1, 'inferred': True}, corner={'mode': 'WHITE_PATH', 'reason': 'connected normal-offset centre'}
[python-3] [INFO] [1791194116.675410639] [lane_sim.lane_autonomy]: FOLLOWING: v=0.043, w=0.237; Lane=1, used_boundaries=1, perception=OPENCV_WHITE_SIM, metric_target={'x_m': 0.16015490488638873, 'y_m': 0.09537564903953077, 'width_m': 0.2, 'boundary_count': 1, 'inferred': True}, corner={'mode': 'WHITE_PATH', 'reason': 'connected normal-offset centre'}
[python-3] [INFO] [1791194116.975341869] [lane_sim.lane_autonomy]: FOLLOWING: v=0.044, w=0.235; Lane=1, used_boundaries=1, perception=OPENCV_WHITE_SIM, metric_target={'x_m': 0.16083432662069377, 'y_m': 0.09039241368358698, 'width_m': 0.2, 'boundary_count': 1, 'inferred': True}, corner={'mode': 'WHITE_PATH', 'reason': 'connected normal-offset centre'}
[python-3] [INFO] [1791194117.225540401] [lane_sim.lane_autonomy]: FOLLOWING: v=0.045, w=0.205; Lane=1, used_boundaries=1, perception=OPENCV_WHITE_SIM, metric_target={'x_m': 0.1834536687219266, 'y_m': 0.09812606937807475, 'width_m': 0.2, 'boundary_count': 1, 'inferred': True}, corner={'mode': 'WHITE_PATH', 'reason': 'connected normal-offset centre'}
[python-3] [INFO] [1791194117.525096338] [lane_sim.lane_autonomy]: FOLLOWING: v=0.046, w=0.192; Lane=1, used_boundaries=1, perception=OPENCV_WHITE_SIM, metric_target={'x_m': 0.19382889838160478, 'y_m': 0.09786418344601354, 'width_m': 0.2, 'boundary_count': 1, 'inferred': True}, corner={'mode': 'WHITE_PATH', 'reason': 'connected normal-offset centre'}
[python-3] [INFO] [1791194117.776101882] [lane_sim.lane_autonomy]: FOLLOWING: v=0.048, w=0.179; Lane=1, used_boundaries=1, perception=OPENCV_WHITE_SIM, metric_target={'x_m': 0.20401202584449485, 'y_m': 0.09376182834027774, 'width_m': 0.2, 'boundary_count': 1, 'inferred': True}, corner={'mode': 'WHITE_PATH', 'reason': 'connected normal-offset centre'}
[python-3] [INFO] [1791194118.178280245] [lane_sim.lane_autonomy]: FOLLOWING: v=0.049, w=0.168; Lane=1, used_boundaries=1, perception=OPENCV_WHITE_SIM, metric_target={'x_m': 0.21191076029460731, 'y_m': 0.09001014813214506, 'width_m': 0.2, 'boundary_count': 1, 'inferred': True}, corner={'mode': 'WHITE_PATH', 'reason': 'connected normal-offset centre'}
[python-3] [INFO] [1791194118.576219312] [lane_sim.lane_autonomy]: FOLLOWING: v=0.052, w=0.148; Lane=1, used_boundaries=1, perception=OPENCV_WHITE_SIM, metric_target={'x_m': 0.2287269010192026, 'y_m': 0.08570340471543723, 'width_m': 0.2, 'boundary_count': 1, 'inferred': True}, corner={'mode': 'WHITE_PATH', 'reason': 'connected normal-offset centre'}
[python-3] [INFO] [1791194119.075678356] [lane_sim.lane_autonomy]: FOLLOWING: v=0.054, w=0.142; Lane=1, used_boundaries=1, perception=OPENCV_WHITE_SIM, metric_target={'x_m': 0.22295690128791365, 'y_m': 0.07232795133431676, 'width_m': 0.2, 'boundary_count': 1, 'inferred': True}, corner={'mode': 'WHITE_PATH', 'reason': 'connected normal-offset centre'}
[python-3] [INFO] [1791194119.476696576] [lane_sim.lane_autonomy]: FOLLOWING: v=0.056, w=0.121; Lane=1, used_boundaries=1, perception=OPENCV_WHITE_SIM, metric_target={'x_m': 0.2375197302060234, 'y_m': 0.06518827048271379, 'width_m': 0.2, 'boundary_count': 1, 'inferred': True}, corner={'mode': 'WHITE_PATH', 'reason': 'connected normal-offset centre'}
[python-3] [INFO] [1791194119.826330275] [lane_sim.lane_autonomy]: FOLLOWING: v=0.085, w=0.112; Lane=2, used_boundaries=2, perception=OPENCV_WHITE_SIM, metric_target={'x_m': 0.29059693741477227, 'y_m': 0.057381413373311006, 'width_m': 0.2, 'boundary_count': 2, 'inferred': False}, corner={'mode': 'WHITE_PATH', 'reason': 'connected normal-offset centre'}
[python-3] [INFO] [1791194120.229698006] [lane_sim.lane_autonomy]: FOLLOWING: v=0.088, w=0.094; Lane=2, used_boundaries=2, perception=OPENCV_WHITE_SIM, metric_target={'x_m': 0.29904205783497984, 'y_m': 0.04909787112493411, 'width_m': 0.2, 'boundary_count': 2, 'inferred': False}, corner={'mode': 'WHITE_PATH', 'reason': 'connected normal-offset centre'}
[python-3] [INFO] [1791194120.676864517] [lane_sim.lane_autonomy]: FOLLOWING: v=0.090, w=0.074; Lane=2, used_boundaries=2, perception=OPENCV_WHITE_SIM, metric_target={'x_m': 0.3091195631547585, 'y_m': 0.03963575162123138, 'width_m': 0.2, 'boundary_count': 2, 'inferred': False}, corner={'mode': 'WHITE_PATH', 'reason': 'connected normal-offset centre'}
[python-3] [INFO] [1791194121.076215738] [lane_sim.lane_autonomy]: FOLLOWING: v=0.092, w=0.065; Lane=2, used_boundaries=2, perception=OPENCV_WHITE_SIM, metric_target={'x_m': 0.305497987984434, 'y_m': 0.03314279884459778, 'width_m': 0.2, 'boundary_count': 2, 'inferred': False}, corner={'mode': 'WHITE_PATH', 'reason': 'connected normal-offset centre'}
[python-3] [INFO] [1791194121.580430346] [lane_sim.lane_autonomy]: FOLLOWING: v=0.097, w=0.025; Lane=2, used_boundaries=2, perception=OPENCV_WHITE_SIM, metric_target={'x_m': 0.3406678853775742, 'y_m': 0.015159001490968166, 'width_m': 0.2, 'boundary_count': 2, 'inferred': False}, corner={'mode': 'WHITE_PATH', 'reason': 'connected normal-offset centre'}
[python-3] [INFO] [1791194122.126997413] [lane_sim.lane_autonomy]: FOLLOWING: v=0.100, w=-0.002; Lane=2, used_boundaries=2, perception=OPENCV_WHITE_SIM, metric_target={'x_m': 0.35787705545937076, 'y_m': -0.0014690770840934393, 'width_m': 0.2, 'boundary_count': 2, 'inferred': False}, corner={'mode': 'WHITE_PATH', 'reason': 'connected normal-offset centre'}
[python-3] [INFO] [1791194122.676265226] [lane_sim.lane_autonomy]: FOLLOWING: v=0.099, w=-0.007; Lane=2, used_boundaries=2, perception=OPENCV_WHITE_SIM, metric_target={'x_m': 0.36692742170342235, 'y_m': -0.004737038468477801, 'width_m': 0.2, 'boundary_count': 2, 'inferred': False}, corner={'mode': 'WHITE_PATH', 'reason': 'connected normal-offset centre'}
[python-3] [INFO] [1791194123.226058118] [lane_sim.lane_autonomy]: FOLLOWING: v=0.098, w=-0.014; Lane=2, used_boundaries=2, perception=OPENCV_WHITE_SIM, metric_target={'x_m': 0.3591767990108816, 'y_m': -0.009321682062705363, 'width_m': 0.2, 'boundary_count': 2, 'inferred': False}, corner={'mode': 'WHITE_PATH', 'reason': 'connected normal-offset centre'}
[python-3] [INFO] [1791194123.775083733] [lane_sim.lane_autonomy]: FOLLOWING: v=0.097, w=-0.020; Lane=2, used_boundaries=2, perception=OPENCV_WHITE_SIM, metric_target={'x_m': 0.35273315553452406, 'y_m': -0.012516098575300623, 'width_m': 0.2, 'boundary_count': 2, 'inferred': False}, corner={'mode': 'WHITE_PATH', 'reason': 'connected normal-offset centre'}
[python-3] [INFO] [1791194124.226802072] [lane_sim.lane_autonomy]: FOLLOWING: v=0.097, w=-0.019; Lane=2, used_boundaries=2, perception=OPENCV_WHITE_SIM, metric_target={'x_m': 0.35587222482134356, 'y_m': -0.01221452088529674, 'width_m': 0.2, 'boundary_count': 2, 'inferred': False}, corner={'mode': 'WHITE_PATH', 'reason': 'connected normal-offset centre'}
[python-3] [INFO] [1791194124.627199959] [lane_sim.lane_autonomy]: FOLLOWING: v=0.097, w=-0.020; Lane=2, used_boundaries=2, perception=OPENCV_WHITE_SIM, metric_target={'x_m': 0.35318959824473684, 'y_m': -0.013061139473038037, 'width_m': 0.2, 'boundary_count': 2, 'inferred': False}, corner={'mode': 'WHITE_PATH', 'reason': 'connected normal-offset centre'}
[python-3] [INFO] [1791194125.127797305] [lane_sim.lane_autonomy]: FOLLOWING: v=0.097, w=-0.022; Lane=2, used_boundaries=2, perception=OPENCV_WHITE_SIM, metric_target={'x_m': 0.34557973863946984, 'y_m': -0.013269000806387423, 'width_m': 0.2, 'boundary_count': 2, 'inferred': False}, corner={'mode': 'WHITE_PATH', 'reason': 'connected normal-offset centre'}
[python-3] [INFO] [1791194125.626451861] [lane_sim.lane_autonomy]: FOLLOWING: v=0.097, w=-0.019; Lane=2, used_boundaries=2, perception=OPENCV_WHITE_SIM, metric_target={'x_m': 0.3511625308170989, 'y_m': -0.011845376898146423, 'width_m': 0.2, 'boundary_count': 2, 'inferred': False}, corner={'mode': 'WHITE_PATH', 'reason': 'connected normal-offset centre'}
[python-3] [INFO] [1791194126.126631576] [lane_sim.lane_autonomy]: FOLLOWING: v=0.097, w=-0.019; Lane=2, used_boundaries=2, perception=OPENCV_WHITE_SIM, metric_target={'x_m': 0.3512051582271636, 'y_m': -0.011781320340768146, 'width_m': 0.2, 'boundary_count': 2, 'inferred': False}, corner={'mode': 'WHITE_PATH', 'reason': 'connected normal-offset centre'}
[python-3] [INFO] [1791194126.677187373] [lane_sim.lane_autonomy]: FOLLOWING: v=0.098, w=-0.017; Lane=2, used_boundaries=2, perception=OPENCV_WHITE_SIM, metric_target={'x_m': 0.34804062520713724, 'y_m': -0.010580395216795765, 'width_m': 0.2, 'boundary_count': 2, 'inferred': False}, corner={'mode': 'WHITE_PATH', 'reason': 'connected normal-offset centre'}
[python-3] [INFO] [1791194127.228080704] [lane_sim.lane_autonomy]: FOLLOWING: v=0.098, w=-0.016; Lane=2, used_boundaries=2, perception=OPENCV_WHITE_SIM, metric_target={'x_m': 0.3476884947558842, 'y_m': -0.009995635006707021, 'width_m': 0.2, 'boundary_count': 2, 'inferred': False}, corner={'mode': 'WHITE_PATH', 'reason': 'connected normal-offset centre'}
[python-3] [INFO] [1791194127.926165135] [lane_sim.lane_autonomy]: FOLLOWING: v=0.099, w=-0.009; Lane=2, used_boundaries=2, perception=OPENCV_WHITE_SIM, metric_target={'x_m': 0.3530974125619864, 'y_m': -0.005554697974574084, 'width_m': 0.2, 'boundary_count': 2, 'inferred': False}, corner={'mode': 'WHITE_PATH', 'reason': 'connected normal-offset centre'}
[python-3] [INFO] [1791194128.583730694] [lane_sim.lane_autonomy]: FOLLOWING: v=0.100, w=-0.002; Lane=2, used_boundaries=2, perception=OPENCV_WHITE_SIM, metric_target={'x_m': 0.3568979042917951, 'y_m': -0.0014821132348247412, 'width_m': 0.2, 'boundary_count': 2, 'inferred': False}, corner={'mode': 'WHITE_PATH', 'reason': 'connected normal-offset centre'}
[python-3] [INFO] [1791194129.025548637] [lane_sim.lane_autonomy]: FOLLOWING: v=0.100, w=-0.001; Lane=2, used_boundaries=2, perception=OPENCV_WHITE_SIM, metric_target={'x_m': 0.3594220493821718, 'y_m': -0.0008701887560147227, 'width_m': 0.2, 'boundary_count': 2, 'inferred': False}, corner={'mode': 'WHITE_PATH', 'reason': 'connected normal-offset centre'}
[python-3] [INFO] [1791194129.626002557] [lane_sim.lane_autonomy]: FOLLOWING: v=0.100, w=0.003; Lane=2, used_boundaries=2, perception=OPENCV_WHITE_SIM, metric_target={'x_m': 0.36171824956103443, 'y_m': 0.001984398597276366, 'width_m': 0.2, 'boundary_count': 2, 'inferred': False}, corner={'mode': 'WHITE_PATH', 'reason': 'connected normal-offset centre'}
[python-3] [INFO] [1791194129.674718125] [lane_sim.lane_autonomy]: DISABLED
[WARNING] [launch]: user interrupted with ctrl-c (SIGINT)
[INFO] [python-3]: sending signal 'SIGINT' to process[python-3]
[INFO] [parameter_bridge-2]: sending signal 'SIGINT' to process[parameter_bridge-2]
[INFO] [gz-1]: sending signal 'SIGINT' to process[gz-1]
[parameter_bridge-2] [INFO] [1791194131.696253539] [rclcpp]: signal_handler(SIGINT/SIGTERM)
[INFO] [parameter_bridge-2]: process has finished cleanly [pid 211507]
[python-3] Traceback (most recent call last):
[python-3]   File "/home/tory/pinky_nav_publish_yWXwM0/repo/install/pinky_move/lib/pinky_move/lane_autonomy", line 33, in <module>
[python-3]     sys.exit(load_entry_point('pinky-move', 'console_scripts', 'lane_autonomy')())
[python-3]              ^^^^^^^^^^^^^^^^^^^^^^^^^^^^^^^^^^^^^^^^^^^^^^^^^^^^^^^^^^^^^^^^^^^^
[python-3]   File "/home/tory/pinky_nav_publish_yWXwM0/repo/build/pinky_move/pinky_move/lane_autonomy.py", line 1938, in main
[python-3]     node.destroy_node()
[python-3]   File "/home/tory/pinky_nav_publish_yWXwM0/repo/build/pinky_move/pinky_move/lane_autonomy.py", line 1915, in destroy_node
[python-3]     debug_worker.close()
[python-3]   File "/home/tory/pinky_nav_publish_yWXwM0/repo/build/pinky_move/pinky_move/debug_worker.py", line 146, in close
[python-3]     self.thread.join(timeout=2.)
[python-3]   File "/usr/lib/python3.12/threading.py", line 1151, in join
[python-3]     self._wait_for_tstate_lock(timeout=max(timeout, 0))
[python-3]   File "/usr/lib/python3.12/threading.py", line 1167, in _wait_for_tstate_lock
[python-3]     if lock.acquire(block, timeout):
[python-3]        ^^^^^^^^^^^^^^^^^^^^^^^^^^^^
[python-3] KeyboardInterrupt
[INFO] [gz-1]: process has finished cleanly [pid 211506]
[ERROR] [python-3]: process has died [pid 211508, exit code -2, cmd '/home/tory/venv/omx/bin/python /home/tory/pinky_nav_publish_yWXwM0/repo/install/pinky_move/lib/pinky_move/lane_autonomy --ros-args -r __node:=lane_autonomy -r __ns:=/lane_sim --params-file /home/tory/pinky_nav_publish_yWXwM0/repo/install/pinky_move/share/pinky_move/config/lane_autonomy.yaml --params-file /tmp/launch_params_byijmx6j'].
