[INFO] [launch]: All log files can be found below /home/tory/.ros/log/2026-10-05-18-55-37-339778-tory-15Z95N-GP7QL-211857
[INFO] [launch]: Default logging verbosity is set to INFO
[INFO] [gz-1]: process started with pid [211866]
[INFO] [parameter_bridge-2]: process started with pid [211867]
[INFO] [python-3]: process started with pid [211868]
[parameter_bridge-2] [INFO] [1791194137.958078789] [lane_sim_bridge]: Creating GZ->ROS Bridge: [/lane_sim/camera/image_raw (gz.msgs.Image) -> /lane_sim/camera/image_raw (sensor_msgs/msg/Image)] (Lazy 0)
[parameter_bridge-2] [INFO] [1791194137.959797411] [lane_sim_bridge]: Creating GZ->ROS Bridge: [/lane_sim/camera/camera_info (gz.msgs.CameraInfo) -> /lane_sim/camera/camera_info (sensor_msgs/msg/CameraInfo)] (Lazy 0)
[parameter_bridge-2] [INFO] [1791194137.960103530] [lane_sim_bridge]: Creating GZ->ROS Bridge: [/lane_sim/odom (gz.msgs.Odometry) -> /lane_sim/odom (nav_msgs/msg/Odometry)] (Lazy 0)
[parameter_bridge-2] [INFO] [1791194137.960913645] [lane_sim_bridge]: Creating GZ->ROS Bridge: [/lane_sim/ground_truth (gz.msgs.Odometry) -> /lane_sim/ground_truth (nav_msgs/msg/Odometry)] (Lazy 0)
[parameter_bridge-2] [INFO] [1791194137.961144520] [lane_sim_bridge]: Creating ROS->GZ Bridge: [/lane_sim/cmd_vel (geometry_msgs/msg/Twist) -> /lane_sim/cmd_vel (gz.msgs.Twist)] (Lazy 0)
[parameter_bridge-2] [INFO] [1791194137.961646925] [lane_sim_bridge]: Creating GZ->ROS Bridge: [/clock (gz.msgs.Clock) -> /clock (rosgraph_msgs/msg/Clock)] (Lazy 0)
[gz-1] [1;33mWarning [Utils.cc:132][0m [/sdf/world[@name="lane_course"]/model[@name="pinky_lane"]/link[@name="base_footprint"]/sensor[@name="camera"]/gz_frame_id:/tmp/pinky-opencv-suite-0bmx920g/lane_course.sdf:L134]: XML Element[gz_frame_id], child of element[sensor], not defined in SDF. Copying[gz_frame_id] as children of [sensor].
[python-3] [WARN] [1791194138.543868319] [lane_sim.lane_autonomy]: URDF projection uses nominal mounting; physical accuracy remains unverified.
[python-3] [INFO] [1791194138.551520532] [lane_sim.lane_autonomy]: Lane autonomy ready and disabled. perception=OpenCV white pixels (simulation only), model=not loaded, image=/lane_sim/camera/image_raw, output=/lane_sim/cmd_vel
[python-3] [INFO] [1791194138.551997604] [lane_sim.lane_autonomy]: Enable after placing the robot safely: ros2 service call /lane_autonomy/enable std_srvs/srv/SetBool "{data: true}"
[parameter_bridge-2] [INFO] [1791194138.602221663] [lane_sim_bridge]: Passing message from ROS geometry_msgs/msg/Twist to Gazebo gz.msgs.Twist (showing msg only once per type)
[python-3] [INFO] [1791194138.602738475] [lane_sim.lane_autonomy]: DISABLED
[gz-1] [1;33m[Wrn] [OBJLoader.cc:202] [0m[1;33mMissing material for shape[[0m[1;33m] [0m[1;33min OBJ file[[0m[1;33m/tmp/pinky-opencv-suite-0bmx920g/right_stripe_0.obj[0m[1;33m][0m[1;33m[0m
[gz-1] [1;33m[Wrn] [OBJLoader.cc:202] [0m[1;33mMissing material for shape[[0m[1;33m] [0m[1;33min OBJ file[[0m[1;33m/tmp/pinky-opencv-suite-0bmx920g/left_stripe_0.obj[0m[1;33m][0m[1;33m[0m
[gz-1] [1;33m[Wrn] [Ogre2Camera.cc:423] [0m[1;33mOgre2Camera::SetVisibilityMask: Mask bits [0m[1;33mc0000000[0m[1;33m are set but will be ignored as they conflict with the [0m[1;33mreserved bits used internally by the ogre2 backend.[0m[1;33m[0m
[python-3] [WARN] [1791194140.929045188] [lane_sim.lane_autonomy]: Lidar obstacle stopping DISABLED; camera/line loss and command watchdog remain active.
[python-3] [INFO] [1791194140.961979294] [lane_sim.lane_autonomy]: WAITING_FOR_LANE: no usable boundary; Lane=0, used_boundaries=0, perception=YOLO, metric_target=None, corner={'mode': 'NORMAL', 'reason': 'no corner observation'}
[python-3] [INFO] [1791194141.669729974] [lane_sim.lane_autonomy]: FOLLOWING: v=0.100, w=0.000; Lane=2, used_boundaries=2, perception=OPENCV_WHITE_SIM, metric_target={'x_m': 0.3599497753485204, 'y_m': 2.1396709767271225e-05, 'width_m': 0.2, 'boundary_count': 2, 'inferred': False}, corner={'mode': 'WHITE_PATH', 'reason': 'connected normal-offset centre'}
[python-3] [INFO] [1791194142.204865355] [lane_sim.lane_autonomy]: FOLLOWING: v=0.100, w=0.001; Lane=2, used_boundaries=2, perception=OPENCV_WHITE_SIM, metric_target={'x_m': 0.3605005524792164, 'y_m': 0.0009640122945510003, 'width_m': 0.2, 'boundary_count': 2, 'inferred': False}, corner={'mode': 'WHITE_PATH', 'reason': 'connected normal-offset centre'}
[python-3] [INFO] [1791194142.757868204] [lane_sim.lane_autonomy]: FOLLOWING: v=0.100, w=-0.001; Lane=2, used_boundaries=2, perception=OPENCV_WHITE_SIM, metric_target={'x_m': 0.3595456792546134, 'y_m': -0.00066231719306638, 'width_m': 0.2, 'boundary_count': 2, 'inferred': False}, corner={'mode': 'WHITE_PATH', 'reason': 'connected normal-offset centre'}
[python-3] [INFO] [1791194143.206548874] [lane_sim.lane_autonomy]: FOLLOWING: v=0.099, w=0.005; Lane=2, used_boundaries=2, perception=OPENCV_WHITE_SIM, metric_target={'x_m': 0.36167694460783717, 'y_m': 0.0030203898708870713, 'width_m': 0.2, 'boundary_count': 2, 'inferred': False}, corner={'mode': 'WHITE_PATH', 'reason': 'connected normal-offset centre'}
[python-3] [INFO] [1791194143.706122516] [lane_sim.lane_autonomy]: FOLLOWING: v=0.099, w=0.005; Lane=2, used_boundaries=2, perception=OPENCV_WHITE_SIM, metric_target={'x_m': 0.36194291844129556, 'y_m': 0.0034937603773798434, 'width_m': 0.2, 'boundary_count': 2, 'inferred': False}, corner={'mode': 'WHITE_PATH', 'reason': 'connected normal-offset centre'}
[python-3] [INFO] [1791194144.563151227] [lane_sim.lane_autonomy]: FOLLOWING: v=0.099, w=0.008; Lane=2, used_boundaries=2, perception=OPENCV_WHITE_SIM, metric_target={'x_m': 0.3637596323981462, 'y_m': 0.005604615161221252, 'width_m': 0.2, 'boundary_count': 2, 'inferred': False}, corner={'mode': 'WHITE_PATH', 'reason': 'connected normal-offset centre'}
[python-3] [INFO] [1791194144.913477800] [lane_sim.lane_autonomy]: FOLLOWING: v=0.099, w=0.007; Lane=2, used_boundaries=2, perception=OPENCV_WHITE_SIM, metric_target={'x_m': 0.36016742429557685, 'y_m': 0.00433094685612032, 'width_m': 0.2, 'boundary_count': 2, 'inferred': False}, corner={'mode': 'WHITE_PATH', 'reason': 'connected normal-offset centre'}
[python-3] [INFO] [1791194145.205024395] [lane_sim.lane_autonomy]: FOLLOWING: v=0.099, w=0.005; Lane=2, used_boundaries=2, perception=OPENCV_WHITE_SIM, metric_target={'x_m': 0.33792903782581873, 'y_m': 0.0031509295615858024, 'width_m': 0.2, 'boundary_count': 2, 'inferred': False}, corner={'mode': 'WHITE_PATH', 'reason': 'connected normal-offset centre'}
[python-3] [INFO] [1791194145.507483594] [lane_sim.lane_autonomy]: FOLLOWING: v=0.099, w=0.008; Lane=2, used_boundaries=2, perception=OPENCV_WHITE_SIM, metric_target={'x_m': 0.3124089132736608, 'y_m': 0.0037144534733625084, 'width_m': 0.2, 'boundary_count': 2, 'inferred': False}, corner={'mode': 'WHITE_PATH', 'reason': 'connected normal-offset centre'}
[python-3] [INFO] [1791194146.410933927] [lane_sim.lane_autonomy]: FOLLOWING: v=0.099, w=0.010; Lane=2, used_boundaries=2, perception=OPENCV_WHITE_SIM, metric_target={'x_m': 0.29331388557902577, 'y_m': 0.00451052168276754, 'width_m': 0.2, 'boundary_count': 2, 'inferred': False}, corner={'mode': 'WHITE_PATH', 'reason': 'connected normal-offset centre'}
[python-3] [INFO] [1791194147.211716999] [lane_sim.lane_autonomy]: FOLLOWING: v=0.060, w=0.073; Lane=1, used_boundaries=1, perception=OPENCV_WHITE_SIM, metric_target={'x_m': 0.3074274003505707, 'y_m': 0.059429519393492086, 'width_m': 0.2, 'boundary_count': 1, 'inferred': True}, corner={'mode': 'WHITE_PATH', 'reason': 'connected normal-offset centre'}
[python-3] [INFO] [1791194147.661194287] [lane_sim.lane_autonomy]: FOLLOWING: v=0.041, w=0.164; Lane=1, used_boundaries=1, perception=OPENCV_WHITE_SIM, metric_target={'x_m': 0.22988175071311517, 'y_m': 0.1514821865896893, 'width_m': 0.2, 'boundary_count': 1, 'inferred': True}, corner={'mode': 'WHITE_PATH', 'reason': 'connected normal-offset centre'}
[python-3] [INFO] [1791194147.907212469] [lane_sim.lane_autonomy]: FOLLOWING: v=0.039, w=0.184; Lane=1, used_boundaries=1, perception=OPENCV_WHITE_SIM, metric_target={'x_m': 0.2021638607230787, 'y_m': 0.148165843672148, 'width_m': 0.2, 'boundary_count': 1, 'inferred': True}, corner={'mode': 'WHITE_PATH', 'reason': 'connected normal-offset centre'}
[python-3] [INFO] [1791194148.309385369] [lane_sim.lane_autonomy]: FOLLOWING: v=0.037, w=0.186; Lane=1, used_boundaries=1, perception=OPENCV_WHITE_SIM, metric_target={'x_m': 0.19486955008875184, 'y_m': 0.15759515524407872, 'width_m': 0.2, 'boundary_count': 1, 'inferred': True}, corner={'mode': 'WHITE_PATH', 'reason': 'connected normal-offset centre'}
[python-3] [INFO] [1791194148.705260062] [lane_sim.lane_autonomy]: FOLLOWING: v=0.039, w=0.202; Lane=1, used_boundaries=1, perception=OPENCV_WHITE_SIM, metric_target={'x_m': 0.1843164151659078, 'y_m': 0.13475003103791114, 'width_m': 0.2, 'boundary_count': 1, 'inferred': True}, corner={'mode': 'WHITE_PATH', 'reason': 'connected normal-offset centre'}
[python-3] [INFO] [1791194149.155573061] [lane_sim.lane_autonomy]: FOLLOWING: v=0.040, w=0.210; Lane=1, used_boundaries=1, perception=OPENCV_WHITE_SIM, metric_target={'x_m': 0.17912687712454653, 'y_m': 0.12220475889202269, 'width_m': 0.2, 'boundary_count': 1, 'inferred': True}, corner={'mode': 'WHITE_PATH', 'reason': 'connected normal-offset centre'}
[python-3] [INFO] [1791194149.656721186] [lane_sim.lane_autonomy]: FOLLOWING: v=0.041, w=0.218; Lane=1, used_boundaries=1, perception=OPENCV_WHITE_SIM, metric_target={'x_m': 0.17322449499157064, 'y_m': 0.1133639662570017, 'width_m': 0.2, 'boundary_count': 1, 'inferred': True}, corner={'mode': 'WHITE_PATH', 'reason': 'connected normal-offset centre'}
[python-3] [INFO] [1791194149.905998089] [lane_sim.lane_autonomy]: FOLLOWING: v=0.044, w=0.226; Lane=1, used_boundaries=1, perception=OPENCV_WHITE_SIM, metric_target={'x_m': 0.16781821595856583, 'y_m': 0.09738838699968026, 'width_m': 0.2, 'boundary_count': 1, 'inferred': True}, corner={'mode': 'WHITE_PATH', 'reason': 'connected normal-offset centre'}
[python-3] [INFO] [1791194150.105415589] [lane_sim.lane_autonomy]: FOLLOWING: v=0.037, w=0.183; Lane=1, used_boundaries=1, perception=OPENCV_WHITE_SIM, metric_target={'x_m': 0.19640560112535924, 'y_m': 0.16148068089980105, 'width_m': 0.2, 'boundary_count': 1, 'inferred': True}, corner={'mode': 'WHITE_PATH', 'reason': 'connected normal-offset centre'}
[python-3] [INFO] [1791194150.354787640] [lane_sim.lane_autonomy]: FOLLOWING: v=0.042, w=0.224; Lane=1, used_boundaries=1, perception=OPENCV_WHITE_SIM, metric_target={'x_m': 0.16926516793118385, 'y_m': 0.10722915891226541, 'width_m': 0.2, 'boundary_count': 1, 'inferred': True}, corner={'mode': 'WHITE_PATH', 'reason': 'connected normal-offset centre'}
[python-3] [INFO] [1791194150.556173095] [lane_sim.lane_autonomy]: FOLLOWING: v=0.041, w=0.220; Lane=1, used_boundaries=1, perception=OPENCV_WHITE_SIM, metric_target={'x_m': 0.1716489250014842, 'y_m': 0.11227875493788728, 'width_m': 0.2, 'boundary_count': 1, 'inferred': True}, corner={'mode': 'WHITE_PATH', 'reason': 'connected normal-offset centre'}
[python-3] [INFO] [1791194150.804272913] [lane_sim.lane_autonomy]: FOLLOWING: v=0.042, w=0.215; Lane=1, used_boundaries=1, perception=OPENCV_WHITE_SIM, metric_target={'x_m': 0.17626152920424248, 'y_m': 0.113337301571527, 'width_m': 0.2, 'boundary_count': 1, 'inferred': True}, corner={'mode': 'WHITE_PATH', 'reason': 'connected normal-offset centre'}
[python-3] [INFO] [1791194151.004949872] [lane_sim.lane_autonomy]: FOLLOWING: v=0.041, w=0.200; Lane=1, used_boundaries=1, perception=OPENCV_WHITE_SIM, metric_target={'x_m': 0.18848779611886668, 'y_m': 0.1271559904797812, 'width_m': 0.2, 'boundary_count': 1, 'inferred': True}, corner={'mode': 'WHITE_PATH', 'reason': 'connected normal-offset centre'}
[python-3] [INFO] [1791194151.303957680] [lane_sim.lane_autonomy]: FOLLOWING: v=0.042, w=0.206; Lane=1, used_boundaries=1, perception=OPENCV_WHITE_SIM, metric_target={'x_m': 0.18346128391659983, 'y_m': 0.11709390594494327, 'width_m': 0.2, 'boundary_count': 1, 'inferred': True}, corner={'mode': 'WHITE_PATH', 'reason': 'connected normal-offset centre'}
[python-3] [INFO] [1791194151.510894166] [lane_sim.lane_autonomy]: FOLLOWING: v=0.042, w=0.199; Lane=1, used_boundaries=1, perception=OPENCV_WHITE_SIM, metric_target={'x_m': 0.1901493274800191, 'y_m': 0.1187579539122383, 'width_m': 0.2, 'boundary_count': 1, 'inferred': True}, corner={'mode': 'WHITE_PATH', 'reason': 'connected normal-offset centre'}
[python-3] [INFO] [1791194151.753988610] [lane_sim.lane_autonomy]: FOLLOWING: v=0.043, w=0.193; Lane=1, used_boundaries=1, perception=OPENCV_WHITE_SIM, metric_target={'x_m': 0.19645018705937356, 'y_m': 0.118235454953456, 'width_m': 0.2, 'boundary_count': 1, 'inferred': True}, corner={'mode': 'WHITE_PATH', 'reason': 'connected normal-offset centre'}
[python-3] [INFO] [1791194151.955861406] [lane_sim.lane_autonomy]: FOLLOWING: v=0.043, w=0.189; Lane=1, used_boundaries=1, perception=OPENCV_WHITE_SIM, metric_target={'x_m': 0.20104001682635936, 'y_m': 0.11766208076284518, 'width_m': 0.2, 'boundary_count': 1, 'inferred': True}, corner={'mode': 'WHITE_PATH', 'reason': 'connected normal-offset centre'}
[python-3] [INFO] [1791194152.204408398] [lane_sim.lane_autonomy]: FOLLOWING: v=0.045, w=0.183; Lane=1, used_boundaries=1, perception=OPENCV_WHITE_SIM, metric_target={'x_m': 0.20637311179233808, 'y_m': 0.11422325276929045, 'width_m': 0.2, 'boundary_count': 1, 'inferred': True}, corner={'mode': 'WHITE_PATH', 'reason': 'connected normal-offset centre'}
[python-3] [INFO] [1791194152.454978496] [lane_sim.lane_autonomy]: FOLLOWING: v=0.046, w=0.177; Lane=1, used_boundaries=1, perception=OPENCV_WHITE_SIM, metric_target={'x_m': 0.21194668118230073, 'y_m': 0.11159934433792029, 'width_m': 0.2, 'boundary_count': 1, 'inferred': True}, corner={'mode': 'WHITE_PATH', 'reason': 'connected normal-offset centre'}
[python-3] [INFO] [1791194152.754366319] [lane_sim.lane_autonomy]: FOLLOWING: v=0.045, w=0.181; Lane=1, used_boundaries=1, perception=OPENCV_WHITE_SIM, metric_target={'x_m': 0.2083191370611231, 'y_m': 0.11216027582603941, 'width_m': 0.2, 'boundary_count': 1, 'inferred': True}, corner={'mode': 'WHITE_PATH', 'reason': 'connected normal-offset centre'}
[python-3] [INFO] [1791194152.904542045] [lane_sim.lane_autonomy]: FOLLOWING: v=0.047, w=0.205; Lane=1, used_boundaries=1, perception=OPENCV_WHITE_SIM, metric_target={'x_m': 0.1809431590306449, 'y_m': 0.08901152522806409, 'width_m': 0.2, 'boundary_count': 1, 'inferred': True}, corner={'mode': 'WHITE_PATH', 'reason': 'connected normal-offset centre'}
[python-3] [INFO] [1791194153.204582972] [lane_sim.lane_autonomy]: FOLLOWING: v=0.047, w=0.198; Lane=1, used_boundaries=1, perception=OPENCV_WHITE_SIM, metric_target={'x_m': 0.18672195048984, 'y_m': 0.09001376461949884, 'width_m': 0.2, 'boundary_count': 1, 'inferred': True}, corner={'mode': 'WHITE_PATH', 'reason': 'connected normal-offset centre'}
[python-3] [INFO] [1791194153.463431847] [lane_sim.lane_autonomy]: FOLLOWING: v=0.048, w=0.186; Lane=1, used_boundaries=1, perception=OPENCV_WHITE_SIM, metric_target={'x_m': 0.19557973003491413, 'y_m': 0.08929073720439304, 'width_m': 0.2, 'boundary_count': 1, 'inferred': True}, corner={'mode': 'WHITE_PATH', 'reason': 'connected normal-offset centre'}
[python-3] [INFO] [1791194153.704051961] [lane_sim.lane_autonomy]: FOLLOWING: v=0.050, w=0.195; Lane=1, used_boundaries=1, perception=OPENCV_WHITE_SIM, metric_target={'x_m': 0.18145785489787358, 'y_m': 0.07530931211356993, 'width_m': 0.2, 'boundary_count': 1, 'inferred': True}, corner={'mode': 'WHITE_PATH', 'reason': 'connected normal-offset centre'}
[python-3] [INFO] [1791194154.015127989] [lane_sim.lane_autonomy]: FOLLOWING: v=0.051, w=0.161; Lane=1, used_boundaries=1, perception=OPENCV_WHITE_SIM, metric_target={'x_m': 0.21383445970290704, 'y_m': 0.08262635994266596, 'width_m': 0.2, 'boundary_count': 1, 'inferred': True}, corner={'mode': 'WHITE_PATH', 'reason': 'connected normal-offset centre'}
[python-3] [INFO] [1791194154.456167922] [lane_sim.lane_autonomy]: FOLLOWING: v=0.053, w=0.161; Lane=1, used_boundaries=1, perception=OPENCV_WHITE_SIM, metric_target={'x_m': 0.20527291222455174, 'y_m': 0.07251851969272469, 'width_m': 0.2, 'boundary_count': 1, 'inferred': True}, corner={'mode': 'WHITE_PATH', 'reason': 'connected normal-offset centre'}
[python-3] [INFO] [1791194154.955637279] [lane_sim.lane_autonomy]: FOLLOWING: v=0.057, w=0.099; Lane=1, used_boundaries=1, perception=OPENCV_WHITE_SIM, metric_target={'x_m': 0.27661370589460405, 'y_m': 0.07103409392683431, 'width_m': 0.2, 'boundary_count': 1, 'inferred': True}, corner={'mode': 'WHITE_PATH', 'reason': 'connected normal-offset centre'}
[python-3] [INFO] [1791194155.356063013] [lane_sim.lane_autonomy]: FOLLOWING: v=0.085, w=0.113; Lane=2, used_boundaries=2, perception=OPENCV_WHITE_SIM, metric_target={'x_m': 0.29126081598489395, 'y_m': 0.05854468970627427, 'width_m': 0.2, 'boundary_count': 2, 'inferred': False}, corner={'mode': 'WHITE_PATH', 'reason': 'connected normal-offset centre'}
[python-3] [INFO] [1791194155.803720915] [lane_sim.lane_autonomy]: FOLLOWING: v=0.088, w=0.095; Lane=2, used_boundaries=2, perception=OPENCV_WHITE_SIM, metric_target={'x_m': 0.2998393025955124, 'y_m': 0.050289028665688545, 'width_m': 0.2, 'boundary_count': 2, 'inferred': False}, corner={'mode': 'WHITE_PATH', 'reason': 'connected normal-offset centre'}
[python-3] [INFO] [1791194156.255378464] [lane_sim.lane_autonomy]: FOLLOWING: v=0.090, w=0.077; Lane=2, used_boundaries=2, perception=OPENCV_WHITE_SIM, metric_target={'x_m': 0.30649495056680415, 'y_m': 0.04087646393569543, 'width_m': 0.2, 'boundary_count': 2, 'inferred': False}, corner={'mode': 'WHITE_PATH', 'reason': 'connected normal-offset centre'}
[python-3] [INFO] [1791194156.805227797] [lane_sim.lane_autonomy]: FOLLOWING: v=0.093, w=0.057; Lane=2, used_boundaries=2, perception=OPENCV_WHITE_SIM, metric_target={'x_m': 0.3055659585191289, 'y_m': 0.028680403162220838, 'width_m': 0.2, 'boundary_count': 2, 'inferred': False}, corner={'mode': 'WHITE_PATH', 'reason': 'connected normal-offset centre'}
[python-3] [INFO] [1791194157.305537106] [lane_sim.lane_autonomy]: FOLLOWING: v=0.097, w=0.021; Lane=2, used_boundaries=2, perception=OPENCV_WHITE_SIM, metric_target={'x_m': 0.3454886414524797, 'y_m': 0.013064789936748396, 'width_m': 0.2, 'boundary_count': 2, 'inferred': False}, corner={'mode': 'WHITE_PATH', 'reason': 'connected normal-offset centre'}
[python-3] [INFO] [1791194157.955812561] [lane_sim.lane_autonomy]: FOLLOWING: v=0.100, w=-0.003; Lane=2, used_boundaries=2, perception=OPENCV_WHITE_SIM, metric_target={'x_m': 0.3472458760452346, 'y_m': -0.00158523914459809, 'width_m': 0.2, 'boundary_count': 2, 'inferred': False}, corner={'mode': 'WHITE_PATH', 'reason': 'connected normal-offset centre'}
[python-3] [INFO] [1791194158.655751092] [lane_sim.lane_autonomy]: FOLLOWING: v=0.098, w=-0.012; Lane=2, used_boundaries=2, perception=OPENCV_WHITE_SIM, metric_target={'x_m': 0.3576674840597307, 'y_m': -0.007947683103724814, 'width_m': 0.2, 'boundary_count': 2, 'inferred': False}, corner={'mode': 'WHITE_PATH', 'reason': 'connected normal-offset centre'}
[python-3] [INFO] [1791194159.404983531] [lane_sim.lane_autonomy]: FOLLOWING: v=0.097, w=-0.019; Lane=2, used_boundaries=2, perception=OPENCV_WHITE_SIM, metric_target={'x_m': 0.3577435060978579, 'y_m': -0.012618846243818241, 'width_m': 0.2, 'boundary_count': 2, 'inferred': False}, corner={'mode': 'WHITE_PATH', 'reason': 'connected normal-offset centre'}
[python-3] [INFO] [1791194160.008637021] [lane_sim.lane_autonomy]: FOLLOWING: v=0.097, w=-0.018; Lane=2, used_boundaries=2, perception=OPENCV_WHITE_SIM, metric_target={'x_m': 0.35807457981989793, 'y_m': -0.012153053592473392, 'width_m': 0.2, 'boundary_count': 2, 'inferred': False}, corner={'mode': 'WHITE_PATH', 'reason': 'connected normal-offset centre'}
[python-3] [INFO] [1791194160.507313284] [lane_sim.lane_autonomy]: FOLLOWING: v=0.097, w=-0.026; Lane=2, used_boundaries=2, perception=OPENCV_WHITE_SIM, metric_target={'x_m': 0.34210586499423346, 'y_m': -0.015757999564252764, 'width_m': 0.2, 'boundary_count': 2, 'inferred': False}, corner={'mode': 'WHITE_PATH', 'reason': 'connected normal-offset centre'}
[python-3] [INFO] [1791194160.964755856] [lane_sim.lane_autonomy]: FOLLOWING: v=0.097, w=-0.024; Lane=2, used_boundaries=2, perception=OPENCV_WHITE_SIM, metric_target={'x_m': 0.34764355611228154, 'y_m': -0.01533632018014545, 'width_m': 0.2, 'boundary_count': 2, 'inferred': False}, corner={'mode': 'WHITE_PATH', 'reason': 'connected normal-offset centre'}
[python-3] [INFO] [1791194161.454736238] [lane_sim.lane_autonomy]: FOLLOWING: v=0.097, w=-0.025; Lane=2, used_boundaries=2, perception=OPENCV_WHITE_SIM, metric_target={'x_m': 0.34762269228020276, 'y_m': -0.01536737867208219, 'width_m': 0.2, 'boundary_count': 2, 'inferred': False}, corner={'mode': 'WHITE_PATH', 'reason': 'connected normal-offset centre'}
[python-3] [INFO] [1791194162.057257099] [lane_sim.lane_autonomy]: FOLLOWING: v=0.098, w=-0.012; Lane=2, used_boundaries=2, perception=OPENCV_WHITE_SIM, metric_target={'x_m': 0.36672198835192354, 'y_m': -0.008004921969023254, 'width_m': 0.2, 'boundary_count': 2, 'inferred': False}, corner={'mode': 'WHITE_PATH', 'reason': 'connected normal-offset centre'}
[python-3] [INFO] [1791194162.507988589] [lane_sim.lane_autonomy]: FOLLOWING: v=0.098, w=-0.013; Lane=2, used_boundaries=2, perception=OPENCV_WHITE_SIM, metric_target={'x_m': 0.34951656930230734, 'y_m': -0.008178446072858952, 'width_m': 0.2, 'boundary_count': 2, 'inferred': False}, corner={'mode': 'WHITE_PATH', 'reason': 'connected normal-offset centre'}
[python-3] [INFO] [1791194163.105029859] [lane_sim.lane_autonomy]: FOLLOWING: v=0.098, w=-0.014; Lane=2, used_boundaries=2, perception=OPENCV_WHITE_SIM, metric_target={'x_m': 0.34855628520661414, 'y_m': -0.008604184315367054, 'width_m': 0.2, 'boundary_count': 2, 'inferred': False}, corner={'mode': 'WHITE_PATH', 'reason': 'connected normal-offset centre'}
[python-3] [INFO] [1791194163.657069412] [lane_sim.lane_autonomy]: FOLLOWING: v=0.100, w=0.001; Lane=2, used_boundaries=2, perception=OPENCV_WHITE_SIM, metric_target={'x_m': 0.3576271887983574, 'y_m': 0.0005098832546130246, 'width_m': 0.2, 'boundary_count': 2, 'inferred': False}, corner={'mode': 'WHITE_PATH', 'reason': 'connected normal-offset centre'}
[python-3] [INFO] [1791194164.305813397] [lane_sim.lane_autonomy]: FOLLOWING: v=0.100, w=-0.002; Lane=2, used_boundaries=2, perception=OPENCV_WHITE_SIM, metric_target={'x_m': 0.35767173572119243, 'y_m': -0.0013376866183310728, 'width_m': 0.2, 'boundary_count': 2, 'inferred': False}, corner={'mode': 'WHITE_PATH', 'reason': 'connected normal-offset centre'}
[python-3] [INFO] [1791194164.707186236] [lane_sim.lane_autonomy]: FOLLOWING: v=0.100, w=-0.001; Lane=2, used_boundaries=2, perception=OPENCV_WHITE_SIM, metric_target={'x_m': 0.3574430299575819, 'y_m': -0.0005456244661849266, 'width_m': 0.2, 'boundary_count': 2, 'inferred': False}, corner={'mode': 'WHITE_PATH', 'reason': 'connected normal-offset centre'}
[python-3] [INFO] [1791194165.004338745] [lane_sim.lane_autonomy]: FOLLOWING: v=0.100, w=0.001; Lane=2, used_boundaries=2, perception=OPENCV_WHITE_SIM, metric_target={'x_m': 0.35954567925461345, 'y_m': 0.0006623171930663874, 'width_m': 0.2, 'boundary_count': 2, 'inferred': False}, corner={'mode': 'WHITE_PATH', 'reason': 'connected normal-offset centre'}
[python-3] [INFO] [1791194165.052085721] [lane_sim.lane_autonomy]: DISABLED
[WARNING] [launch]: user interrupted with ctrl-c (SIGINT)
[INFO] [python-3]: sending signal 'SIGINT' to process[python-3]
[INFO] [parameter_bridge-2]: sending signal 'SIGINT' to process[parameter_bridge-2]
[INFO] [gz-1]: sending signal 'SIGINT' to process[gz-1]
[parameter_bridge-2] [INFO] [1791194167.165637301] [rclcpp]: signal_handler(SIGINT/SIGTERM)
[parameter_bridge-2] [INFO] [1791194167.169939868] [rclcpp]: signal_handler(SIGINT/SIGTERM)
[INFO] [parameter_bridge-2]: process has finished cleanly [pid 211867]
[INFO] [gz-1]: process has finished cleanly [pid 211866]
[INFO] [python-3]: process has finished cleanly [pid 211868]
