{
  "course": "right90",
  "physics_trial": true,
  "controller_enabled": true,
  "yolo_enabled": false,
  "perception": "OpenCV white pixels",
  "lane_count": 1,
  "stripe_count": 2,
  "error": null,
  "raw_frames": 355,
  "debug_frames": 46,
  "camera_intrinsics": [
    [
      566.0,
      0.0,
      320.0
    ],
    [
      0.0,
      566.0,
      240.0
    ],
    [
      0.0,
      0.0,
      1.0
    ]
  ],
  "nonzero_commands": 466,
  "status_counts": {
    "DISABLED": 3,
    "WAITING_FOR_LANE": 1,
    "FOLLOWING": 56
  },
  "travelled_m": 1.8275862431066459,
  "net_displacement_m": 1.373533182654243,
  "max_cross_track_m": 0.05437874177782389,
  "final_progress_m": 1.9031598503693101,
  "final_pose": {
    "t": 26.410575294998125,
    "x": 0.7462008867251758,
    "y": -1.153159850368187,
    "z": -8.462148306917228e-09,
    "yaw": -1.568284165463192,
    "stamp": 23.392,
    "frame": "world",
    "child": "base_link"
  },
  "reached_finish": true,
  "lane_departure": false,
  "passed": true,
  "video_exports": [
    {
      "path": "pinky_move/reports/gazebo_physics_20261005/opencv_final_suite_v2/right90_opencv_lane0_r1/raw_frames.mp4",
      "changed": true,
      "original": "pinky_move/reports/gazebo_physics_20261005/opencv_final_suite_v2/right90_opencv_lane0_r1/original_mp4v/raw_frames.mp4",
      "before": {
        "codec_name": "mpeg4",
        "width": 640,
        "height": 480,
        "pix_fmt": "yuv420p",
        "nb_frames": "355",
        "duration": 23.666667
      },
      "after": {
        "codec_name": "h264",
        "width": 640,
        "height": 480,
        "pix_fmt": "yuv420p",
        "nb_frames": "355",
        "duration": 23.666667
      },
      "full_decode_ok": true
    },
    {
      "path": "pinky_move/reports/gazebo_physics_20261005/opencv_final_suite_v2/right90_opencv_lane0_r1/debug_frames.mp4",
      "changed": true,
      "original": "pinky_move/reports/gazebo_physics_20261005/opencv_final_suite_v2/right90_opencv_lane0_r1/original_mp4v/debug_frames.mp4",
      "before": {
        "codec_name": "mpeg4",
        "width": 640,
        "height": 480,
        "pix_fmt": "yuv420p",
        "nb_frames": "46",
        "duration": 3.066667
      },
      "after": {
        "codec_name": "h264",
        "width": 640,
        "height": 480,
        "pix_fmt": "yuv420p",
        "nb_frames": "46",
        "duration": 3.066667
      },
      "full_decode_ok": true
    }
  ]
}
