[INFO] [launch]: All log files can be found below /home/tory/.ros/log/2026-10-05-18-56-12-815684-tory-15Z95N-GP7QL-212200
[INFO] [launch]: Default logging verbosity is set to INFO
[INFO] [gz-1]: process started with pid [212207]
[INFO] [parameter_bridge-2]: process started with pid [212208]
[INFO] [python-3]: process started with pid [212209]
[parameter_bridge-2] [INFO] [1791194173.446489574] [lane_sim_bridge]: Creating GZ->ROS Bridge: [/lane_sim/camera/image_raw (gz.msgs.Image) -> /lane_sim/camera/image_raw (sensor_msgs/msg/Image)] (Lazy 0)
[parameter_bridge-2] [INFO] [1791194173.448853064] [lane_sim_bridge]: Creating GZ->ROS Bridge: [/lane_sim/camera/camera_info (gz.msgs.CameraInfo) -> /lane_sim/camera/camera_info (sensor_msgs/msg/CameraInfo)] (Lazy 0)
[parameter_bridge-2] [INFO] [1791194173.449342126] [lane_sim_bridge]: Creating GZ->ROS Bridge: [/lane_sim/odom (gz.msgs.Odometry) -> /lane_sim/odom (nav_msgs/msg/Odometry)] (Lazy 0)
[parameter_bridge-2] [INFO] [1791194173.450453295] [lane_sim_bridge]: Creating GZ->ROS Bridge: [/lane_sim/ground_truth (gz.msgs.Odometry) -> /lane_sim/ground_truth (nav_msgs/msg/Odometry)] (Lazy 0)
[parameter_bridge-2] [INFO] [1791194173.450777431] [lane_sim_bridge]: Creating ROS->GZ Bridge: [/lane_sim/cmd_vel (geometry_msgs/msg/Twist) -> /lane_sim/cmd_vel (gz.msgs.Twist)] (Lazy 0)
[parameter_bridge-2] [INFO] [1791194173.451437785] [lane_sim_bridge]: Creating GZ->ROS Bridge: [/clock (gz.msgs.Clock) -> /clock (rosgraph_msgs/msg/Clock)] (Lazy 0)
[gz-1] [1;33mWarning [Utils.cc:132][0m [/sdf/world[@name="lane_course"]/model[@name="pinky_lane"]/link[@name="base_footprint"]/sensor[@name="camera"]/gz_frame_id:/tmp/pinky-opencv-suite-5190gksb/lane_course.sdf:L134]: XML Element[gz_frame_id], child of element[sensor], not defined in SDF. Copying[gz_frame_id] as children of [sensor].
[python-3] [WARN] [1791194174.061803363] [lane_sim.lane_autonomy]: URDF projection uses nominal mounting; physical accuracy remains unverified.
[python-3] [INFO] [1791194174.069462151] [lane_sim.lane_autonomy]: Lane autonomy ready and disabled. perception=OpenCV white pixels (simulation only), model=not loaded, image=/lane_sim/camera/image_raw, output=/lane_sim/cmd_vel
[python-3] [INFO] [1791194174.070000288] [lane_sim.lane_autonomy]: Enable after placing the robot safely: ros2 service call /lane_autonomy/enable std_srvs/srv/SetBool "{data: true}"
[parameter_bridge-2] [INFO] [1791194174.119934586] [lane_sim_bridge]: Passing message from ROS geometry_msgs/msg/Twist to Gazebo gz.msgs.Twist (showing msg only once per type)
[python-3] [INFO] [1791194174.120899434] [lane_sim.lane_autonomy]: DISABLED
[gz-1] [1;33m[Wrn] [OBJLoader.cc:202] [0m[1;33mMissing material for shape[[0m[1;33m] [0m[1;33min OBJ file[[0m[1;33m/tmp/pinky-opencv-suite-5190gksb/right_stripe_0.obj[0m[1;33m][0m[1;33m[0m
[gz-1] [1;33m[Wrn] [OBJLoader.cc:202] [0m[1;33mMissing material for shape[[0m[1;33m] [0m[1;33min OBJ file[[0m[1;33m/tmp/pinky-opencv-suite-5190gksb/left_stripe_0.obj[0m[1;33m][0m[1;33m[0m
[gz-1] [1;33m[Wrn] [Ogre2Camera.cc:423] [0m[1;33mOgre2Camera::SetVisibilityMask: Mask bits [0m[1;33mc0000000[0m[1;33m are set but will be ignored as they conflict with the [0m[1;33mreserved bits used internally by the ogre2 backend.[0m[1;33m[0m
[python-3] [WARN] [1791194176.454163437] [lane_sim.lane_autonomy]: Lidar obstacle stopping DISABLED; camera/line loss and command watchdog remain active.
[python-3] [INFO] [1791194176.470188645] [lane_sim.lane_autonomy]: WAITING_FOR_LANE: no usable boundary; Lane=0, used_boundaries=0, perception=YOLO, metric_target=None, corner={'mode': 'NORMAL', 'reason': 'no corner observation'}
[python-3] [INFO] [1791194176.880167264] [lane_sim.lane_autonomy]: FOLLOWING: v=0.099, w=-0.005; Lane=2, used_boundaries=2, perception=OPENCV_WHITE_SIM, metric_target={'x_m': 0.36261197776160786, 'y_m': -0.0032568059822334792, 'width_m': 0.2, 'boundary_count': 2, 'inferred': False}, corner={'mode': 'WHITE_PATH', 'reason': 'connected normal-offset centre'}
[python-3] [INFO] [1791194177.223770025] [lane_sim.lane_autonomy]: FOLLOWING: v=0.100, w=-0.003; Lane=2, used_boundaries=2, perception=OPENCV_WHITE_SIM, metric_target={'x_m': 0.35883019312539693, 'y_m': -0.0018570298438465923, 'width_m': 0.2, 'boundary_count': 2, 'inferred': False}, corner={'mode': 'WHITE_PATH', 'reason': 'connected normal-offset centre'}
[python-3] [INFO] [1791194177.470992728] [lane_sim.lane_autonomy]: FOLLOWING: v=0.100, w=0.000; Lane=2, used_boundaries=2, perception=OPENCV_WHITE_SIM, metric_target={'x_m': 0.35767656752106325, 'y_m': 0.00014060280676725837, 'width_m': 0.2, 'boundary_count': 2, 'inferred': False}, corner={'mode': 'WHITE_PATH', 'reason': 'connected normal-offset centre'}
[python-3] [INFO] [1791194177.926426447] [lane_sim.lane_autonomy]: FOLLOWING: v=0.099, w=-0.006; Lane=2, used_boundaries=2, perception=OPENCV_WHITE_SIM, metric_target={'x_m': 0.3614543331523953, 'y_m': -0.003857189349125092, 'width_m': 0.2, 'boundary_count': 2, 'inferred': False}, corner={'mode': 'WHITE_PATH', 'reason': 'connected normal-offset centre'}
[python-3] [INFO] [1791194178.673396633] [lane_sim.lane_autonomy]: FOLLOWING: v=0.100, w=-0.000; Lane=2, used_boundaries=2, perception=OPENCV_WHITE_SIM, metric_target={'x_m': 0.35793482705957896, 'y_m': -0.00031001318460934305, 'width_m': 0.2, 'boundary_count': 2, 'inferred': False}, corner={'mode': 'WHITE_PATH', 'reason': 'connected normal-offset centre'}
[python-3] [INFO] [1791194179.073616022] [lane_sim.lane_autonomy]: FOLLOWING: v=0.100, w=-0.002; Lane=2, used_boundaries=2, perception=OPENCV_WHITE_SIM, metric_target={'x_m': 0.35633226459220524, 'y_m': -0.0012604483421581932, 'width_m': 0.2, 'boundary_count': 2, 'inferred': False}, corner={'mode': 'WHITE_PATH', 'reason': 'connected normal-offset centre'}
[python-3] [INFO] [1791194179.473471111] [lane_sim.lane_autonomy]: FOLLOWING: v=0.100, w=-0.003; Lane=2, used_boundaries=2, perception=OPENCV_WHITE_SIM, metric_target={'x_m': 0.35677819018813883, 'y_m': -0.0020759060551644283, 'width_m': 0.2, 'boundary_count': 2, 'inferred': False}, corner={'mode': 'WHITE_PATH', 'reason': 'connected normal-offset centre'}
[python-3] [INFO] [1791194179.825472676] [lane_sim.lane_autonomy]: FOLLOWING: v=0.099, w=-0.006; Lane=2, used_boundaries=2, perception=OPENCV_WHITE_SIM, metric_target={'x_m': 0.3627296098428007, 'y_m': -0.003701750341615903, 'width_m': 0.2, 'boundary_count': 2, 'inferred': False}, corner={'mode': 'WHITE_PATH', 'reason': 'connected normal-offset centre'}
[python-3] [INFO] [1791194180.223451681] [lane_sim.lane_autonomy]: FOLLOWING: v=0.100, w=-0.002; Lane=2, used_boundaries=2, perception=OPENCV_WHITE_SIM, metric_target={'x_m': 0.3540857555979703, 'y_m': -0.0009643034802438563, 'width_m': 0.2, 'boundary_count': 2, 'inferred': False}, corner={'mode': 'WHITE_PATH', 'reason': 'connected normal-offset centre'}
[python-3] [INFO] [1791194180.623058941] [lane_sim.lane_autonomy]: FOLLOWING: v=0.099, w=-0.008; Lane=2, used_boundaries=2, perception=OPENCV_WHITE_SIM, metric_target={'x_m': 0.330456255916172, 'y_m': -0.0041799063085116855, 'width_m': 0.2, 'boundary_count': 2, 'inferred': False}, corner={'mode': 'WHITE_PATH', 'reason': 'connected normal-offset centre'}
[python-3] [INFO] [1791194181.324740547] [lane_sim.lane_autonomy]: FOLLOWING: v=0.099, w=-0.008; Lane=2, used_boundaries=2, perception=OPENCV_WHITE_SIM, metric_target={'x_m': 0.2974666909332456, 'y_m': -0.0034100395803660505, 'width_m': 0.2, 'boundary_count': 2, 'inferred': False}, corner={'mode': 'WHITE_PATH', 'reason': 'connected normal-offset centre'}
[python-3] [INFO] [1791194182.274578735] [lane_sim.lane_autonomy]: FOLLOWING: v=0.090, w=-0.076; Lane=2, used_boundaries=2, perception=OPENCV_WHITE_SIM, metric_target={'x_m': 0.324169659614563, 'y_m': -0.04516840929457404, 'width_m': 0.2, 'boundary_count': 2, 'inferred': False}, corner={'mode': 'WHITE_PATH', 'reason': 'connected normal-offset centre'}
[python-3] [INFO] [1791194182.830571513] [lane_sim.lane_autonomy]: FOLLOWING: v=0.043, w=-0.157; Lane=1, used_boundaries=1, perception=OPENCV_WHITE_SIM, metric_target={'x_m': 0.24110376238822936, 'y_m': -0.14266688859659352, 'width_m': 0.2, 'boundary_count': 1, 'inferred': True}, corner={'mode': 'WHITE_PATH', 'reason': 'connected normal-offset centre'}
[python-3] [INFO] [1791194183.222145548] [lane_sim.lane_autonomy]: FOLLOWING: v=0.038, w=-0.188; Lane=1, used_boundaries=1, perception=OPENCV_WHITE_SIM, metric_target={'x_m': 0.1945048859996798, 'y_m': -0.15106825020697484, 'width_m': 0.2, 'boundary_count': 1, 'inferred': True}, corner={'mode': 'WHITE_PATH', 'reason': 'connected normal-offset centre'}
[python-3] [INFO] [1791194183.422355459] [lane_sim.lane_autonomy]: FOLLOWING: v=0.037, w=-0.203; Lane=1, used_boundaries=1, perception=OPENCV_WHITE_SIM, metric_target={'x_m': 0.1793573592219035, 'y_m': -0.1429127217507459, 'width_m': 0.2, 'boundary_count': 1, 'inferred': True}, corner={'mode': 'WHITE_PATH', 'reason': 'connected normal-offset centre'}
[python-3] [INFO] [1791194183.722834662] [lane_sim.lane_autonomy]: FOLLOWING: v=0.038, w=-0.206; Lane=1, used_boundaries=1, perception=OPENCV_WHITE_SIM, metric_target={'x_m': 0.17825926664235028, 'y_m': -0.13729187003157395, 'width_m': 0.2, 'boundary_count': 1, 'inferred': True}, corner={'mode': 'WHITE_PATH', 'reason': 'connected normal-offset centre'}
[python-3] [INFO] [1791194184.178753655] [lane_sim.lane_autonomy]: FOLLOWING: v=0.039, w=-0.213; Lane=1, used_boundaries=1, perception=OPENCV_WHITE_SIM, metric_target={'x_m': 0.17502835043103868, 'y_m': -0.1270100272681026, 'width_m': 0.2, 'boundary_count': 1, 'inferred': True}, corner={'mode': 'WHITE_PATH', 'reason': 'connected normal-offset centre'}
[python-3] [INFO] [1791194184.728426671] [lane_sim.lane_autonomy]: FOLLOWING: v=0.040, w=-0.223; Lane=1, used_boundaries=1, perception=OPENCV_WHITE_SIM, metric_target={'x_m': 0.1685224345590248, 'y_m': -0.11666830949686813, 'width_m': 0.2, 'boundary_count': 1, 'inferred': True}, corner={'mode': 'WHITE_PATH', 'reason': 'connected normal-offset centre'}
[python-3] [INFO] [1791194184.974624543] [lane_sim.lane_autonomy]: FOLLOWING: v=0.041, w=-0.235; Lane=1, used_boundaries=1, perception=OPENCV_WHITE_SIM, metric_target={'x_m': 0.1608636159298163, 'y_m': -0.10473935193446163, 'width_m': 0.2, 'boundary_count': 1, 'inferred': True}, corner={'mode': 'WHITE_PATH', 'reason': 'connected normal-offset centre'}
[python-3] [INFO] [1791194185.173374057] [lane_sim.lane_autonomy]: FOLLOWING: v=0.041, w=-0.233; Lane=1, used_boundaries=1, perception=OPENCV_WHITE_SIM, metric_target={'x_m': 0.16216387505518204, 'y_m': -0.10519581311274473, 'width_m': 0.2, 'boundary_count': 1, 'inferred': True}, corner={'mode': 'WHITE_PATH', 'reason': 'connected normal-offset centre'}
[python-3] [INFO] [1791194185.472873347] [lane_sim.lane_autonomy]: FOLLOWING: v=0.041, w=-0.229; Lane=1, used_boundaries=1, perception=OPENCV_WHITE_SIM, metric_target={'x_m': 0.16456268536905122, 'y_m': -0.10986583903347344, 'width_m': 0.2, 'boundary_count': 1, 'inferred': True}, corner={'mode': 'WHITE_PATH', 'reason': 'connected normal-offset centre'}
[python-3] [INFO] [1791194185.672876042] [lane_sim.lane_autonomy]: FOLLOWING: v=0.041, w=-0.222; Lane=1, used_boundaries=1, perception=OPENCV_WHITE_SIM, metric_target={'x_m': 0.16957745273303204, 'y_m': -0.11475017059935831, 'width_m': 0.2, 'boundary_count': 1, 'inferred': True}, corner={'mode': 'WHITE_PATH', 'reason': 'connected normal-offset centre'}
[python-3] [INFO] [1791194185.971767799] [lane_sim.lane_autonomy]: FOLLOWING: v=0.041, w=-0.219; Lane=1, used_boundaries=1, perception=OPENCV_WHITE_SIM, metric_target={'x_m': 0.17247955952700286, 'y_m': -0.11555479406215868, 'width_m': 0.2, 'boundary_count': 1, 'inferred': True}, corner={'mode': 'WHITE_PATH', 'reason': 'connected normal-offset centre'}
[python-3] [INFO] [1791194186.231490324] [lane_sim.lane_autonomy]: FOLLOWING: v=0.041, w=-0.211; Lane=1, used_boundaries=1, perception=OPENCV_WHITE_SIM, metric_target={'x_m': 0.1788980983232413, 'y_m': -0.11853444895628854, 'width_m': 0.2, 'boundary_count': 1, 'inferred': True}, corner={'mode': 'WHITE_PATH', 'reason': 'connected normal-offset centre'}
[python-3] [INFO] [1791194186.521752511] [lane_sim.lane_autonomy]: FOLLOWING: v=0.042, w=-0.202; Lane=1, used_boundaries=1, perception=OPENCV_WHITE_SIM, metric_target={'x_m': 0.18710936493940464, 'y_m': -0.11904914224063419, 'width_m': 0.2, 'boundary_count': 1, 'inferred': True}, corner={'mode': 'WHITE_PATH', 'reason': 'connected normal-offset centre'}
[python-3] [INFO] [1791194186.772785754] [lane_sim.lane_autonomy]: FOLLOWING: v=0.043, w=-0.194; Lane=1, used_boundaries=1, perception=OPENCV_WHITE_SIM, metric_target={'x_m': 0.1952426245045695, 'y_m': -0.11811786923168138, 'width_m': 0.2, 'boundary_count': 1, 'inferred': True}, corner={'mode': 'WHITE_PATH', 'reason': 'connected normal-offset centre'}
[python-3] [INFO] [1791194187.071839231] [lane_sim.lane_autonomy]: FOLLOWING: v=0.044, w=-0.189; Lane=1, used_boundaries=1, perception=OPENCV_WHITE_SIM, metric_target={'x_m': 0.20003397982869442, 'y_m': -0.11628461383499572, 'width_m': 0.2, 'boundary_count': 1, 'inferred': True}, corner={'mode': 'WHITE_PATH', 'reason': 'connected normal-offset centre'}
[python-3] [INFO] [1791194187.275812351] [lane_sim.lane_autonomy]: FOLLOWING: v=0.045, w=-0.220; Lane=1, used_boundaries=1, perception=OPENCV_WHITE_SIM, metric_target={'x_m': 0.17120135093899078, 'y_m': -0.09356267632923515, 'width_m': 0.2, 'boundary_count': 1, 'inferred': True}, corner={'mode': 'WHITE_PATH', 'reason': 'connected normal-offset centre'}
[python-3] [INFO] [1791194187.572225565] [lane_sim.lane_autonomy]: FOLLOWING: v=0.046, w=-0.227; Lane=1, used_boundaries=1, perception=OPENCV_WHITE_SIM, metric_target={'x_m': 0.1655103689311022, 'y_m': -0.0869667097477846, 'width_m': 0.2, 'boundary_count': 1, 'inferred': True}, corner={'mode': 'WHITE_PATH', 'reason': 'connected normal-offset centre'}
[python-3] [INFO] [1791194187.822443072] [lane_sim.lane_autonomy]: FOLLOWING: v=0.047, w=-0.220; Lane=1, used_boundaries=1, perception=OPENCV_WHITE_SIM, metric_target={'x_m': 0.1683119536765555, 'y_m': -0.08187102987408637, 'width_m': 0.2, 'boundary_count': 1, 'inferred': True}, corner={'mode': 'WHITE_PATH', 'reason': 'connected normal-offset centre'}
[python-3] [INFO] [1791194188.072055372] [lane_sim.lane_autonomy]: FOLLOWING: v=0.048, w=-0.192; Lane=1, used_boundaries=1, perception=OPENCV_WHITE_SIM, metric_target={'x_m': 0.1906448320437782, 'y_m': -0.08793146082334344, 'width_m': 0.2, 'boundary_count': 1, 'inferred': True}, corner={'mode': 'WHITE_PATH', 'reason': 'connected normal-offset centre'}
[python-3] [INFO] [1791194188.223357247] [lane_sim.lane_autonomy]: FOLLOWING: v=0.049, w=-0.184; Lane=1, used_boundaries=1, perception=OPENCV_WHITE_SIM, metric_target={'x_m': 0.19482321289812568, 'y_m': -0.08476043556173384, 'width_m': 0.2, 'boundary_count': 1, 'inferred': True}, corner={'mode': 'WHITE_PATH', 'reason': 'connected normal-offset centre'}
[python-3] [INFO] [1791194188.522328672] [lane_sim.lane_autonomy]: FOLLOWING: v=0.050, w=-0.177; Lane=1, used_boundaries=1, perception=OPENCV_WHITE_SIM, metric_target={'x_m': 0.20040614988708605, 'y_m': -0.0847575709751949, 'width_m': 0.2, 'boundary_count': 1, 'inferred': True}, corner={'mode': 'WHITE_PATH', 'reason': 'connected normal-offset centre'}
[python-3] [INFO] [1791194188.773758963] [lane_sim.lane_autonomy]: FOLLOWING: v=0.051, w=-0.188; Lane=1, used_boundaries=1, perception=OPENCV_WHITE_SIM, metric_target={'x_m': 0.18289476511636837, 'y_m': -0.07042000029608723, 'width_m': 0.2, 'boundary_count': 1, 'inferred': True}, corner={'mode': 'WHITE_PATH', 'reason': 'connected normal-offset centre'}
[python-3] [INFO] [1791194189.224893123] [lane_sim.lane_autonomy]: FOLLOWING: v=0.053, w=-0.160; Lane=1, used_boundaries=1, perception=OPENCV_WHITE_SIM, metric_target={'x_m': 0.20561294019225235, 'y_m': -0.0723701975856831, 'width_m': 0.2, 'boundary_count': 1, 'inferred': True}, corner={'mode': 'WHITE_PATH', 'reason': 'connected normal-offset centre'}
[python-3] [INFO] [1791194189.725737022] [lane_sim.lane_autonomy]: FOLLOWING: v=0.057, w=-0.102; Lane=1, used_boundaries=1, perception=OPENCV_WHITE_SIM, metric_target={'x_m': 0.2740732216398732, 'y_m': -0.07269032714019538, 'width_m': 0.2, 'boundary_count': 1, 'inferred': True}, corner={'mode': 'WHITE_PATH', 'reason': 'connected normal-offset centre'}
[python-3] [INFO] [1791194190.231865915] [lane_sim.lane_autonomy]: FOLLOWING: v=0.059, w=-0.081; Lane=1, used_boundaries=1, perception=OPENCV_WHITE_SIM, metric_target={'x_m': 0.288906531956794, 'y_m': -0.059596981619995645, 'width_m': 0.2, 'boundary_count': 1, 'inferred': True}, corner={'mode': 'WHITE_PATH', 'reason': 'connected normal-offset centre'}
[python-3] [INFO] [1791194190.680274774] [lane_sim.lane_autonomy]: FOLLOWING: v=0.088, w=-0.094; Lane=2, used_boundaries=2, perception=OPENCV_WHITE_SIM, metric_target={'x_m': 0.2999326648726545, 'y_m': -0.04928773574034422, 'width_m': 0.2, 'boundary_count': 2, 'inferred': False}, corner={'mode': 'WHITE_PATH', 'reason': 'connected normal-offset centre'}
[python-3] [INFO] [1791194191.174566272] [lane_sim.lane_autonomy]: FOLLOWING: v=0.090, w=-0.080; Lane=2, used_boundaries=2, perception=OPENCV_WHITE_SIM, metric_target={'x_m': 0.3045254811472234, 'y_m': -0.042112869238529395, 'width_m': 0.2, 'boundary_count': 2, 'inferred': False}, corner={'mode': 'WHITE_PATH', 'reason': 'connected normal-offset centre'}
[python-3] [INFO] [1791194191.723416461] [lane_sim.lane_autonomy]: FOLLOWING: v=0.092, w=-0.063; Lane=2, used_boundaries=2, perception=OPENCV_WHITE_SIM, metric_target={'x_m': 0.3053822674761522, 'y_m': -0.032486284933497166, 'width_m': 0.2, 'boundary_count': 2, 'inferred': False}, corner={'mode': 'WHITE_PATH', 'reason': 'connected normal-offset centre'}
[python-3] [INFO] [1791194192.273257473] [lane_sim.lane_autonomy]: FOLLOWING: v=0.097, w=-0.021; Lane=2, used_boundaries=2, perception=OPENCV_WHITE_SIM, metric_target={'x_m': 0.3430013461663688, 'y_m': -0.012471994962727629, 'width_m': 0.2, 'boundary_count': 2, 'inferred': False}, corner={'mode': 'WHITE_PATH', 'reason': 'connected normal-offset centre'}
[python-3] [INFO] [1791194192.722307693] [lane_sim.lane_autonomy]: FOLLOWING: v=0.099, w=-0.009; Lane=2, used_boundaries=2, perception=OPENCV_WHITE_SIM, metric_target={'x_m': 0.34121372782131365, 'y_m': -0.005393417664392111, 'width_m': 0.2, 'boundary_count': 2, 'inferred': False}, corner={'mode': 'WHITE_PATH', 'reason': 'connected normal-offset centre'}
[python-3] [INFO] [1791194193.330405876] [lane_sim.lane_autonomy]: FOLLOWING: v=0.099, w=0.008; Lane=2, used_boundaries=2, perception=OPENCV_WHITE_SIM, metric_target={'x_m': 0.35423921617773413, 'y_m': 0.005237175787100986, 'width_m': 0.2, 'boundary_count': 2, 'inferred': False}, corner={'mode': 'WHITE_PATH', 'reason': 'connected normal-offset centre'}
[python-3] [INFO] [1791194194.025314342] [lane_sim.lane_autonomy]: FOLLOWING: v=0.097, w=0.019; Lane=2, used_boundaries=2, perception=OPENCV_WHITE_SIM, metric_target={'x_m': 0.3670347236950955, 'y_m': 0.013242681484780132, 'width_m': 0.2, 'boundary_count': 2, 'inferred': False}, corner={'mode': 'WHITE_PATH', 'reason': 'connected normal-offset centre'}
[python-3] [INFO] [1791194194.672876987] [lane_sim.lane_autonomy]: FOLLOWING: v=0.097, w=0.022; Lane=2, used_boundaries=2, perception=OPENCV_WHITE_SIM, metric_target={'x_m': 0.3760682738415357, 'y_m': 0.016226328328199088, 'width_m': 0.2, 'boundary_count': 2, 'inferred': False}, corner={'mode': 'WHITE_PATH', 'reason': 'connected normal-offset centre'}
[python-3] [INFO] [1791194195.133804642] [lane_sim.lane_autonomy]: FOLLOWING: v=0.097, w=0.024; Lane=2, used_boundaries=2, perception=OPENCV_WHITE_SIM, metric_target={'x_m': 0.3468967984579687, 'y_m': 0.015272750997519423, 'width_m': 0.2, 'boundary_count': 2, 'inferred': False}, corner={'mode': 'WHITE_PATH', 'reason': 'connected normal-offset centre'}
[python-3] [INFO] [1791194195.474787146] [lane_sim.lane_autonomy]: FOLLOWING: v=0.097, w=0.019; Lane=2, used_boundaries=2, perception=OPENCV_WHITE_SIM, metric_target={'x_m': 0.36404572073179364, 'y_m': 0.013059470629733333, 'width_m': 0.2, 'boundary_count': 2, 'inferred': False}, corner={'mode': 'WHITE_PATH', 'reason': 'connected normal-offset centre'}
[python-3] [INFO] [1791194195.973079223] [lane_sim.lane_autonomy]: FOLLOWING: v=0.098, w=0.015; Lane=2, used_boundaries=2, perception=OPENCV_WHITE_SIM, metric_target={'x_m': 0.3641300536178236, 'y_m': 0.010354312532324942, 'width_m': 0.2, 'boundary_count': 2, 'inferred': False}, corner={'mode': 'WHITE_PATH', 'reason': 'connected normal-offset centre'}
[python-3] [INFO] [1791194196.481336857] [lane_sim.lane_autonomy]: FOLLOWING: v=0.097, w=0.023; Lane=2, used_boundaries=2, perception=OPENCV_WHITE_SIM, metric_target={'x_m': 0.34148693808881997, 'y_m': 0.013981428994842924, 'width_m': 0.2, 'boundary_count': 2, 'inferred': False}, corner={'mode': 'WHITE_PATH', 'reason': 'connected normal-offset centre'}
[python-3] [INFO] [1791194196.975304590] [lane_sim.lane_autonomy]: FOLLOWING: v=0.098, w=0.018; Lane=2, used_boundaries=2, perception=OPENCV_WHITE_SIM, metric_target={'x_m': 0.34767146327106413, 'y_m': 0.0111688141450815, 'width_m': 0.2, 'boundary_count': 2, 'inferred': False}, corner={'mode': 'WHITE_PATH', 'reason': 'connected normal-offset centre'}
[python-3] [INFO] [1791194197.424962991] [lane_sim.lane_autonomy]: FOLLOWING: v=0.099, w=0.007; Lane=2, used_boundaries=2, perception=OPENCV_WHITE_SIM, metric_target={'x_m': 0.36769697048544076, 'y_m': 0.005015637617314887, 'width_m': 0.2, 'boundary_count': 2, 'inferred': False}, corner={'mode': 'WHITE_PATH', 'reason': 'connected normal-offset centre'}
[python-3] [INFO] [1791194197.973982647] [lane_sim.lane_autonomy]: FOLLOWING: v=0.099, w=0.005; Lane=2, used_boundaries=2, perception=OPENCV_WHITE_SIM, metric_target={'x_m': 0.36663538412403657, 'y_m': 0.003084268148353564, 'width_m': 0.2, 'boundary_count': 2, 'inferred': False}, corner={'mode': 'WHITE_PATH', 'reason': 'connected normal-offset centre'}
[python-3] [INFO] [1791194198.522928790] [lane_sim.lane_autonomy]: FOLLOWING: v=0.099, w=0.007; Lane=2, used_boundaries=2, perception=OPENCV_WHITE_SIM, metric_target={'x_m': 0.3696921431082416, 'y_m': 0.004653659113886856, 'width_m': 0.2, 'boundary_count': 2, 'inferred': False}, corner={'mode': 'WHITE_PATH', 'reason': 'connected normal-offset centre'}
[python-3] [INFO] [1791194199.125043069] [lane_sim.lane_autonomy]: FOLLOWING: v=0.100, w=0.001; Lane=2, used_boundaries=2, perception=OPENCV_WHITE_SIM, metric_target={'x_m': 0.352543576436562, 'y_m': 0.0008575596551842638, 'width_m': 0.2, 'boundary_count': 2, 'inferred': False}, corner={'mode': 'WHITE_PATH', 'reason': 'connected normal-offset centre'}
[python-3] [INFO] [1791194199.475319204] [lane_sim.lane_autonomy]: FOLLOWING: v=0.100, w=-0.001; Lane=2, used_boundaries=2, perception=OPENCV_WHITE_SIM, metric_target={'x_m': 0.35480475924829025, 'y_m': -0.0009278250004364109, 'width_m': 0.2, 'boundary_count': 2, 'inferred': False}, corner={'mode': 'WHITE_PATH', 'reason': 'connected normal-offset centre'}
[python-3] [INFO] [1791194199.873674629] [lane_sim.lane_autonomy]: FOLLOWING: v=0.100, w=0.001; Lane=2, used_boundaries=2, perception=OPENCV_WHITE_SIM, metric_target={'x_m': 0.3649925964838931, 'y_m': 0.0008523947851367987, 'width_m': 0.2, 'boundary_count': 2, 'inferred': False}, corner={'mode': 'WHITE_PATH', 'reason': 'connected normal-offset centre'}
[python-3] [INFO] [1791194200.178617490] [lane_sim.lane_autonomy]: DISABLED
[WARNING] [launch]: user interrupted with ctrl-c (SIGINT)
[INFO] [python-3]: sending signal 'SIGINT' to process[python-3]
[INFO] [parameter_bridge-2]: sending signal 'SIGINT' to process[parameter_bridge-2]
[INFO] [gz-1]: sending signal 'SIGINT' to process[gz-1]
[parameter_bridge-2] [INFO] [1791194202.168224612] [rclcpp]: signal_handler(SIGINT/SIGTERM)
[parameter_bridge-2] corrupted double-linked list
[python-3] Traceback (most recent call last):
[python-3]   File "/home/tory/pinky_nav_publish_yWXwM0/repo/install/pinky_move/lib/pinky_move/lane_autonomy", line 33, in <module>
[python-3]     sys.exit(load_entry_point('pinky-move', 'console_scripts', 'lane_autonomy')())
[python-3]              ^^^^^^^^^^^^^^^^^^^^^^^^^^^^^^^^^^^^^^^^^^^^^^^^^^^^^^^^^^^^^^^^^^^^
[python-3]   File "/home/tory/pinky_nav_publish_yWXwM0/repo/build/pinky_move/pinky_move/lane_autonomy.py", line 1938, in main
[python-3]     node.destroy_node()
[python-3]   File "/home/tory/pinky_nav_publish_yWXwM0/repo/build/pinky_move/pinky_move/lane_autonomy.py", line 1915, in destroy_node
[python-3]     debug_worker.close()
[python-3]   File "/home/tory/pinky_nav_publish_yWXwM0/repo/build/pinky_move/pinky_move/debug_worker.py", line 146, in close
[python-3]     self.thread.join(timeout=2.)
[python-3]   File "/usr/lib/python3.12/threading.py", line 1151, in join
[python-3]     self._wait_for_tstate_lock(timeout=max(timeout, 0))
[python-3]   File "/usr/lib/python3.12/threading.py", line 1167, in _wait_for_tstate_lock
[python-3]     if lock.acquire(block, timeout):
[python-3]        ^^^^^^^^^^^^^^^^^^^^^^^^^^^^
[python-3] KeyboardInterrupt
[INFO] [gz-1]: process has finished cleanly [pid 212207]
[ERROR] [python-3]: process has died [pid 212209, exit code -2, cmd '/home/tory/venv/omx/bin/python /home/tory/pinky_nav_publish_yWXwM0/repo/install/pinky_move/lib/pinky_move/lane_autonomy --ros-args -r __node:=lane_autonomy -r __ns:=/lane_sim --params-file /home/tory/pinky_nav_publish_yWXwM0/repo/install/pinky_move/share/pinky_move/config/lane_autonomy.yaml --params-file /tmp/launch_params_90h8u7e8'].
[ERROR] [parameter_bridge-2]: process has died [pid 212208, exit code -6, cmd '/opt/ros/jazzy/lib/ros_gz_bridge/parameter_bridge /lane_sim/camera/image_raw@sensor_msgs/msg/Image[gz.msgs.Image /lane_sim/camera/camera_info@sensor_msgs/msg/CameraInfo[gz.msgs.CameraInfo /lane_sim/odom@nav_msgs/msg/Odometry[gz.msgs.Odometry /lane_sim/ground_truth@nav_msgs/msg/Odometry[gz.msgs.Odometry /lane_sim/cmd_vel@geometry_msgs/msg/Twist]gz.msgs.Twist /clock@rosgraph_msgs/msg/Clock[gz.msgs.Clock --ros-args -r __node:=lane_sim_bridge --params-file /tmp/launch_params_yqog5st_'].
