[INFO] [launch]: All log files can be found below /home/tory/.ros/log/2026-10-05-18-56-49-320677-tory-15Z95N-GP7QL-212623
[INFO] [launch]: Default logging verbosity is set to INFO
[INFO] [gz-1]: process started with pid [212630]
[INFO] [parameter_bridge-2]: process started with pid [212631]
[INFO] [python-3]: process started with pid [212632]
[parameter_bridge-2] [INFO] [1791194209.938476611] [lane_sim_bridge]: Creating GZ->ROS Bridge: [/lane_sim/camera/image_raw (gz.msgs.Image) -> /lane_sim/camera/image_raw (sensor_msgs/msg/Image)] (Lazy 0)
[parameter_bridge-2] [INFO] [1791194209.940591429] [lane_sim_bridge]: Creating GZ->ROS Bridge: [/lane_sim/camera/camera_info (gz.msgs.CameraInfo) -> /lane_sim/camera/camera_info (sensor_msgs/msg/CameraInfo)] (Lazy 0)
[parameter_bridge-2] [INFO] [1791194209.940961286] [lane_sim_bridge]: Creating GZ->ROS Bridge: [/lane_sim/odom (gz.msgs.Odometry) -> /lane_sim/odom (nav_msgs/msg/Odometry)] (Lazy 0)
[parameter_bridge-2] [INFO] [1791194209.941983893] [lane_sim_bridge]: Creating GZ->ROS Bridge: [/lane_sim/ground_truth (gz.msgs.Odometry) -> /lane_sim/ground_truth (nav_msgs/msg/Odometry)] (Lazy 0)
[parameter_bridge-2] [INFO] [1791194209.942302770] [lane_sim_bridge]: Creating ROS->GZ Bridge: [/lane_sim/cmd_vel (geometry_msgs/msg/Twist) -> /lane_sim/cmd_vel (gz.msgs.Twist)] (Lazy 0)
[parameter_bridge-2] [INFO] [1791194209.942838500] [lane_sim_bridge]: Creating GZ->ROS Bridge: [/clock (gz.msgs.Clock) -> /clock (rosgraph_msgs/msg/Clock)] (Lazy 0)
[gz-1] [1;33mWarning [Utils.cc:132][0m [/sdf/world[@name="lane_course"]/model[@name="pinky_lane"]/link[@name="base_footprint"]/sensor[@name="camera"]/gz_frame_id:/tmp/pinky-opencv-suite-sl1v27r2/lane_course.sdf:L134]: XML Element[gz_frame_id], child of element[sensor], not defined in SDF. Copying[gz_frame_id] as children of [sensor].
[python-3] [WARN] [1791194210.540033283] [lane_sim.lane_autonomy]: URDF projection uses nominal mounting; physical accuracy remains unverified.
[python-3] [INFO] [1791194210.547710364] [lane_sim.lane_autonomy]: Lane autonomy ready and disabled. perception=OpenCV white pixels (simulation only), model=not loaded, image=/lane_sim/camera/image_raw, output=/lane_sim/cmd_vel
[python-3] [INFO] [1791194210.548219223] [lane_sim.lane_autonomy]: Enable after placing the robot safely: ros2 service call /lane_autonomy/enable std_srvs/srv/SetBool "{data: true}"
[parameter_bridge-2] [INFO] [1791194210.598179973] [lane_sim_bridge]: Passing message from ROS geometry_msgs/msg/Twist to Gazebo gz.msgs.Twist (showing msg only once per type)
[python-3] [INFO] [1791194210.598779679] [lane_sim.lane_autonomy]: DISABLED
[gz-1] [1;33m[Wrn] [OBJLoader.cc:202] [0m[1;33mMissing material for shape[[0m[1;33m] [0m[1;33min OBJ file[[0m[1;33m/tmp/pinky-opencv-suite-sl1v27r2/right_stripe_0.obj[0m[1;33m][0m[1;33m[0m
[gz-1] [1;33m[Wrn] [OBJLoader.cc:202] [0m[1;33mMissing material for shape[[0m[1;33m] [0m[1;33min OBJ file[[0m[1;33m/tmp/pinky-opencv-suite-sl1v27r2/left_stripe_0.obj[0m[1;33m][0m[1;33m[0m
[gz-1] [1;33m[Wrn] [Ogre2Camera.cc:423] [0m[1;33mOgre2Camera::SetVisibilityMask: Mask bits [0m[1;33mc0000000[0m[1;33m are set but will be ignored as they conflict with the [0m[1;33mreserved bits used internally by the ogre2 backend.[0m[1;33m[0m
[python-3] [WARN] [1791194212.971873360] [lane_sim.lane_autonomy]: Lidar obstacle stopping DISABLED; camera/line loss and command watchdog remain active.
[python-3] [INFO] [1791194213.003814602] [lane_sim.lane_autonomy]: WAITING_FOR_LANE: no usable boundary; Lane=0, used_boundaries=0, perception=YOLO, metric_target=None, corner={'mode': 'NORMAL', 'reason': 'no corner observation'}
[python-3] [INFO] [1791194213.762641825] [lane_sim.lane_autonomy]: FOLLOWING: v=0.100, w=-0.003; Lane=2, used_boundaries=2, perception=OPENCV_WHITE_SIM, metric_target={'x_m': 0.35883019312539693, 'y_m': -0.0018570298438465923, 'width_m': 0.2, 'boundary_count': 2, 'inferred': False}, corner={'mode': 'WHITE_PATH', 'reason': 'connected normal-offset centre'}
[python-3] [INFO] [1791194214.351069976] [lane_sim.lane_autonomy]: FOLLOWING: v=0.100, w=0.000; Lane=2, used_boundaries=2, perception=OPENCV_WHITE_SIM, metric_target={'x_m': 0.35767656752106325, 'y_m': 0.00014060280676725837, 'width_m': 0.2, 'boundary_count': 2, 'inferred': False}, corner={'mode': 'WHITE_PATH', 'reason': 'connected normal-offset centre'}
[python-3] [INFO] [1791194214.853867818] [lane_sim.lane_autonomy]: FOLLOWING: v=0.100, w=0.003; Lane=2, used_boundaries=2, perception=OPENCV_WHITE_SIM, metric_target={'x_m': 0.35673617493489984, 'y_m': 0.001757592345631828, 'width_m': 0.2, 'boundary_count': 2, 'inferred': False}, corner={'mode': 'WHITE_PATH', 'reason': 'connected normal-offset centre'}
[python-3] [INFO] [1791194215.553393872] [lane_sim.lane_autonomy]: FOLLOWING: v=0.100, w=-0.000; Lane=2, used_boundaries=2, perception=OPENCV_WHITE_SIM, metric_target={'x_m': 0.3682713919217655, 'y_m': -0.0002533055260128944, 'width_m': 0.2, 'boundary_count': 2, 'inferred': False}, corner={'mode': 'WHITE_PATH', 'reason': 'connected normal-offset centre'}
[python-3] [INFO] [1791194215.952442933] [lane_sim.lane_autonomy]: FOLLOWING: v=0.099, w=-0.004; Lane=2, used_boundaries=2, perception=OPENCV_WHITE_SIM, metric_target={'x_m': 0.35849873681413386, 'y_m': -0.002403791819509226, 'width_m': 0.2, 'boundary_count': 2, 'inferred': False}, corner={'mode': 'WHITE_PATH', 'reason': 'connected normal-offset centre'}
[python-3] [INFO] [1791194216.352588879] [lane_sim.lane_autonomy]: FOLLOWING: v=0.099, w=-0.005; Lane=2, used_boundaries=2, perception=OPENCV_WHITE_SIM, metric_target={'x_m': 0.3596190198699812, 'y_m': -0.003321626753803338, 'width_m': 0.2, 'boundary_count': 2, 'inferred': False}, corner={'mode': 'WHITE_PATH', 'reason': 'connected normal-offset centre'}
[python-3] [INFO] [1791194217.153774736] [lane_sim.lane_autonomy]: FOLLOWING: v=0.099, w=-0.009; Lane=2, used_boundaries=2, perception=OPENCV_WHITE_SIM, metric_target={'x_m': 0.3608496352683286, 'y_m': -0.005607388381301439, 'width_m': 0.2, 'boundary_count': 2, 'inferred': False}, corner={'mode': 'WHITE_PATH', 'reason': 'connected normal-offset centre'}
[python-3] [INFO] [1791194217.552489147] [lane_sim.lane_autonomy]: FOLLOWING: v=0.099, w=-0.011; Lane=2, used_boundaries=2, perception=OPENCV_WHITE_SIM, metric_target={'x_m': 0.3310034308529701, 'y_m': -0.006309525953354947, 'width_m': 0.2, 'boundary_count': 2, 'inferred': False}, corner={'mode': 'WHITE_PATH', 'reason': 'connected normal-offset centre'}
[python-3] [INFO] [1791194218.001988080] [lane_sim.lane_autonomy]: FOLLOWING: v=0.098, w=-0.015; Lane=2, used_boundaries=2, perception=OPENCV_WHITE_SIM, metric_target={'x_m': 0.29399219729692494, 'y_m': -0.006393793019228572, 'width_m': 0.2, 'boundary_count': 2, 'inferred': False}, corner={'mode': 'WHITE_PATH', 'reason': 'connected normal-offset centre'}
[python-3] [INFO] [1791194218.451900939] [lane_sim.lane_autonomy]: FOLLOWING: v=0.098, w=-0.017; Lane=2, used_boundaries=2, perception=OPENCV_WHITE_SIM, metric_target={'x_m': 0.2621082073517354, 'y_m': -0.006087378445294833, 'width_m': 0.2, 'boundary_count': 2, 'inferred': False}, corner={'mode': 'WHITE_PATH', 'reason': 'connected normal-offset centre'}
[python-3] [INFO] [1791194219.251687885] [lane_sim.lane_autonomy]: FOLLOWING: v=0.096, w=0.055; Lane=2, used_boundaries=2, perception=OPENCV_WHITE_SIM, metric_target={'x_m': 0.19583861665922853, 'y_m': 0.01098283176213699, 'width_m': 0.2, 'boundary_count': 2, 'inferred': False}, corner={'mode': 'WHITE_PATH', 'reason': 'connected normal-offset centre'}
[python-3] [INFO] [1791194219.857704996] [lane_sim.lane_autonomy]: FOLLOWING: v=0.042, w=-0.164; Lane=1, used_boundaries=1, perception=OPENCV_WHITE_SIM, metric_target={'x_m': 0.23050206303596496, 'y_m': -0.1483138090887304, 'width_m': 0.2, 'boundary_count': 1, 'inferred': True}, corner={'mode': 'WHITE_PATH', 'reason': 'connected normal-offset centre'}
[python-3] [INFO] [1791194220.150799311] [lane_sim.lane_autonomy]: FOLLOWING: v=0.038, w=-0.220; Lane=1, used_boundaries=1, perception=OPENCV_WHITE_SIM, metric_target={'x_m': 0.16583600044250488, 'y_m': -0.13018140196800232, 'width_m': 0.2, 'boundary_count': 1, 'inferred': True}, corner={'mode': 'WHITE_PATH', 'reason': 'connected normal-offset centre'}
[python-3] [INFO] [1791194220.652488834] [lane_sim.lane_autonomy]: FOLLOWING: v=0.037, w=-0.226; Lane=1, used_boundaries=1, perception=OPENCV_WHITE_SIM, metric_target={'x_m': 0.1596535570563743, 'y_m': -0.1292829721813542, 'width_m': 0.2, 'boundary_count': 1, 'inferred': True}, corner={'mode': 'WHITE_PATH', 'reason': 'connected normal-offset centre'}
[python-3] [INFO] [1791194221.104346823] [lane_sim.lane_autonomy]: FOLLOWING: v=0.035, w=-0.225; Lane=1, used_boundaries=1, perception=OPENCV_WHITE_SIM, metric_target={'x_m': 0.15482464498453075, 'y_m': -0.13845897862318507, 'width_m': 0.2, 'boundary_count': 1, 'inferred': True}, corner={'mode': 'WHITE_PATH', 'reason': 'connected normal-offset centre'}
[python-3] [INFO] [1791194221.350789019] [lane_sim.lane_autonomy]: FOLLOWING: v=0.036, w=-0.236; Lane=1, used_boundaries=1, perception=OPENCV_WHITE_SIM, metric_target={'x_m': 0.15161991541320644, 'y_m': -0.12706206655720756, 'width_m': 0.2, 'boundary_count': 1, 'inferred': True}, corner={'mode': 'WHITE_PATH', 'reason': 'connected normal-offset centre'}
[python-3] [INFO] [1791194221.502984633] [lane_sim.lane_autonomy]: FOLLOWING: v=0.037, w=-0.242; Lane=1, used_boundaries=1, perception=OPENCV_WHITE_SIM, metric_target={'x_m': 0.14902149970283404, 'y_m': -0.12202964971748481, 'width_m': 0.2, 'boundary_count': 1, 'inferred': True}, corner={'mode': 'WHITE_PATH', 'reason': 'connected normal-offset centre'}
[python-3] [INFO] [1791194221.750811218] [lane_sim.lane_autonomy]: FOLLOWING: v=0.038, w=-0.243; Lane=1, used_boundaries=1, perception=OPENCV_WHITE_SIM, metric_target={'x_m': 0.15049107936833636, 'y_m': -0.11781015827443764, 'width_m': 0.2, 'boundary_count': 1, 'inferred': True}, corner={'mode': 'WHITE_PATH', 'reason': 'connected normal-offset centre'}
[python-3] [INFO] [1791194221.907219419] [lane_sim.lane_autonomy]: FOLLOWING: v=0.038, w=-0.249; Lane=1, used_boundaries=1, perception=OPENCV_WHITE_SIM, metric_target={'x_m': 0.14745929661423518, 'y_m': -0.11375213495695785, 'width_m': 0.2, 'boundary_count': 1, 'inferred': True}, corner={'mode': 'WHITE_PATH', 'reason': 'connected normal-offset centre'}
[python-3] [INFO] [1791194222.100187331] [lane_sim.lane_autonomy]: FOLLOWING: v=0.039, w=-0.254; Lane=1, used_boundaries=1, perception=OPENCV_WHITE_SIM, metric_target={'x_m': 0.1458709870535434, 'y_m': -0.10872747698634029, 'width_m': 0.2, 'boundary_count': 1, 'inferred': True}, corner={'mode': 'WHITE_PATH', 'reason': 'connected normal-offset centre'}
[python-3] [INFO] [1791194222.301264347] [lane_sim.lane_autonomy]: FOLLOWING: v=0.038, w=-0.247; Lane=1, used_boundaries=1, perception=OPENCV_WHITE_SIM, metric_target={'x_m': 0.14880353499826632, 'y_m': -0.11327400392905546, 'width_m': 0.2, 'boundary_count': 1, 'inferred': True}, corner={'mode': 'WHITE_PATH', 'reason': 'connected normal-offset centre'}
[python-3] [INFO] [1791194222.550935301] [lane_sim.lane_autonomy]: FOLLOWING: v=0.038, w=-0.239; Lane=1, used_boundaries=1, perception=OPENCV_WHITE_SIM, metric_target={'x_m': 0.15408014365734887, 'y_m': -0.11705735388988114, 'width_m': 0.2, 'boundary_count': 1, 'inferred': True}, corner={'mode': 'WHITE_PATH', 'reason': 'connected normal-offset centre'}
[python-3] [INFO] [1791194222.751488517] [lane_sim.lane_autonomy]: FOLLOWING: v=0.038, w=-0.235; Lane=1, used_boundaries=1, perception=OPENCV_WHITE_SIM, metric_target={'x_m': 0.15605362271176026, 'y_m': -0.12090844185248358, 'width_m': 0.2, 'boundary_count': 1, 'inferred': True}, corner={'mode': 'WHITE_PATH', 'reason': 'connected normal-offset centre'}
[python-3] [INFO] [1791194222.999749329] [lane_sim.lane_autonomy]: FOLLOWING: v=0.038, w=-0.228; Lane=1, used_boundaries=1, perception=OPENCV_WHITE_SIM, metric_target={'x_m': 0.16143252611464431, 'y_m': -0.12211340635939003, 'width_m': 0.2, 'boundary_count': 1, 'inferred': True}, corner={'mode': 'WHITE_PATH', 'reason': 'connected normal-offset centre'}
[python-3] [INFO] [1791194223.203035187] [lane_sim.lane_autonomy]: FOLLOWING: v=0.039, w=-0.220; Lane=1, used_boundaries=1, perception=OPENCV_WHITE_SIM, metric_target={'x_m': 0.1690223424573619, 'y_m': -0.12403241380993013, 'width_m': 0.2, 'boundary_count': 1, 'inferred': True}, corner={'mode': 'WHITE_PATH', 'reason': 'connected normal-offset centre'}
[python-3] [INFO] [1791194223.450120994] [lane_sim.lane_autonomy]: FOLLOWING: v=0.040, w=-0.215; Lane=1, used_boundaries=1, perception=OPENCV_WHITE_SIM, metric_target={'x_m': 0.17384285651376885, 'y_m': -0.12313588557805515, 'width_m': 0.2, 'boundary_count': 1, 'inferred': True}, corner={'mode': 'WHITE_PATH', 'reason': 'connected normal-offset centre'}
[python-3] [INFO] [1791194223.653401564] [lane_sim.lane_autonomy]: FOLLOWING: v=0.041, w=-0.209; Lane=1, used_boundaries=1, perception=OPENCV_WHITE_SIM, metric_target={'x_m': 0.180817847790985, 'y_m': -0.12076313016488663, 'width_m': 0.2, 'boundary_count': 1, 'inferred': True}, corner={'mode': 'WHITE_PATH', 'reason': 'connected normal-offset centre'}
[python-3] [INFO] [1791194223.950652673] [lane_sim.lane_autonomy]: FOLLOWING: v=0.042, w=-0.238; Lane=1, used_boundaries=1, perception=OPENCV_WHITE_SIM, metric_target={'x_m': 0.1591793835346171, 'y_m': -0.10003448138734237, 'width_m': 0.2, 'boundary_count': 1, 'inferred': True}, corner={'mode': 'WHITE_PATH', 'reason': 'connected normal-offset centre'}
[python-3] [INFO] [1791194224.200867499] [lane_sim.lane_autonomy]: FOLLOWING: v=0.043, w=-0.243; Lane=1, used_boundaries=1, perception=OPENCV_WHITE_SIM, metric_target={'x_m': 0.1562522964361627, 'y_m': -0.09463999861641013, 'width_m': 0.2, 'boundary_count': 1, 'inferred': True}, corner={'mode': 'WHITE_PATH', 'reason': 'connected normal-offset centre'}
[python-3] [INFO] [1791194224.399962695] [lane_sim.lane_autonomy]: FOLLOWING: v=0.043, w=-0.200; Lane=1, used_boundaries=1, perception=OPENCV_WHITE_SIM, metric_target={'x_m': 0.18983247863510289, 'y_m': -0.11416217572642158, 'width_m': 0.2, 'boundary_count': 1, 'inferred': True}, corner={'mode': 'WHITE_PATH', 'reason': 'connected normal-offset centre'}
[python-3] [INFO] [1791194224.603097833] [lane_sim.lane_autonomy]: FOLLOWING: v=0.045, w=-0.233; Lane=1, used_boundaries=1, perception=OPENCV_WHITE_SIM, metric_target={'x_m': 0.16199269607110572, 'y_m': -0.08837169284297049, 'width_m': 0.2, 'boundary_count': 1, 'inferred': True}, corner={'mode': 'WHITE_PATH', 'reason': 'connected normal-offset centre'}
[python-3] [INFO] [1791194224.850006857] [lane_sim.lane_autonomy]: FOLLOWING: v=0.045, w=-0.196; Lane=1, used_boundaries=1, perception=OPENCV_WHITE_SIM, metric_target={'x_m': 0.19163853730252695, 'y_m': -0.10206339530271326, 'width_m': 0.2, 'boundary_count': 1, 'inferred': True}, corner={'mode': 'WHITE_PATH', 'reason': 'connected normal-offset centre'}
[python-3] [INFO] [1791194225.102940791] [lane_sim.lane_autonomy]: FOLLOWING: v=0.047, w=-0.207; Lane=1, used_boundaries=1, perception=OPENCV_WHITE_SIM, metric_target={'x_m': 0.17907123188425506, 'y_m': -0.08765244025446398, 'width_m': 0.2, 'boundary_count': 1, 'inferred': True}, corner={'mode': 'WHITE_PATH', 'reason': 'connected normal-offset centre'}
[python-3] [INFO] [1791194225.503799546] [lane_sim.lane_autonomy]: FOLLOWING: v=0.048, w=-0.178; Lane=1, used_boundaries=1, perception=OPENCV_WHITE_SIM, metric_target={'x_m': 0.20549621326992293, 'y_m': -0.09440436259395495, 'width_m': 0.2, 'boundary_count': 1, 'inferred': True}, corner={'mode': 'WHITE_PATH', 'reason': 'connected normal-offset centre'}
[python-3] [INFO] [1791194225.953338564] [lane_sim.lane_autonomy]: FOLLOWING: v=0.050, w=-0.192; Lane=1, used_boundaries=1, perception=OPENCV_WHITE_SIM, metric_target={'x_m': 0.18249659123573225, 'y_m': -0.0741718633175609, 'width_m': 0.2, 'boundary_count': 1, 'inferred': True}, corner={'mode': 'WHITE_PATH', 'reason': 'connected normal-offset centre'}
[python-3] [INFO] [1791194226.452496956] [lane_sim.lane_autonomy]: FOLLOWING: v=0.053, w=-0.173; Lane=1, used_boundaries=1, perception=OPENCV_WHITE_SIM, metric_target={'x_m': 0.19000971801294778, 'y_m': -0.06668193721961527, 'width_m': 0.2, 'boundary_count': 1, 'inferred': True}, corner={'mode': 'WHITE_PATH', 'reason': 'connected normal-offset centre'}
[python-3] [INFO] [1791194226.902007060] [lane_sim.lane_autonomy]: FOLLOWING: v=0.055, w=-0.165; Lane=1, used_boundaries=1, perception=OPENCV_WHITE_SIM, metric_target={'x_m': 0.18007016680001459, 'y_m': -0.05272091932057435, 'width_m': 0.2, 'boundary_count': 1, 'inferred': True}, corner={'mode': 'WHITE_PATH', 'reason': 'connected normal-offset centre'}
[python-3] [INFO] [1791194227.407362265] [lane_sim.lane_autonomy]: FOLLOWING: v=0.087, w=-0.095; Lane=2, used_boundaries=2, perception=OPENCV_WHITE_SIM, metric_target={'x_m': 0.3016658825006483, 'y_m': -0.05107407346317599, 'width_m': 0.2, 'boundary_count': 2, 'inferred': False}, corner={'mode': 'WHITE_PATH', 'reason': 'connected normal-offset centre'}
[python-3] [INFO] [1791194227.853285854] [lane_sim.lane_autonomy]: FOLLOWING: v=0.092, w=-0.065; Lane=2, used_boundaries=2, perception=OPENCV_WHITE_SIM, metric_target={'x_m': 0.3061581888673391, 'y_m': -0.033789632465114745, 'width_m': 0.2, 'boundary_count': 2, 'inferred': False}, corner={'mode': 'WHITE_PATH', 'reason': 'connected normal-offset centre'}
[python-3] [INFO] [1791194228.408475991] [lane_sim.lane_autonomy]: FOLLOWING: v=0.095, w=-0.037; Lane=2, used_boundaries=2, perception=OPENCV_WHITE_SIM, metric_target={'x_m': 0.32091198381413577, 'y_m': -0.020204330904444418, 'width_m': 0.2, 'boundary_count': 2, 'inferred': False}, corner={'mode': 'WHITE_PATH', 'reason': 'connected normal-offset centre'}
[python-3] [INFO] [1791194228.901193158] [lane_sim.lane_autonomy]: FOLLOWING: v=0.099, w=-0.006; Lane=2, used_boundaries=2, perception=OPENCV_WHITE_SIM, metric_target={'x_m': 0.34232619229430605, 'y_m': -0.0032662831841265335, 'width_m': 0.2, 'boundary_count': 2, 'inferred': False}, corner={'mode': 'WHITE_PATH', 'reason': 'connected normal-offset centre'}
[python-3] [INFO] [1791194229.609705724] [lane_sim.lane_autonomy]: FOLLOWING: v=0.098, w=0.014; Lane=2, used_boundaries=2, perception=OPENCV_WHITE_SIM, metric_target={'x_m': 0.36145265539867333, 'y_m': 0.00924642313253166, 'width_m': 0.2, 'boundary_count': 2, 'inferred': False}, corner={'mode': 'WHITE_PATH', 'reason': 'connected normal-offset centre'}
[python-3] [INFO] [1791194230.310223390] [lane_sim.lane_autonomy]: FOLLOWING: v=0.096, w=0.028; Lane=2, used_boundaries=2, perception=OPENCV_WHITE_SIM, metric_target={'x_m': 0.3782189537208354, 'y_m': 0.0206155440601993, 'width_m': 0.2, 'boundary_count': 2, 'inferred': False}, corner={'mode': 'WHITE_PATH', 'reason': 'connected normal-offset centre'}
[python-3] [INFO] [1791194230.852571550] [lane_sim.lane_autonomy]: FOLLOWING: v=0.096, w=0.032; Lane=2, used_boundaries=2, perception=OPENCV_WHITE_SIM, metric_target={'x_m': 0.34220308965588314, 'y_m': 0.01936669039693597, 'width_m': 0.2, 'boundary_count': 2, 'inferred': False}, corner={'mode': 'WHITE_PATH', 'reason': 'connected normal-offset centre'}
[python-3] [INFO] [1791194231.402371694] [lane_sim.lane_autonomy]: FOLLOWING: v=0.096, w=0.031; Lane=2, used_boundaries=2, perception=OPENCV_WHITE_SIM, metric_target={'x_m': 0.34083070819261957, 'y_m': 0.018770628073048242, 'width_m': 0.2, 'boundary_count': 2, 'inferred': False}, corner={'mode': 'WHITE_PATH', 'reason': 'connected normal-offset centre'}
[python-3] [INFO] [1791194231.901863641] [lane_sim.lane_autonomy]: FOLLOWING: v=0.096, w=0.027; Lane=2, used_boundaries=2, perception=OPENCV_WHITE_SIM, metric_target={'x_m': 0.34227124688449323, 'y_m': 0.016635658033841514, 'width_m': 0.2, 'boundary_count': 2, 'inferred': False}, corner={'mode': 'WHITE_PATH', 'reason': 'connected normal-offset centre'}
[python-3] [INFO] [1791194232.403415063] [lane_sim.lane_autonomy]: FOLLOWING: v=0.097, w=0.025; Lane=2, used_boundaries=2, perception=OPENCV_WHITE_SIM, metric_target={'x_m': 0.3391047406961423, 'y_m': 0.01498908874082312, 'width_m': 0.2, 'boundary_count': 2, 'inferred': False}, corner={'mode': 'WHITE_PATH', 'reason': 'connected normal-offset centre'}
[python-3] [INFO] [1791194232.901429223] [lane_sim.lane_autonomy]: FOLLOWING: v=0.098, w=0.017; Lane=2, used_boundaries=2, perception=OPENCV_WHITE_SIM, metric_target={'x_m': 0.3482399260639268, 'y_m': 0.010260710743695623, 'width_m': 0.2, 'boundary_count': 2, 'inferred': False}, corner={'mode': 'WHITE_PATH', 'reason': 'connected normal-offset centre'}
[python-3] [INFO] [1791194233.451301640] [lane_sim.lane_autonomy]: FOLLOWING: v=0.098, w=0.014; Lane=2, used_boundaries=2, perception=OPENCV_WHITE_SIM, metric_target={'x_m': 0.350968702741647, 'y_m': 0.009040773117826603, 'width_m': 0.2, 'boundary_count': 2, 'inferred': False}, corner={'mode': 'WHITE_PATH', 'reason': 'connected normal-offset centre'}
[python-3] [INFO] [1791194234.153134994] [lane_sim.lane_autonomy]: FOLLOWING: v=0.100, w=0.003; Lane=2, used_boundaries=2, perception=OPENCV_WHITE_SIM, metric_target={'x_m': 0.369056015559783, 'y_m': 0.002312951130128798, 'width_m': 0.2, 'boundary_count': 2, 'inferred': False}, corner={'mode': 'WHITE_PATH', 'reason': 'connected normal-offset centre'}
[python-3] [INFO] [1791194234.803292099] [lane_sim.lane_autonomy]: FOLLOWING: v=0.100, w=0.003; Lane=2, used_boundaries=2, perception=OPENCV_WHITE_SIM, metric_target={'x_m': 0.3546550304367558, 'y_m': 0.0017243660816248126, 'width_m': 0.2, 'boundary_count': 2, 'inferred': False}, corner={'mode': 'WHITE_PATH', 'reason': 'connected normal-offset centre'}
[python-3] [INFO] [1791194235.401572788] [lane_sim.lane_autonomy]: FOLLOWING: v=0.099, w=-0.005; Lane=2, used_boundaries=2, perception=OPENCV_WHITE_SIM, metric_target={'x_m': 0.36077185585790267, 'y_m': -0.003518932748936866, 'width_m': 0.2, 'boundary_count': 2, 'inferred': False}, corner={'mode': 'WHITE_PATH', 'reason': 'connected normal-offset centre'}
[python-3] [INFO] [1791194236.101731276] [lane_sim.lane_autonomy]: FOLLOWING: v=0.099, w=-0.007; Lane=2, used_boundaries=2, perception=OPENCV_WHITE_SIM, metric_target={'x_m': 0.3570862404893242, 'y_m': -0.004688157647186852, 'width_m': 0.2, 'boundary_count': 2, 'inferred': False}, corner={'mode': 'WHITE_PATH', 'reason': 'connected normal-offset centre'}
[python-3] [INFO] [1791194236.400775657] [lane_sim.lane_autonomy]: FOLLOWING: v=0.100, w=-0.004; Lane=2, used_boundaries=2, perception=OPENCV_WHITE_SIM, metric_target={'x_m': 0.3592767112745967, 'y_m': -0.0023249318251436853, 'width_m': 0.2, 'boundary_count': 2, 'inferred': False}, corner={'mode': 'WHITE_PATH', 'reason': 'connected normal-offset centre'}
[python-3] [INFO] [1791194236.601336675] [lane_sim.lane_autonomy]: FOLLOWING: v=0.099, w=-0.006; Lane=2, used_boundaries=2, perception=OPENCV_WHITE_SIM, metric_target={'x_m': 0.35756070199200407, 'y_m': -0.003928910188263981, 'width_m': 0.2, 'boundary_count': 2, 'inferred': False}, corner={'mode': 'WHITE_PATH', 'reason': 'connected normal-offset centre'}
[python-3] [INFO] [1791194236.900533975] [lane_sim.lane_autonomy]: FOLLOWING: v=0.100, w=-0.001; Lane=2, used_boundaries=2, perception=OPENCV_WHITE_SIM, metric_target={'x_m': 0.35954567925461345, 'y_m': -0.0006623171930663874, 'width_m': 0.2, 'boundary_count': 2, 'inferred': False}, corner={'mode': 'WHITE_PATH', 'reason': 'connected normal-offset centre'}
[python-3] [INFO] [1791194237.198369315] [lane_sim.lane_autonomy]: DISABLED
[WARNING] [launch]: user interrupted with ctrl-c (SIGINT)
[INFO] [python-3]: sending signal 'SIGINT' to process[python-3]
[INFO] [parameter_bridge-2]: sending signal 'SIGINT' to process[parameter_bridge-2]
[INFO] [gz-1]: sending signal 'SIGINT' to process[gz-1]
[parameter_bridge-2] [INFO] [1791194239.194263214] [rclcpp]: signal_handler(SIGINT/SIGTERM)
[python-3] Traceback (most recent call last):
[python-3]   File "/home/tory/pinky_nav_publish_yWXwM0/repo/install/pinky_move/lib/pinky_move/lane_autonomy", line 33, in <module>
[python-3]     sys.exit(load_entry_point('pinky-move', 'console_scripts', 'lane_autonomy')())
[python-3]              ^^^^^^^^^^^^^^^^^^^^^^^^^^^^^^^^^^^^^^^^^^^^^^^^^^^^^^^^^^^^^^^^^^^^
[python-3]   File "/home/tory/pinky_nav_publish_yWXwM0/repo/build/pinky_move/pinky_move/lane_autonomy.py", line 1938, in main
[python-3]     node.destroy_node()
[python-3]   File "/home/tory/pinky_nav_publish_yWXwM0/repo/build/pinky_move/pinky_move/lane_autonomy.py", line 1918, in destroy_node
[python-3]     debug_transport.close()
[python-3]   File "/home/tory/pinky_nav_publish_yWXwM0/repo/build/pinky_move/pinky_move/debug_worker.py", line 87, in close
[python-3]     self.process.join(timeout=.3)
[python-3]   File "/usr/lib/python3.12/multiprocessing/process.py", line 149, in join
[python-3]     res = self._popen.wait(timeout)
[python-3]           ^^^^^^^^^^^^^^^^^^^^^^^^^
[python-3]   File "/usr/lib/python3.12/multiprocessing/popen_fork.py", line 40, in wait
[python-3]     if not wait([self.sentinel], timeout):
[python-3]            ^^^^^^^^^^^^^^^^^^^^^^^^^^^^^^
[python-3]   File "/usr/lib/python3.12/multiprocessing/connection.py", line 1136, in wait
[python-3]     ready = selector.select(timeout)
[python-3]             ^^^^^^^^^^^^^^^^^^^^^^^^
[python-3]   File "/usr/lib/python3.12/selectors.py", line 415, in select
[python-3]     fd_event_list = self._selector.poll(timeout)
[python-3]                     ^^^^^^^^^^^^^^^^^^^^^^^^^^^^
[python-3] KeyboardInterrupt
[INFO] [parameter_bridge-2]: process has finished cleanly [pid 212631]
[INFO] [gz-1]: process has finished cleanly [pid 212630]
[ERROR] [python-3]: process has died [pid 212632, exit code -2, cmd '/home/tory/venv/omx/bin/python /home/tory/pinky_nav_publish_yWXwM0/repo/install/pinky_move/lib/pinky_move/lane_autonomy --ros-args -r __node:=lane_autonomy -r __ns:=/lane_sim --params-file /home/tory/pinky_nav_publish_yWXwM0/repo/install/pinky_move/share/pinky_move/config/lane_autonomy.yaml --params-file /tmp/launch_params_sikbtlkx'].
