{
  "course": "s_sharp",
  "physics_trial": true,
  "controller_enabled": true,
  "yolo_enabled": false,
  "perception": "OpenCV white pixels",
  "lane_count": 2,
  "stripe_count": 3,
  "error": null,
  "raw_frames": 714,
  "debug_frames": 90,
  "camera_intrinsics": [
    [
      566.0,
      0.0,
      320.0
    ],
    [
      0.0,
      566.0,
      240.0
    ],
    [
      0.0,
      0.0,
      1.0
    ]
  ],
  "nonzero_commands": 932,
  "status_counts": {
    "DISABLED": 3,
    "WAITING_FOR_LANE": 2,
    "FOLLOWING": 107
  },
  "travelled_m": 2.7018168961867124,
  "net_displacement_m": 2.001164894635982,
  "max_cross_track_m": 0.0661995653240206,
  "final_progress_m": 3.0011592730597565,
  "final_pose": {
    "t": 50.357454999000765,
    "x": 2.0011592730586334,
    "y": -0.00474335012280305,
    "z": -8.462968546554895e-09,
    "yaw": 0.05713605042542399,
    "stamp": 47.056,
    "frame": "world",
    "child": "base_link"
  },
  "reached_finish": true,
  "lane_departure": false,
  "passed": true,
  "video_exports": [
    {
      "path": "pinky_move/reports/gazebo_physics_20261005/opencv_final_suite_v2/s_sharp_opencv_lane0_r2/raw_frames.mp4",
      "changed": true,
      "original": "pinky_move/reports/gazebo_physics_20261005/opencv_final_suite_v2/s_sharp_opencv_lane0_r2/original_mp4v/raw_frames.mp4",
      "before": {
        "codec_name": "mpeg4",
        "width": 640,
        "height": 480,
        "pix_fmt": "yuv420p",
        "nb_frames": "714",
        "duration": 47.6
      },
      "after": {
        "codec_name": "h264",
        "width": 640,
        "height": 480,
        "pix_fmt": "yuv420p",
        "nb_frames": "714",
        "duration": 47.6
      },
      "full_decode_ok": true
    },
    {
      "path": "pinky_move/reports/gazebo_physics_20261005/opencv_final_suite_v2/s_sharp_opencv_lane0_r2/debug_frames.mp4",
      "changed": true,
      "original": "pinky_move/reports/gazebo_physics_20261005/opencv_final_suite_v2/s_sharp_opencv_lane0_r2/original_mp4v/debug_frames.mp4",
      "before": {
        "codec_name": "mpeg4",
        "width": 640,
        "height": 480,
        "pix_fmt": "yuv420p",
        "nb_frames": "90",
        "duration": 6.0
      },
      "after": {
        "codec_name": "h264",
        "width": 640,
        "height": 480,
        "pix_fmt": "yuv420p",
        "nb_frames": "90",
        "duration": 6.0
      },
      "full_decode_ok": true
    }
  ]
}
