{
  "course": "s_sharp",
  "physics_trial": true,
  "controller_enabled": true,
  "yolo_enabled": false,
  "perception": "OpenCV white pixels",
  "lane_count": 2,
  "stripe_count": 3,
  "error": null,
  "raw_frames": 720,
  "debug_frames": 91,
  "camera_intrinsics": [
    [
      566.0,
      0.0,
      320.0
    ],
    [
      0.0,
      566.0,
      240.0
    ],
    [
      0.0,
      0.0,
      1.0
    ]
  ],
  "nonzero_commands": 945,
  "status_counts": {
    "DISABLED": 3,
    "WAITING_FOR_LANE": 1,
    "FOLLOWING": 108
  },
  "travelled_m": 2.7493480071348833,
  "net_displacement_m": 2.0028874601072526,
  "max_cross_track_m": 0.05580846624111757,
  "final_progress_m": 3.0028873172325814,
  "final_pose": {
    "t": 50.832699614999,
    "x": 2.0028873172314583,
    "y": 0.0007565208216408873,
    "z": -8.461792115729077e-09,
    "yaw": 0.032570336765123525,
    "stamp": 47.464,
    "frame": "world",
    "child": "base_link"
  },
  "reached_finish": true,
  "lane_departure": false,
  "passed": true,
  "video_exports": [
    {
      "path": "pinky_move/reports/gazebo_physics_20261005/opencv_final_suite_v2/s_sharp_opencv_lane1_r1/raw_frames.mp4",
      "changed": true,
      "original": "pinky_move/reports/gazebo_physics_20261005/opencv_final_suite_v2/s_sharp_opencv_lane1_r1/original_mp4v/raw_frames.mp4",
      "before": {
        "codec_name": "mpeg4",
        "width": 640,
        "height": 480,
        "pix_fmt": "yuv420p",
        "nb_frames": "720",
        "duration": 48.0
      },
      "after": {
        "codec_name": "h264",
        "width": 640,
        "height": 480,
        "pix_fmt": "yuv420p",
        "nb_frames": "720",
        "duration": 48.0
      },
      "full_decode_ok": true
    },
    {
      "path": "pinky_move/reports/gazebo_physics_20261005/opencv_final_suite_v2/s_sharp_opencv_lane1_r1/debug_frames.mp4",
      "changed": true,
      "original": "pinky_move/reports/gazebo_physics_20261005/opencv_final_suite_v2/s_sharp_opencv_lane1_r1/original_mp4v/debug_frames.mp4",
      "before": {
        "codec_name": "mpeg4",
        "width": 640,
        "height": 480,
        "pix_fmt": "yuv420p",
        "nb_frames": "91",
        "duration": 6.066667
      },
      "after": {
        "codec_name": "h264",
        "width": 640,
        "height": 480,
        "pix_fmt": "yuv420p",
        "nb_frames": "91",
        "duration": 6.066667
      },
      "full_decode_ok": true
    }
  ]
}
