{
  "course": "s_sharp",
  "physics_trial": true,
  "controller_enabled": true,
  "yolo_enabled": true,
  "perception": "YOLO + white supplement",
  "lane_count": 2,
  "stripe_count": 3,
  "error": null,
  "raw_frames": 2879,
  "debug_frames": 341,
  "camera_intrinsics": [
    [
      566.0,
      0.0,
      320.0
    ],
    [
      0.0,
      566.0,
      240.0
    ],
    [
      0.0,
      0.0,
      1.0
    ]
  ],
  "nonzero_commands": 274,
  "status_counts": {
    "DISABLED": 2,
    "WAITING_FOR_LANE": 293,
    "FOLLOWING": 50,
    "SAFETY_STOP": 11,
    "CORNER_STAGED": 27
  },
  "travelled_m": 0.8514506893142273,
  "net_displacement_m": 0.7258765445368215,
  "max_cross_track_m": 0.034298609194313046,
  "final_progress_m": 0.8921408089572093,
  "final_pose": {
    "t": 202.98397968099925,
    "x": 0.6842986091943131,
    "y": 0.2421408089560862,
    "z": -8.699870502919169e-09,
    "yaw": 1.5596702312888133,
    "stamp": 189.958,
    "frame": "world",
    "child": "base_link"
  },
  "reached_finish": false,
  "lane_departure": false,
  "passed": false,
  "video_exports": [
    {
      "path": "pinky_move/reports/yolo_white_20261006/s_fix_final_v29/s_sharp_hybrid_lane0_r1/raw_frames.mp4",
      "changed": true,
      "original": "pinky_move/reports/yolo_white_20261006/s_fix_final_v29/s_sharp_hybrid_lane0_r1/original_mp4v/raw_frames.mp4",
      "before": {
        "codec_name": "mpeg4",
        "width": 640,
        "height": 480,
        "pix_fmt": "yuv420p",
        "nb_frames": "2879",
        "duration": 191.933333
      },
      "after": {
        "codec_name": "h264",
        "width": 640,
        "height": 480,
        "pix_fmt": "yuv420p",
        "nb_frames": "2879",
        "duration": 191.933333
      },
      "full_decode_ok": true
    },
    {
      "path": "pinky_move/reports/yolo_white_20261006/s_fix_final_v29/s_sharp_hybrid_lane0_r1/debug_frames.mp4",
      "changed": true,
      "original": "pinky_move/reports/yolo_white_20261006/s_fix_final_v29/s_sharp_hybrid_lane0_r1/original_mp4v/debug_frames.mp4",
      "before": {
        "codec_name": "mpeg4",
        "width": 640,
        "height": 480,
        "pix_fmt": "yuv420p",
        "nb_frames": "341",
        "duration": 22.733333
      },
      "after": {
        "codec_name": "h264",
        "width": 640,
        "height": 480,
        "pix_fmt": "yuv420p",
        "nb_frames": "341",
        "duration": 22.733333
      },
      "full_decode_ok": true
    }
  ]
}
