{
  "course": "s_sharp",
  "physics_trial": true,
  "controller_enabled": true,
  "yolo_enabled": true,
  "perception": "YOLO + white supplement",
  "lane_count": 2,
  "stripe_count": 3,
  "error": null,
  "raw_frames": 729,
  "debug_frames": 110,
  "camera_intrinsics": [
    [
      566.0,
      0.0,
      320.0
    ],
    [
      0.0,
      566.0,
      240.0
    ],
    [
      0.0,
      0.0,
      1.0
    ]
  ],
  "nonzero_commands": 1042,
  "status_counts": {
    "DISABLED": 2,
    "WAITING_FOR_LANE": 3,
    "FOLLOWING": 212
  },
  "travelled_m": 2.631865662312128,
  "net_displacement_m": 2.003441172360207,
  "max_cross_track_m": 0.07240995899603618,
  "final_progress_m": 3.0033836819679602,
  "final_pose": {
    "t": 56.55474967099872,
    "x": 2.003383681966837,
    "y": -0.015177415212684097,
    "z": -8.467595583627087e-09,
    "yaw": 0.060686694727995726,
    "stamp": 48.076,
    "frame": "world",
    "child": "base_link"
  },
  "reached_finish": true,
  "lane_departure": false,
  "passed": true,
  "video_exports": [
    {
      "path": "pinky_move/reports/yolo_white_20261006/s_semantic_path_v2/s_sharp_hybrid_lane0_r1/raw_frames.mp4",
      "changed": true,
      "original": "pinky_move/reports/yolo_white_20261006/s_semantic_path_v2/s_sharp_hybrid_lane0_r1/original_mp4v/raw_frames.mp4",
      "before": {
        "codec_name": "mpeg4",
        "width": 640,
        "height": 480,
        "pix_fmt": "yuv420p",
        "nb_frames": "729",
        "duration": 48.6
      },
      "after": {
        "codec_name": "h264",
        "width": 640,
        "height": 480,
        "pix_fmt": "yuv420p",
        "nb_frames": "729",
        "duration": 48.6
      },
      "full_decode_ok": true
    },
    {
      "path": "pinky_move/reports/yolo_white_20261006/s_semantic_path_v2/s_sharp_hybrid_lane0_r1/debug_frames.mp4",
      "changed": true,
      "original": "pinky_move/reports/yolo_white_20261006/s_semantic_path_v2/s_sharp_hybrid_lane0_r1/original_mp4v/debug_frames.mp4",
      "before": {
        "codec_name": "mpeg4",
        "width": 640,
        "height": 480,
        "pix_fmt": "yuv420p",
        "nb_frames": "110",
        "duration": 7.333333
      },
      "after": {
        "codec_name": "h264",
        "width": 640,
        "height": 480,
        "pix_fmt": "yuv420p",
        "nb_frames": "110",
        "duration": 7.333333
      },
      "full_decode_ok": true
    }
  ]
}
