{
  "course": "s_sharp",
  "physics_trial": true,
  "controller_enabled": true,
  "yolo_enabled": true,
  "perception": "YOLO + white supplement",
  "lane_count": 2,
  "stripe_count": 3,
  "error": null,
  "raw_frames": 729,
  "debug_frames": 106,
  "camera_intrinsics": [
    [
      566.0,
      0.0,
      320.0
    ],
    [
      0.0,
      566.0,
      240.0
    ],
    [
      0.0,
      0.0,
      1.0
    ]
  ],
  "nonzero_commands": 1042,
  "status_counts": {
    "DISABLED": 2,
    "WAITING_FOR_LANE": 2,
    "FOLLOWING": 210,
    "SAFETY_STOP": 2
  },
  "travelled_m": 2.645208021024074,
  "net_displacement_m": 2.0030539973847286,
  "max_cross_track_m": 0.07133327987106597,
  "final_progress_m": 3.003010709977521,
  "final_pose": {
    "t": 56.51646013199934,
    "x": 2.003010709976398,
    "y": -0.01316860487249138,
    "z": -8.461975474939518e-09,
    "yaw": 0.054792637317587024,
    "stamp": 48.348,
    "frame": "world",
    "child": "base_link"
  },
  "reached_finish": true,
  "lane_departure": false,
  "passed": true,
  "video_exports": [
    {
      "path": "pinky_move/reports/yolo_white_20261006/s_semantic_path_v2/s_sharp_hybrid_lane1_r1/raw_frames.mp4",
      "changed": true,
      "original": "pinky_move/reports/yolo_white_20261006/s_semantic_path_v2/s_sharp_hybrid_lane1_r1/original_mp4v/raw_frames.mp4",
      "before": {
        "codec_name": "mpeg4",
        "width": 640,
        "height": 480,
        "pix_fmt": "yuv420p",
        "nb_frames": "729",
        "duration": 48.6
      },
      "after": {
        "codec_name": "h264",
        "width": 640,
        "height": 480,
        "pix_fmt": "yuv420p",
        "nb_frames": "729",
        "duration": 48.6
      },
      "full_decode_ok": true
    },
    {
      "path": "pinky_move/reports/yolo_white_20261006/s_semantic_path_v2/s_sharp_hybrid_lane1_r1/debug_frames.mp4",
      "changed": true,
      "original": "pinky_move/reports/yolo_white_20261006/s_semantic_path_v2/s_sharp_hybrid_lane1_r1/original_mp4v/debug_frames.mp4",
      "before": {
        "codec_name": "mpeg4",
        "width": 640,
        "height": 480,
        "pix_fmt": "yuv420p",
        "nb_frames": "106",
        "duration": 7.066667
      },
      "after": {
        "codec_name": "h264",
        "width": 640,
        "height": 480,
        "pix_fmt": "yuv420p",
        "nb_frames": "106",
        "duration": 7.066667
      },
      "full_decode_ok": true
    }
  ]
}
