{
  "course": "right90",
  "physics_trial": true,
  "controller_enabled": true,
  "yolo_enabled": true,
  "perception": "YOLO + white supplement",
  "lane_count": 1,
  "stripe_count": 2,
  "error": null,
  "raw_frames": 687,
  "debug_frames": 89,
  "camera_intrinsics": [
    [
      566.0,
      0.0,
      320.0
    ],
    [
      0.0,
      566.0,
      240.0
    ],
    [
      0.0,
      0.0,
      1.0
    ]
  ],
  "nonzero_commands": 541,
  "status_counts": {
    "DISABLED": 2,
    "WAITING_FOR_LANE": 15,
    "SAFETY_STOP": 11,
    "FOLLOWING": 80,
    "REACQUIRING_LANE": 5
  },
  "travelled_m": 1.874883861394442,
  "net_displacement_m": 1.3749093194340867,
  "max_cross_track_m": 0.040216559585879774,
  "final_progress_m": 1.9012664257817362,
  "final_pose": {
    "t": 52.34904418400038,
    "x": 0.7516390447118528,
    "y": -1.1512664257806133,
    "z": -8.456166942680369e-09,
    "yaw": -1.6180894514191002,
    "stamp": 45.322,
    "frame": "world",
    "child": "base_link"
  },
  "reached_finish": true,
  "lane_departure": false,
  "passed": true,
  "video_exports": [
    {
      "path": "pinky_move/reports/yolo_white_20261006/s_fix_final_v8/right90_hybrid_lane0_r1/raw_frames.mp4",
      "changed": true,
      "original": "pinky_move/reports/yolo_white_20261006/s_fix_final_v8/right90_hybrid_lane0_r1/original_mp4v/raw_frames.mp4",
      "before": {
        "codec_name": "mpeg4",
        "width": 640,
        "height": 480,
        "pix_fmt": "yuv420p",
        "nb_frames": "687",
        "duration": 45.8
      },
      "after": {
        "codec_name": "h264",
        "width": 640,
        "height": 480,
        "pix_fmt": "yuv420p",
        "nb_frames": "687",
        "duration": 45.8
      },
      "full_decode_ok": true
    },
    {
      "path": "pinky_move/reports/yolo_white_20261006/s_fix_final_v8/right90_hybrid_lane0_r1/debug_frames.mp4",
      "changed": true,
      "original": "pinky_move/reports/yolo_white_20261006/s_fix_final_v8/right90_hybrid_lane0_r1/original_mp4v/debug_frames.mp4",
      "before": {
        "codec_name": "mpeg4",
        "width": 640,
        "height": 480,
        "pix_fmt": "yuv420p",
        "nb_frames": "89",
        "duration": 5.933333
      },
      "after": {
        "codec_name": "h264",
        "width": 640,
        "height": 480,
        "pix_fmt": "yuv420p",
        "nb_frames": "89",
        "duration": 5.933333
      },
      "full_decode_ok": true
    }
  ]
}
