{
  "course": "s_sharp",
  "physics_trial": true,
  "controller_enabled": true,
  "yolo_enabled": true,
  "perception": "YOLO + white supplement",
  "lane_count": 2,
  "stripe_count": 3,
  "error": null,
  "raw_frames": 2727,
  "debug_frames": 396,
  "camera_intrinsics": [
    [
      566.0,
      0.0,
      320.0
    ],
    [
      0.0,
      566.0,
      240.0
    ],
    [
      0.0,
      0.0,
      1.0
    ]
  ],
  "nonzero_commands": 347,
  "status_counts": {
    "DISABLED": 2,
    "WAITING_FOR_LANE": 663,
    "FOLLOWING": 54,
    "CORNER_STAGED": 33
  },
  "travelled_m": 0.8625118110895202,
  "net_displacement_m": 0.7318817545652523,
  "max_cross_track_m": 0.03964815377540598,
  "final_progress_m": 0.895032795389951,
  "final_pose": {
    "t": 202.71462845600036,
    "x": 0.689644714217328,
    "y": 0.24503279538882775,
    "z": -8.699762853132116e-09,
    "yaw": 1.5734734380658117,
    "stamp": 180.064,
    "frame": "world",
    "child": "base_link"
  },
  "reached_finish": false,
  "lane_departure": false,
  "passed": false,
  "video_exports": [
    {
      "path": "pinky_move/reports/yolo_white_20261006/s_fix_final_v7/s_sharp_hybrid_lane1_r1/raw_frames.mp4",
      "changed": true,
      "original": "pinky_move/reports/yolo_white_20261006/s_fix_final_v7/s_sharp_hybrid_lane1_r1/original_mp4v/raw_frames.mp4",
      "before": {
        "codec_name": "mpeg4",
        "width": 640,
        "height": 480,
        "pix_fmt": "yuv420p",
        "nb_frames": "2727",
        "duration": 181.8
      },
      "after": {
        "codec_name": "h264",
        "width": 640,
        "height": 480,
        "pix_fmt": "yuv420p",
        "nb_frames": "2727",
        "duration": 181.8
      },
      "full_decode_ok": true
    },
    {
      "path": "pinky_move/reports/yolo_white_20261006/s_fix_final_v7/s_sharp_hybrid_lane1_r1/debug_frames.mp4",
      "changed": true,
      "original": "pinky_move/reports/yolo_white_20261006/s_fix_final_v7/s_sharp_hybrid_lane1_r1/original_mp4v/debug_frames.mp4",
      "before": {
        "codec_name": "mpeg4",
        "width": 640,
        "height": 480,
        "pix_fmt": "yuv420p",
        "nb_frames": "396",
        "duration": 26.4
      },
      "after": {
        "codec_name": "h264",
        "width": 640,
        "height": 480,
        "pix_fmt": "yuv420p",
        "nb_frames": "396",
        "duration": 26.4
      },
      "full_decode_ok": true
    }
  ]
}
