{
  "course": "left90",
  "physics_trial": true,
  "controller_enabled": true,
  "yolo_enabled": true,
  "perception": "YOLO + white supplement",
  "lane_count": 1,
  "stripe_count": 2,
  "error": null,
  "raw_frames": 374,
  "debug_frames": 57,
  "camera_intrinsics": [
    [
      566.0,
      0.0,
      320.0
    ],
    [
      0.0,
      566.0,
      240.0
    ],
    [
      0.0,
      0.0,
      1.0
    ]
  ],
  "nonzero_commands": 512,
  "status_counts": {
    "DISABLED": 2,
    "WAITING_FOR_LANE": 3,
    "FOLLOWING": 118
  },
  "semantic_path_profile": true,
  "travelled_m": 1.8078492734385418,
  "net_displacement_m": 1.3733602703825996,
  "max_cross_track_m": 0.06659704403421433,
  "final_progress_m": 1.9007712722041732,
  "final_pose": {
    "t": 29.681127513998945,
    "x": 0.7495624799413704,
    "y": 1.1507712722030499,
    "z": -8.46211943382247e-09,
    "yaw": 1.5776314953663413,
    "stamp": 24.786,
    "frame": "world",
    "child": "base_link"
  },
  "reached_finish": true,
  "lane_departure": false,
  "passed": true,
  "video_exports": [
    {
      "path": "pinky_move/reports/yolo_white_20261006/hardware_semantic_port/left90_hybrid_lane0_r1/raw_frames.mp4",
      "changed": true,
      "original": "pinky_move/reports/yolo_white_20261006/hardware_semantic_port/left90_hybrid_lane0_r1/original_mp4v/raw_frames.mp4",
      "before": {
        "codec_name": "mpeg4",
        "width": 640,
        "height": 480,
        "pix_fmt": "yuv420p",
        "nb_frames": "374",
        "duration": 24.933333
      },
      "after": {
        "codec_name": "h264",
        "width": 640,
        "height": 480,
        "pix_fmt": "yuv420p",
        "nb_frames": "374",
        "duration": 24.933333
      },
      "full_decode_ok": true
    },
    {
      "path": "pinky_move/reports/yolo_white_20261006/hardware_semantic_port/left90_hybrid_lane0_r1/debug_frames.mp4",
      "changed": true,
      "original": "pinky_move/reports/yolo_white_20261006/hardware_semantic_port/left90_hybrid_lane0_r1/original_mp4v/debug_frames.mp4",
      "before": {
        "codec_name": "mpeg4",
        "width": 640,
        "height": 480,
        "pix_fmt": "yuv420p",
        "nb_frames": "57",
        "duration": 3.8
      },
      "after": {
        "codec_name": "h264",
        "width": 640,
        "height": 480,
        "pix_fmt": "yuv420p",
        "nb_frames": "57",
        "duration": 3.8
      },
      "full_decode_ok": true
    }
  ]
}
