{
  "course": "s_sharp",
  "physics_trial": true,
  "controller_enabled": true,
  "yolo_enabled": true,
  "perception": "YOLO + white supplement",
  "lane_count": 2,
  "stripe_count": 3,
  "error": null,
  "raw_frames": 731,
  "debug_frames": 106,
  "camera_intrinsics": [
    [
      566.0,
      0.0,
      320.0
    ],
    [
      0.0,
      566.0,
      240.0
    ],
    [
      0.0,
      0.0,
      1.0
    ]
  ],
  "nonzero_commands": 1034,
  "status_counts": {
    "DISABLED": 2,
    "WAITING_FOR_LANE": 2,
    "FOLLOWING": 203
  },
  "semantic_path_profile": true,
  "travelled_m": 2.652695123497628,
  "net_displacement_m": 2.0035846937842905,
  "max_cross_track_m": 0.07190856142295793,
  "final_progress_m": 3.0035305122206895,
  "final_pose": {
    "t": 56.02872433500306,
    "x": 2.0035305122195664,
    "y": -0.014734713006744813,
    "z": -8.462338846603771e-09,
    "yaw": 0.05759287353312626,
    "stamp": 48.212,
    "frame": "world",
    "child": "base_link"
  },
  "reached_finish": true,
  "lane_departure": false,
  "passed": true,
  "video_exports": [
    {
      "path": "pinky_move/reports/yolo_white_20261006/hardware_semantic_port/s_sharp_hybrid_lane1_r1/raw_frames.mp4",
      "changed": true,
      "original": "pinky_move/reports/yolo_white_20261006/hardware_semantic_port/s_sharp_hybrid_lane1_r1/original_mp4v/raw_frames.mp4",
      "before": {
        "codec_name": "mpeg4",
        "width": 640,
        "height": 480,
        "pix_fmt": "yuv420p",
        "nb_frames": "731",
        "duration": 48.733333
      },
      "after": {
        "codec_name": "h264",
        "width": 640,
        "height": 480,
        "pix_fmt": "yuv420p",
        "nb_frames": "731",
        "duration": 48.733333
      },
      "full_decode_ok": true
    },
    {
      "path": "pinky_move/reports/yolo_white_20261006/hardware_semantic_port/s_sharp_hybrid_lane1_r1/debug_frames.mp4",
      "changed": true,
      "original": "pinky_move/reports/yolo_white_20261006/hardware_semantic_port/s_sharp_hybrid_lane1_r1/original_mp4v/debug_frames.mp4",
      "before": {
        "codec_name": "mpeg4",
        "width": 640,
        "height": 480,
        "pix_fmt": "yuv420p",
        "nb_frames": "106",
        "duration": 7.066667
      },
      "after": {
        "codec_name": "h264",
        "width": 640,
        "height": 480,
        "pix_fmt": "yuv420p",
        "nb_frames": "106",
        "duration": 7.066667
      },
      "full_decode_ok": true
    }
  ]
}
