[INFO] [launch]: All log files can be found below /home/tory/.ros/log/2026-10-05-18-49-04-938967-tory-15Z95N-GP7QL-209191
[INFO] [launch]: Default logging verbosity is set to INFO
[INFO] [gz-1]: process started with pid [209198]
[INFO] [parameter_bridge-2]: process started with pid [209199]
[INFO] [python-3]: process started with pid [209200]
[parameter_bridge-2] [INFO] [1791193745.566989654] [lane_sim_bridge]: Creating GZ->ROS Bridge: [/lane_sim/camera/image_raw (gz.msgs.Image) -> /lane_sim/camera/image_raw (sensor_msgs/msg/Image)] (Lazy 0)
[parameter_bridge-2] [INFO] [1791193745.569139352] [lane_sim_bridge]: Creating GZ->ROS Bridge: [/lane_sim/camera/camera_info (gz.msgs.CameraInfo) -> /lane_sim/camera/camera_info (sensor_msgs/msg/CameraInfo)] (Lazy 0)
[parameter_bridge-2] [INFO] [1791193745.569513307] [lane_sim_bridge]: Creating GZ->ROS Bridge: [/lane_sim/odom (gz.msgs.Odometry) -> /lane_sim/odom (nav_msgs/msg/Odometry)] (Lazy 0)
[parameter_bridge-2] [INFO] [1791193745.570268169] [lane_sim_bridge]: Creating GZ->ROS Bridge: [/lane_sim/ground_truth (gz.msgs.Odometry) -> /lane_sim/ground_truth (nav_msgs/msg/Odometry)] (Lazy 0)
[parameter_bridge-2] [INFO] [1791193745.570486279] [lane_sim_bridge]: Creating ROS->GZ Bridge: [/lane_sim/cmd_vel (geometry_msgs/msg/Twist) -> /lane_sim/cmd_vel (gz.msgs.Twist)] (Lazy 0)
[parameter_bridge-2] [INFO] [1791193745.570947069] [lane_sim_bridge]: Creating GZ->ROS Bridge: [/clock (gz.msgs.Clock) -> /clock (rosgraph_msgs/msg/Clock)] (Lazy 0)
[gz-1] [1;33mWarning [Utils.cc:132][0m [/sdf/world[@name="lane_course"]/model[@name="pinky_lane"]/link[@name="base_footprint"]/sensor[@name="camera"]/gz_frame_id:/tmp/pinky-opencv-suite-1zn5rgmb/lane_course.sdf:L134]: XML Element[gz_frame_id], child of element[sensor], not defined in SDF. Copying[gz_frame_id] as children of [sensor].
[python-3] [WARN] [1791193746.123979627] [lane_sim.lane_autonomy]: URDF projection uses nominal mounting; physical accuracy remains unverified.
[python-3] [INFO] [1791193746.131732734] [lane_sim.lane_autonomy]: Lane autonomy ready and disabled. model=/home/tory/Downloads/yolo_runs/segment/train/weights/best.pt, image=/lane_sim/camera/image_raw, output=/lane_sim/cmd_vel
[python-3] [INFO] [1791193746.132186632] [lane_sim.lane_autonomy]: Enable after placing the robot safely: ros2 service call /lane_autonomy/enable std_srvs/srv/SetBool "{data: true}"
[parameter_bridge-2] [INFO] [1791193746.182497113] [lane_sim_bridge]: Passing message from ROS geometry_msgs/msg/Twist to Gazebo gz.msgs.Twist (showing msg only once per type)
[python-3] [INFO] [1791193746.183042281] [lane_sim.lane_autonomy]: DISABLED
[gz-1] [1;33m[Wrn] [OBJLoader.cc:202] [0m[1;33mMissing material for shape[[0m[1;33m] [0m[1;33min OBJ file[[0m[1;33m/tmp/pinky-opencv-suite-1zn5rgmb/right_stripe_0.obj[0m[1;33m][0m[1;33m[0m
[gz-1] [1;33m[Wrn] [OBJLoader.cc:202] [0m[1;33mMissing material for shape[[0m[1;33m] [0m[1;33min OBJ file[[0m[1;33m/tmp/pinky-opencv-suite-1zn5rgmb/left_stripe_0.obj[0m[1;33m][0m[1;33m[0m
[gz-1] [1;33m[Wrn] [Ogre2Camera.cc:423] [0m[1;33mOgre2Camera::SetVisibilityMask: Mask bits [0m[1;33mc0000000[0m[1;33m are set but will be ignored as they conflict with the [0m[1;33mreserved bits used internally by the ogre2 backend.[0m[1;33m[0m
[python-3] [WARN] [1791193748.553949629] [lane_sim.lane_autonomy]: Lidar obstacle stopping DISABLED; camera/line loss and command watchdog remain active.
[python-3] [INFO] [1791193748.586214618] [lane_sim.lane_autonomy]: WAITING_FOR_LANE: no usable boundary; Lane=0, used_boundaries=0, perception=YOLO, metric_target=None, corner={'mode': 'NORMAL', 'reason': 'no corner observation'}
[python-3] [INFO] [1791193749.453289041] [lane_sim.lane_autonomy]: FOLLOWING: v=0.100, w=0.000; Lane=2, used_boundaries=2, perception=OPENCV_WHITE_SIM, metric_target={'x_m': 0.3599497753485204, 'y_m': 2.1396709767271225e-05, 'width_m': None, 'boundary_count': 2, 'inferred': False}, corner={'mode': 'WHITE_PATH', 'reason': 'connected normal-offset centre'}
[python-3] [INFO] [1791193749.985429668] [lane_sim.lane_autonomy]: FOLLOWING: v=0.100, w=0.001; Lane=2, used_boundaries=2, perception=OPENCV_WHITE_SIM, metric_target={'x_m': 0.3605005524792164, 'y_m': 0.0009640122945510003, 'width_m': None, 'boundary_count': 2, 'inferred': False}, corner={'mode': 'WHITE_PATH', 'reason': 'connected normal-offset centre'}
[python-3] [INFO] [1791193750.586276359] [lane_sim.lane_autonomy]: FOLLOWING: v=0.100, w=-0.001; Lane=2, used_boundaries=2, perception=OPENCV_WHITE_SIM, metric_target={'x_m': 0.3595456792546134, 'y_m': -0.00066231719306638, 'width_m': None, 'boundary_count': 2, 'inferred': False}, corner={'mode': 'WHITE_PATH', 'reason': 'connected normal-offset centre'}
[python-3] [INFO] [1791193751.035565062] [lane_sim.lane_autonomy]: FOLLOWING: v=0.099, w=0.005; Lane=2, used_boundaries=2, perception=OPENCV_WHITE_SIM, metric_target={'x_m': 0.36167694460783717, 'y_m': 0.0030203898708870713, 'width_m': None, 'boundary_count': 2, 'inferred': False}, corner={'mode': 'WHITE_PATH', 'reason': 'connected normal-offset centre'}
[python-3] [INFO] [1791193751.536625464] [lane_sim.lane_autonomy]: FOLLOWING: v=0.099, w=0.005; Lane=2, used_boundaries=2, perception=OPENCV_WHITE_SIM, metric_target={'x_m': 0.36194291844129556, 'y_m': 0.0034937603773798434, 'width_m': None, 'boundary_count': 2, 'inferred': False}, corner={'mode': 'WHITE_PATH', 'reason': 'connected normal-offset centre'}
[python-3] [INFO] [1791193751.941848637] [lane_sim.lane_autonomy]: FOLLOWING: v=0.099, w=0.008; Lane=2, used_boundaries=2, perception=OPENCV_WHITE_SIM, metric_target={'x_m': 0.3637596323981462, 'y_m': 0.005604615161221252, 'width_m': None, 'boundary_count': 2, 'inferred': False}, corner={'mode': 'WHITE_PATH', 'reason': 'connected normal-offset centre'}
[python-3] [INFO] [1791193752.736685811] [lane_sim.lane_autonomy]: FOLLOWING: v=0.100, w=-0.000; Lane=2, used_boundaries=2, perception=OPENCV_WHITE_SIM, metric_target={'x_m': 0.3599497753485204, 'y_m': -2.1396709767269968e-05, 'width_m': None, 'boundary_count': 2, 'inferred': False}, corner={'mode': 'WHITE_PATH', 'reason': 'connected normal-offset centre'}
[python-3] [INFO] [1791193753.135851582] [lane_sim.lane_autonomy]: FOLLOWING: v=0.099, w=0.005; Lane=2, used_boundaries=2, perception=OPENCV_WHITE_SIM, metric_target={'x_m': 0.33651264761536615, 'y_m': 0.003055547485255314, 'width_m': None, 'boundary_count': 2, 'inferred': False}, corner={'mode': 'WHITE_PATH', 'reason': 'connected normal-offset centre'}
[python-3] [INFO] [1791193753.488468714] [lane_sim.lane_autonomy]: FOLLOWING: v=0.099, w=0.010; Lane=2, used_boundaries=2, perception=OPENCV_WHITE_SIM, metric_target={'x_m': 0.3056673887753219, 'y_m': 0.004605170921666277, 'width_m': None, 'boundary_count': 2, 'inferred': False}, corner={'mode': 'WHITE_PATH', 'reason': 'connected normal-offset centre'}
[python-3] [INFO] [1791193754.392432354] [lane_sim.lane_autonomy]: FOLLOWING: v=0.099, w=0.009; Lane=2, used_boundaries=2, perception=OPENCV_WHITE_SIM, metric_target={'x_m': 0.2755916450380858, 'y_m': 0.0034089473016695737, 'width_m': None, 'boundary_count': 2, 'inferred': False}, corner={'mode': 'WHITE_PATH', 'reason': 'connected normal-offset centre'}
[python-3] [INFO] [1791193755.186082278] [lane_sim.lane_autonomy]: FOLLOWING: v=0.054, w=0.108; Lane=1, used_boundaries=1, perception=OPENCV_WHITE_SIM, metric_target={'x_m': 0.29203065633773806, 'y_m': 0.0937755274232834, 'width_m': None, 'boundary_count': 1, 'inferred': True}, corner={'mode': 'WHITE_PATH', 'reason': 'connected normal-offset centre'}
[python-3] [INFO] [1791193755.434567331] [lane_sim.lane_autonomy]: FOLLOWING: v=0.039, w=0.176; Lane=1, used_boundaries=1, perception=OPENCV_WHITE_SIM, metric_target={'x_m': 0.2112198263952802, 'y_m': 0.15602661162253548, 'width_m': None, 'boundary_count': 1, 'inferred': True}, corner={'mode': 'WHITE_PATH', 'reason': 'connected normal-offset centre'}
[python-3] [INFO] [1791193755.538842043] [lane_sim.lane_autonomy]: FOLLOWING: v=0.038, w=0.188; Lane=1, used_boundaries=1, perception=OPENCV_WHITE_SIM, metric_target={'x_m': 0.19450678024270746, 'y_m': 0.15299263445441572, 'width_m': None, 'boundary_count': 1, 'inferred': True}, corner={'mode': 'WHITE_PATH', 'reason': 'connected normal-offset centre'}
[python-3] [INFO] [1791193755.989462843] [lane_sim.lane_autonomy]: FOLLOWING: v=0.037, w=0.195; Lane=1, used_boundaries=1, perception=OPENCV_WHITE_SIM, metric_target={'x_m': 0.1867505621086071, 'y_m': 0.1485077745938994, 'width_m': None, 'boundary_count': 1, 'inferred': True}, corner={'mode': 'WHITE_PATH', 'reason': 'connected normal-offset centre'}
[python-3] [INFO] [1791193756.390106771] [lane_sim.lane_autonomy]: FOLLOWING: v=0.039, w=0.202; Lane=1, used_boundaries=1, perception=OPENCV_WHITE_SIM, metric_target={'x_m': 0.1843164151659078, 'y_m': 0.13475003103791114, 'width_m': None, 'boundary_count': 1, 'inferred': True}, corner={'mode': 'WHITE_PATH', 'reason': 'connected normal-offset centre'}
[python-3] [INFO] [1791193756.836468360] [lane_sim.lane_autonomy]: FOLLOWING: v=0.036, w=0.187; Lane=1, used_boundaries=1, perception=OPENCV_WHITE_SIM, metric_target={'x_m': 0.18875469590082244, 'y_m': 0.16381048872646295, 'width_m': None, 'boundary_count': 1, 'inferred': True}, corner={'mode': 'WHITE_PATH', 'reason': 'connected normal-offset centre'}
[python-3] [INFO] [1791193757.186813728] [lane_sim.lane_autonomy]: FOLLOWING: v=0.041, w=0.219; Lane=1, used_boundaries=1, perception=OPENCV_WHITE_SIM, metric_target={'x_m': 0.17283611729654688, 'y_m': 0.11350218527663049, 'width_m': None, 'boundary_count': 1, 'inferred': True}, corner={'mode': 'WHITE_PATH', 'reason': 'connected normal-offset centre'}
[python-3] [INFO] [1791193757.384929245] [lane_sim.lane_autonomy]: FOLLOWING: v=0.043, w=0.224; Lane=1, used_boundaries=1, perception=OPENCV_WHITE_SIM, metric_target={'x_m': 0.16915516926370727, 'y_m': 0.10348435544645831, 'width_m': None, 'boundary_count': 1, 'inferred': True}, corner={'mode': 'WHITE_PATH', 'reason': 'connected normal-offset centre'}
[python-3] [INFO] [1791193757.586033119] [lane_sim.lane_autonomy]: FOLLOWING: v=0.042, w=0.229; Lane=1, used_boundaries=1, perception=OPENCV_WHITE_SIM, metric_target={'x_m': 0.16563650289642137, 'y_m': 0.10274735247771236, 'width_m': None, 'boundary_count': 1, 'inferred': True}, corner={'mode': 'WHITE_PATH', 'reason': 'connected normal-offset centre'}
[python-3] [INFO] [1791193757.835534834] [lane_sim.lane_autonomy]: FOLLOWING: v=0.037, w=0.190; Lane=1, used_boundaries=1, perception=OPENCV_WHITE_SIM, metric_target={'x_m': 0.1916604847043148, 'y_m': 0.15113402311591642, 'width_m': None, 'boundary_count': 1, 'inferred': True}, corner={'mode': 'WHITE_PATH', 'reason': 'connected normal-offset centre'}
[python-3] [INFO] [1791193758.035943796] [lane_sim.lane_autonomy]: FOLLOWING: v=0.042, w=0.224; Lane=1, used_boundaries=1, perception=OPENCV_WHITE_SIM, metric_target={'x_m': 0.16926516793118385, 'y_m': 0.10722915891226541, 'width_m': None, 'boundary_count': 1, 'inferred': True}, corner={'mode': 'WHITE_PATH', 'reason': 'connected normal-offset centre'}
[python-3] [INFO] [1791193758.285011788] [lane_sim.lane_autonomy]: FOLLOWING: v=0.039, w=0.198; Lane=1, used_boundaries=1, perception=OPENCV_WHITE_SIM, metric_target={'x_m': 0.18837401048342403, 'y_m': 0.13589549138296575, 'width_m': None, 'boundary_count': 1, 'inferred': True}, corner={'mode': 'WHITE_PATH', 'reason': 'connected normal-offset centre'}
[python-3] [INFO] [1791193758.491395008] [lane_sim.lane_autonomy]: FOLLOWING: v=0.041, w=0.218; Lane=1, used_boundaries=1, perception=OPENCV_WHITE_SIM, metric_target={'x_m': 0.1732117522433502, 'y_m': 0.11447699703969315, 'width_m': None, 'boundary_count': 1, 'inferred': True}, corner={'mode': 'WHITE_PATH', 'reason': 'connected normal-offset centre'}
[python-3] [INFO] [1791193758.735816323] [lane_sim.lane_autonomy]: FOLLOWING: v=0.042, w=0.211; Lane=1, used_boundaries=1, perception=OPENCV_WHITE_SIM, metric_target={'x_m': 0.17942034834915377, 'y_m': 0.11596414807121594, 'width_m': None, 'boundary_count': 1, 'inferred': True}, corner={'mode': 'WHITE_PATH', 'reason': 'connected normal-offset centre'}
[python-3] [INFO] [1791193758.935438104] [lane_sim.lane_autonomy]: FOLLOWING: v=0.042, w=0.207; Lane=1, used_boundaries=1, perception=OPENCV_WHITE_SIM, metric_target={'x_m': 0.18270017756793974, 'y_m': 0.117927506713818, 'width_m': None, 'boundary_count': 1, 'inferred': True}, corner={'mode': 'WHITE_PATH', 'reason': 'connected normal-offset centre'}
[python-3] [INFO] [1791193759.184000288] [lane_sim.lane_autonomy]: FOLLOWING: v=0.042, w=0.203; Lane=1, used_boundaries=1, perception=OPENCV_WHITE_SIM, metric_target={'x_m': 0.1870154191883182, 'y_m': 0.1184937745895632, 'width_m': None, 'boundary_count': 1, 'inferred': True}, corner={'mode': 'WHITE_PATH', 'reason': 'connected normal-offset centre'}
[python-3] [INFO] [1791193759.336351052] [lane_sim.lane_autonomy]: FOLLOWING: v=0.042, w=0.199; Lane=1, used_boundaries=1, perception=OPENCV_WHITE_SIM, metric_target={'x_m': 0.1908743643376269, 'y_m': 0.11875525699390711, 'width_m': None, 'boundary_count': 1, 'inferred': True}, corner={'mode': 'WHITE_PATH', 'reason': 'connected normal-offset centre'}
[python-3] [INFO] [1791193759.583878975] [lane_sim.lane_autonomy]: FOLLOWING: v=0.043, w=0.192; Lane=1, used_boundaries=1, perception=OPENCV_WHITE_SIM, metric_target={'x_m': 0.19780768556891482, 'y_m': 0.11741215786334402, 'width_m': None, 'boundary_count': 1, 'inferred': True}, corner={'mode': 'WHITE_PATH', 'reason': 'connected normal-offset centre'}
[python-3] [INFO] [1791193759.787741642] [lane_sim.lane_autonomy]: FOLLOWING: v=0.044, w=0.189; Lane=1, used_boundaries=1, perception=OPENCV_WHITE_SIM, metric_target={'x_m': 0.200625618782931, 'y_m': 0.11610265465801663, 'width_m': None, 'boundary_count': 1, 'inferred': True}, corner={'mode': 'WHITE_PATH', 'reason': 'connected normal-offset centre'}
[python-3] [INFO] [1791193760.035532467] [lane_sim.lane_autonomy]: FOLLOWING: v=0.045, w=0.183; Lane=1, used_boundaries=1, perception=OPENCV_WHITE_SIM, metric_target={'x_m': 0.20664021333297886, 'y_m': 0.11441395476846809, 'width_m': None, 'boundary_count': 1, 'inferred': True}, corner={'mode': 'WHITE_PATH', 'reason': 'connected normal-offset centre'}
[python-3] [INFO] [1791193760.286538875] [lane_sim.lane_autonomy]: FOLLOWING: v=0.046, w=0.229; Lane=1, used_boundaries=1, perception=OPENCV_WHITE_SIM, metric_target={'x_m': 0.16306385492195094, 'y_m': 0.08343322647620802, 'width_m': None, 'boundary_count': 1, 'inferred': True}, corner={'mode': 'WHITE_PATH', 'reason': 'connected normal-offset centre'}
[python-3] [INFO] [1791193760.484107786] [lane_sim.lane_autonomy]: FOLLOWING: v=0.046, w=0.210; Lane=1, used_boundaries=1, perception=OPENCV_WHITE_SIM, metric_target={'x_m': 0.1775581969618956, 'y_m': 0.09040188506192108, 'width_m': None, 'boundary_count': 1, 'inferred': True}, corner={'mode': 'WHITE_PATH', 'reason': 'connected normal-offset centre'}
[python-3] [INFO] [1791193760.634920168] [lane_sim.lane_autonomy]: FOLLOWING: v=0.047, w=0.203; Lane=1, used_boundaries=1, perception=OPENCV_WHITE_SIM, metric_target={'x_m': 0.18348107965448632, 'y_m': 0.09113118669026239, 'width_m': None, 'boundary_count': 1, 'inferred': True}, corner={'mode': 'WHITE_PATH', 'reason': 'connected normal-offset centre'}
[python-3] [INFO] [1791193760.884697209] [lane_sim.lane_autonomy]: FOLLOWING: v=0.048, w=0.219; Lane=1, used_boundaries=1, perception=OPENCV_WHITE_SIM, metric_target={'x_m': 0.16741582433154092, 'y_m': 0.07890447342959254, 'width_m': None, 'boundary_count': 1, 'inferred': True}, corner={'mode': 'WHITE_PATH', 'reason': 'connected normal-offset centre'}
[python-3] [INFO] [1791193761.091488609] [lane_sim.lane_autonomy]: FOLLOWING: v=0.049, w=0.206; Lane=1, used_boundaries=1, perception=OPENCV_WHITE_SIM, metric_target={'x_m': 0.17464549696284332, 'y_m': 0.0768301373966788, 'width_m': None, 'boundary_count': 1, 'inferred': True}, corner={'mode': 'WHITE_PATH', 'reason': 'connected normal-offset centre'}
[python-3] [INFO] [1791193761.436891638] [lane_sim.lane_autonomy]: FOLLOWING: v=0.050, w=0.172; Lane=1, used_boundaries=1, perception=OPENCV_WHITE_SIM, metric_target={'x_m': 0.20533552736388708, 'y_m': 0.0853298314737573, 'width_m': None, 'boundary_count': 1, 'inferred': True}, corner={'mode': 'WHITE_PATH', 'reason': 'connected normal-offset centre'}
[python-3] [INFO] [1791193761.838312009] [lane_sim.lane_autonomy]: FOLLOWING: v=0.052, w=0.153; Lane=1, used_boundaries=1, perception=OPENCV_WHITE_SIM, metric_target={'x_m': 0.21939121802996744, 'y_m': 0.07998522388873906, 'width_m': None, 'boundary_count': 1, 'inferred': True}, corner={'mode': 'WHITE_PATH', 'reason': 'connected normal-offset centre'}
[python-3] [INFO] [1791193762.287764398] [lane_sim.lane_autonomy]: FOLLOWING: v=0.055, w=0.113; Lane=1, used_boundaries=1, perception=OPENCV_WHITE_SIM, metric_target={'x_m': 0.2662743461547475, 'y_m': 0.07926603787064561, 'width_m': None, 'boundary_count': 1, 'inferred': True}, corner={'mode': 'WHITE_PATH', 'reason': 'connected normal-offset centre'}
[python-3] [INFO] [1791193762.644422625] [lane_sim.lane_autonomy]: FOLLOWING: v=0.058, w=0.092; Lane=1, used_boundaries=1, perception=OPENCV_WHITE_SIM, metric_target={'x_m': 0.28148606558231193, 'y_m': 0.06598417540282486, 'width_m': None, 'boundary_count': 1, 'inferred': True}, corner={'mode': 'WHITE_PATH', 'reason': 'connected normal-offset centre'}
[python-3] [INFO] [1791193763.086766233] [lane_sim.lane_autonomy]: FOLLOWING: v=0.059, w=0.081; Lane=1, used_boundaries=1, perception=OPENCV_WHITE_SIM, metric_target={'x_m': 0.2891924304538044, 'y_m': 0.059267148663022524, 'width_m': None, 'boundary_count': 1, 'inferred': True}, corner={'mode': 'WHITE_PATH', 'reason': 'connected normal-offset centre'}
[python-3] [INFO] [1791193763.435211493] [lane_sim.lane_autonomy]: FOLLOWING: v=0.087, w=0.101; Lane=2, used_boundaries=2, perception=OPENCV_WHITE_SIM, metric_target={'x_m': 0.29636458521699566, 'y_m': 0.052580564804032504, 'width_m': None, 'boundary_count': 2, 'inferred': False}, corner={'mode': 'WHITE_PATH', 'reason': 'connected normal-offset centre'}
[python-3] [INFO] [1791193763.787406371] [lane_sim.lane_autonomy]: FOLLOWING: v=0.088, w=0.091; Lane=2, used_boundaries=2, perception=OPENCV_WHITE_SIM, metric_target={'x_m': 0.30160411087242345, 'y_m': 0.04793797716823485, 'width_m': None, 'boundary_count': 2, 'inferred': False}, corner={'mode': 'WHITE_PATH', 'reason': 'connected normal-offset centre'}
[python-3] [INFO] [1791193764.137525181] [lane_sim.lane_autonomy]: FOLLOWING: v=0.090, w=0.079; Lane=2, used_boundaries=2, perception=OPENCV_WHITE_SIM, metric_target={'x_m': 0.3048521150221756, 'y_m': 0.041643598054072285, 'width_m': None, 'boundary_count': 2, 'inferred': False}, corner={'mode': 'WHITE_PATH', 'reason': 'connected normal-offset centre'}
[python-3] [INFO] [1791193764.538017856] [lane_sim.lane_autonomy]: FOLLOWING: v=0.092, w=0.067; Lane=2, used_boundaries=2, perception=OPENCV_WHITE_SIM, metric_target={'x_m': 0.30716768815290457, 'y_m': 0.034770603524488894, 'width_m': None, 'boundary_count': 2, 'inferred': False}, corner={'mode': 'WHITE_PATH', 'reason': 'connected normal-offset centre'}
[python-3] [INFO] [1791193764.984819087] [lane_sim.lane_autonomy]: FOLLOWING: v=0.095, w=0.036; Lane=2, used_boundaries=2, perception=OPENCV_WHITE_SIM, metric_target={'x_m': 0.3235247197661403, 'y_m': 0.01961242369633044, 'width_m': None, 'boundary_count': 2, 'inferred': False}, corner={'mode': 'WHITE_PATH', 'reason': 'connected normal-offset centre'}
[python-3] [INFO] [1791193765.493293642] [lane_sim.lane_autonomy]: FOLLOWING: v=0.098, w=0.015; Lane=2, used_boundaries=2, perception=OPENCV_WHITE_SIM, metric_target={'x_m': 0.3443268771401184, 'y_m': 0.008802274846071871, 'width_m': None, 'boundary_count': 2, 'inferred': False}, corner={'mode': 'WHITE_PATH', 'reason': 'connected normal-offset centre'}
[python-3] [INFO] [1791193765.887701738] [lane_sim.lane_autonomy]: FOLLOWING: v=0.100, w=-0.003; Lane=2, used_boundaries=2, perception=OPENCV_WHITE_SIM, metric_target={'x_m': 0.3472458760452346, 'y_m': -0.00158523914459809, 'width_m': None, 'boundary_count': 2, 'inferred': False}, corner={'mode': 'WHITE_PATH', 'reason': 'connected normal-offset centre'}
[python-3] [INFO] [1791193766.287728338] [lane_sim.lane_autonomy]: FOLLOWING: v=0.100, w=-0.003; Lane=2, used_boundaries=2, perception=OPENCV_WHITE_SIM, metric_target={'x_m': 0.3485051050815097, 'y_m': -0.001673654384113411, 'width_m': None, 'boundary_count': 2, 'inferred': False}, corner={'mode': 'WHITE_PATH', 'reason': 'connected normal-offset centre'}
[python-3] [INFO] [1791193766.987405872] [lane_sim.lane_autonomy]: FOLLOWING: v=0.099, w=-0.008; Lane=2, used_boundaries=2, perception=OPENCV_WHITE_SIM, metric_target={'x_m': 0.36402344826351624, 'y_m': -0.0055409142161487075, 'width_m': None, 'boundary_count': 2, 'inferred': False}, corner={'mode': 'WHITE_PATH', 'reason': 'connected normal-offset centre'}
[python-3] [INFO] [1791193767.638349832] [lane_sim.lane_autonomy]: FOLLOWING: v=0.098, w=-0.013; Lane=2, used_boundaries=2, perception=OPENCV_WHITE_SIM, metric_target={'x_m': 0.3629154598538112, 'y_m': -0.008445186846870225, 'width_m': None, 'boundary_count': 2, 'inferred': False}, corner={'mode': 'WHITE_PATH', 'reason': 'connected normal-offset centre'}
[python-3] [INFO] [1791193768.285079982] [lane_sim.lane_autonomy]: FOLLOWING: v=0.097, w=-0.023; Lane=2, used_boundaries=2, perception=OPENCV_WHITE_SIM, metric_target={'x_m': 0.3540630722112969, 'y_m': -0.014786264713851935, 'width_m': None, 'boundary_count': 2, 'inferred': False}, corner={'mode': 'WHITE_PATH', 'reason': 'connected normal-offset centre'}
[python-3] [INFO] [1791193768.737800975] [lane_sim.lane_autonomy]: FOLLOWING: v=0.096, w=-0.027; Lane=2, used_boundaries=2, perception=OPENCV_WHITE_SIM, metric_target={'x_m': 0.343233026913399, 'y_m': -0.01674573281263189, 'width_m': None, 'boundary_count': 2, 'inferred': False}, corner={'mode': 'WHITE_PATH', 'reason': 'connected normal-offset centre'}
[python-3] [INFO] [1791193769.187848093] [lane_sim.lane_autonomy]: FOLLOWING: v=0.097, w=-0.025; Lane=2, used_boundaries=2, perception=OPENCV_WHITE_SIM, metric_target={'x_m': 0.3447161231035069, 'y_m': -0.015714081257667097, 'width_m': None, 'boundary_count': 2, 'inferred': False}, corner={'mode': 'WHITE_PATH', 'reason': 'connected normal-offset centre'}
[python-3] [INFO] [1791193769.741960822] [lane_sim.lane_autonomy]: FOLLOWING: v=0.098, w=-0.016; Lane=2, used_boundaries=2, perception=OPENCV_WHITE_SIM, metric_target={'x_m': 0.3475791708618948, 'y_m': -0.010169035624884984, 'width_m': None, 'boundary_count': 2, 'inferred': False}, corner={'mode': 'WHITE_PATH', 'reason': 'connected normal-offset centre'}
[python-3] [INFO] [1791193770.234907675] [lane_sim.lane_autonomy]: FOLLOWING: v=0.098, w=-0.015; Lane=2, used_boundaries=2, perception=OPENCV_WHITE_SIM, metric_target={'x_m': 0.3505987726715697, 'y_m': -0.009629684210539042, 'width_m': None, 'boundary_count': 2, 'inferred': False}, corner={'mode': 'WHITE_PATH', 'reason': 'connected normal-offset centre'}
[python-3] [INFO] [1791193770.786759900] [lane_sim.lane_autonomy]: FOLLOWING: v=0.098, w=-0.012; Lane=2, used_boundaries=2, perception=OPENCV_WHITE_SIM, metric_target={'x_m': 0.35129928875310357, 'y_m': -0.007343362888897716, 'width_m': None, 'boundary_count': 2, 'inferred': False}, corner={'mode': 'WHITE_PATH', 'reason': 'connected normal-offset centre'}
[python-3] [INFO] [1791193771.335948002] [lane_sim.lane_autonomy]: FOLLOWING: v=0.099, w=-0.007; Lane=2, used_boundaries=2, perception=OPENCV_WHITE_SIM, metric_target={'x_m': 0.3703821398955546, 'y_m': -0.004533879277287699, 'width_m': None, 'boundary_count': 2, 'inferred': False}, corner={'mode': 'WHITE_PATH', 'reason': 'connected normal-offset centre'}
[python-3] [INFO] [1791193771.835843966] [lane_sim.lane_autonomy]: FOLLOWING: v=0.099, w=-0.008; Lane=2, used_boundaries=2, perception=OPENCV_WHITE_SIM, metric_target={'x_m': 0.365075789912961, 'y_m': -0.00507080534622749, 'width_m': None, 'boundary_count': 2, 'inferred': False}, corner={'mode': 'WHITE_PATH', 'reason': 'connected normal-offset centre'}
[python-3] [INFO] [1791193772.084581976] [lane_sim.lane_autonomy]: FOLLOWING: v=0.100, w=0.001; Lane=2, used_boundaries=2, perception=OPENCV_WHITE_SIM, metric_target={'x_m': 0.3603304028894234, 'y_m': 0.0006714743500668491, 'width_m': None, 'boundary_count': 2, 'inferred': False}, corner={'mode': 'WHITE_PATH', 'reason': 'connected normal-offset centre'}
[python-3] [INFO] [1791193772.385811780] [lane_sim.lane_autonomy]: FOLLOWING: v=0.100, w=0.002; Lane=2, used_boundaries=2, perception=OPENCV_WHITE_SIM, metric_target={'x_m': 0.36087283538588494, 'y_m': 0.0016083236723084607, 'width_m': None, 'boundary_count': 2, 'inferred': False}, corner={'mode': 'WHITE_PATH', 'reason': 'connected normal-offset centre'}
[python-3] [INFO] [1791193772.684007637] [lane_sim.lane_autonomy]: FOLLOWING: v=0.099, w=-0.006; Lane=2, used_boundaries=2, perception=OPENCV_WHITE_SIM, metric_target={'x_m': 0.36145704006569757, 'y_m': -0.0036370814044023848, 'width_m': None, 'boundary_count': 2, 'inferred': False}, corner={'mode': 'WHITE_PATH', 'reason': 'connected normal-offset centre'}
[python-3] [INFO] [1791193772.932749347] [lane_sim.lane_autonomy]: DISABLED
[WARNING] [launch]: user interrupted with ctrl-c (SIGINT)
[INFO] [python-3]: sending signal 'SIGINT' to process[python-3]
[INFO] [parameter_bridge-2]: sending signal 'SIGINT' to process[parameter_bridge-2]
[INFO] [gz-1]: sending signal 'SIGINT' to process[gz-1]
[parameter_bridge-2] [INFO] [1791193774.957375460] [rclcpp]: signal_handler(SIGINT/SIGTERM)
[python-3] Traceback (most recent call last):
[python-3]   File "/home/tory/pinky_nav_publish_yWXwM0/repo/install/pinky_move/lib/pinky_move/lane_autonomy", line 33, in <module>
[python-3]     sys.exit(load_entry_point('pinky-move', 'console_scripts', 'lane_autonomy')())
[python-3]              ^^^^^^^^^^^^^^^^^^^^^^^^^^^^^^^^^^^^^^^^^^^^^^^^^^^^^^^^^^^^^^^^^^^^
[python-3]   File "/home/tory/pinky_nav_publish_yWXwM0/repo/build/pinky_move/pinky_move/lane_autonomy.py", line 1935, in main
[python-3]     node.destroy_node()
[python-3]   File "/home/tory/pinky_nav_publish_yWXwM0/repo/build/pinky_move/pinky_move/lane_autonomy.py", line 1915, in destroy_node
[python-3]     debug_transport.close()
[python-3]   File "/home/tory/pinky_nav_publish_yWXwM0/repo/build/pinky_move/pinky_move/debug_worker.py", line 87, in close
[python-3]     self.process.join(timeout=.3)
[python-3]   File "/usr/lib/python3.12/multiprocessing/process.py", line 149, in join
[python-3]     res = self._popen.wait(timeout)
[python-3]           ^^^^^^^^^^^^^^^^^^^^^^^^^
[python-3]   File "/usr/lib/python3.12/multiprocessing/popen_fork.py", line 40, in wait
[python-3]     if not wait([self.sentinel], timeout):
[python-3]            ^^^^^^^^^^^^^^^^^^^^^^^^^^^^^^
[python-3]   File "/usr/lib/python3.12/multiprocessing/connection.py", line 1136, in wait
[python-3]     ready = selector.select(timeout)
[python-3]             ^^^^^^^^^^^^^^^^^^^^^^^^
[python-3]   File "/usr/lib/python3.12/selectors.py", line 415, in select
[python-3]     fd_event_list = self._selector.poll(timeout)
[python-3]                     ^^^^^^^^^^^^^^^^^^^^^^^^^^^^
[python-3] KeyboardInterrupt
[INFO] [parameter_bridge-2]: process has finished cleanly [pid 209199]
[INFO] [gz-1]: process has finished cleanly [pid 209198]
[ERROR] [python-3]: process has died [pid 209200, exit code -2, cmd '/home/tory/venv/omx/bin/python /home/tory/pinky_nav_publish_yWXwM0/repo/install/pinky_move/lib/pinky_move/lane_autonomy --ros-args -r __node:=lane_autonomy -r __ns:=/lane_sim --params-file /home/tory/pinky_nav_publish_yWXwM0/repo/install/pinky_move/share/pinky_move/config/lane_autonomy.yaml --params-file /tmp/launch_params_q0sy1o3d'].
