[INFO] [launch]: All log files can be found below /home/tory/.ros/log/2026-10-05-18-48-29-348379-tory-15Z95N-GP7QL-208843
[INFO] [launch]: Default logging verbosity is set to INFO
[INFO] [gz-1]: process started with pid [208855]
[INFO] [parameter_bridge-2]: process started with pid [208856]
[INFO] [python-3]: process started with pid [208857]
[parameter_bridge-2] [INFO] [1791193710.006751708] [lane_sim_bridge]: Creating GZ->ROS Bridge: [/lane_sim/camera/image_raw (gz.msgs.Image) -> /lane_sim/camera/image_raw (sensor_msgs/msg/Image)] (Lazy 0)
[parameter_bridge-2] [INFO] [1791193710.008314353] [lane_sim_bridge]: Creating GZ->ROS Bridge: [/lane_sim/camera/camera_info (gz.msgs.CameraInfo) -> /lane_sim/camera/camera_info (sensor_msgs/msg/CameraInfo)] (Lazy 0)
[parameter_bridge-2] [INFO] [1791193710.008581089] [lane_sim_bridge]: Creating GZ->ROS Bridge: [/lane_sim/odom (gz.msgs.Odometry) -> /lane_sim/odom (nav_msgs/msg/Odometry)] (Lazy 0)
[parameter_bridge-2] [INFO] [1791193710.009287058] [lane_sim_bridge]: Creating GZ->ROS Bridge: [/lane_sim/ground_truth (gz.msgs.Odometry) -> /lane_sim/ground_truth (nav_msgs/msg/Odometry)] (Lazy 0)
[parameter_bridge-2] [INFO] [1791193710.009495934] [lane_sim_bridge]: Creating ROS->GZ Bridge: [/lane_sim/cmd_vel (geometry_msgs/msg/Twist) -> /lane_sim/cmd_vel (gz.msgs.Twist)] (Lazy 0)
[parameter_bridge-2] [INFO] [1791193710.009934772] [lane_sim_bridge]: Creating GZ->ROS Bridge: [/clock (gz.msgs.Clock) -> /clock (rosgraph_msgs/msg/Clock)] (Lazy 0)
[gz-1] [1;33mWarning [Utils.cc:132][0m [/sdf/world[@name="lane_course"]/model[@name="pinky_lane"]/link[@name="base_footprint"]/sensor[@name="camera"]/gz_frame_id:/tmp/pinky-opencv-suite-j54gwrsw/lane_course.sdf:L134]: XML Element[gz_frame_id], child of element[sensor], not defined in SDF. Copying[gz_frame_id] as children of [sensor].
[python-3] [WARN] [1791193710.622481524] [lane_sim.lane_autonomy]: URDF projection uses nominal mounting; physical accuracy remains unverified.
[python-3] [INFO] [1791193710.629882019] [lane_sim.lane_autonomy]: Lane autonomy ready and disabled. model=/home/tory/Downloads/yolo_runs/segment/train/weights/best.pt, image=/lane_sim/camera/image_raw, output=/lane_sim/cmd_vel
[python-3] [INFO] [1791193710.630386090] [lane_sim.lane_autonomy]: Enable after placing the robot safely: ros2 service call /lane_autonomy/enable std_srvs/srv/SetBool "{data: true}"
[parameter_bridge-2] [INFO] [1791193710.680473519] [lane_sim_bridge]: Passing message from ROS geometry_msgs/msg/Twist to Gazebo gz.msgs.Twist (showing msg only once per type)
[python-3] [INFO] [1791193710.681577954] [lane_sim.lane_autonomy]: DISABLED
[gz-1] [1;33m[Wrn] [OBJLoader.cc:202] [0m[1;33mMissing material for shape[[0m[1;33m] [0m[1;33min OBJ file[[0m[1;33m/tmp/pinky-opencv-suite-j54gwrsw/right_stripe_0.obj[0m[1;33m][0m[1;33m[0m
[gz-1] [1;33m[Wrn] [OBJLoader.cc:202] [0m[1;33mMissing material for shape[[0m[1;33m] [0m[1;33min OBJ file[[0m[1;33m/tmp/pinky-opencv-suite-j54gwrsw/left_stripe_0.obj[0m[1;33m][0m[1;33m[0m
[gz-1] [1;33m[Wrn] [Ogre2Camera.cc:423] [0m[1;33mOgre2Camera::SetVisibilityMask: Mask bits [0m[1;33mc0000000[0m[1;33m are set but will be ignored as they conflict with the [0m[1;33mreserved bits used internally by the ogre2 backend.[0m[1;33m[0m
[python-3] [WARN] [1791193713.086281731] [lane_sim.lane_autonomy]: Lidar obstacle stopping DISABLED; camera/line loss and command watchdog remain active.
[python-3] [INFO] [1791193713.138214519] [lane_sim.lane_autonomy]: WAITING_FOR_LANE: no usable boundary; Lane=0, used_boundaries=0, perception=YOLO, metric_target=None, corner={'mode': 'NORMAL', 'reason': 'no corner observation'}
[python-3] [INFO] [1791193713.999721596] [lane_sim.lane_autonomy]: FOLLOWING: v=0.100, w=0.000; Lane=2, used_boundaries=2, perception=OPENCV_WHITE_SIM, metric_target={'x_m': 0.3599497753485204, 'y_m': 2.1396709767271225e-05, 'width_m': None, 'boundary_count': 2, 'inferred': False}, corner={'mode': 'WHITE_PATH', 'reason': 'connected normal-offset centre'}
[python-3] [INFO] [1791193714.483220015] [lane_sim.lane_autonomy]: FOLLOWING: v=0.100, w=0.001; Lane=2, used_boundaries=2, perception=OPENCV_WHITE_SIM, metric_target={'x_m': 0.3605005524792164, 'y_m': 0.0009640122945510003, 'width_m': None, 'boundary_count': 2, 'inferred': False}, corner={'mode': 'WHITE_PATH', 'reason': 'connected normal-offset centre'}
[python-3] [INFO] [1791193715.184496259] [lane_sim.lane_autonomy]: FOLLOWING: v=0.100, w=-0.001; Lane=2, used_boundaries=2, perception=OPENCV_WHITE_SIM, metric_target={'x_m': 0.3595456792546134, 'y_m': -0.00066231719306638, 'width_m': None, 'boundary_count': 2, 'inferred': False}, corner={'mode': 'WHITE_PATH', 'reason': 'connected normal-offset centre'}
[python-3] [INFO] [1791193715.785024581] [lane_sim.lane_autonomy]: FOLLOWING: v=0.100, w=-0.001; Lane=2, used_boundaries=2, perception=OPENCV_WHITE_SIM, metric_target={'x_m': 0.35968311463580716, 'y_m': -0.00043051866211525185, 'width_m': None, 'boundary_count': 2, 'inferred': False}, corner={'mode': 'WHITE_PATH', 'reason': 'connected normal-offset centre'}
[python-3] [INFO] [1791193716.191833382] [lane_sim.lane_autonomy]: FOLLOWING: v=0.100, w=-0.002; Lane=2, used_boundaries=2, perception=OPENCV_WHITE_SIM, metric_target={'x_m': 0.35897816582252806, 'y_m': -0.0016115811722513384, 'width_m': None, 'boundary_count': 2, 'inferred': False}, corner={'mode': 'WHITE_PATH', 'reason': 'connected normal-offset centre'}
[python-3] [INFO] [1791193716.534942895] [lane_sim.lane_autonomy]: FOLLOWING: v=0.099, w=0.009; Lane=2, used_boundaries=2, perception=OPENCV_WHITE_SIM, metric_target={'x_m': 0.3633204385173585, 'y_m': 0.005998007569054582, 'width_m': None, 'boundary_count': 2, 'inferred': False}, corner={'mode': 'WHITE_PATH', 'reason': 'connected normal-offset centre'}
[python-3] [INFO] [1791193716.934610418] [lane_sim.lane_autonomy]: FOLLOWING: v=0.098, w=0.012; Lane=2, used_boundaries=2, perception=OPENCV_WHITE_SIM, metric_target={'x_m': 0.36452279839724544, 'y_m': 0.008260166217796896, 'width_m': None, 'boundary_count': 2, 'inferred': False}, corner={'mode': 'WHITE_PATH', 'reason': 'connected normal-offset centre'}
[python-3] [INFO] [1791193717.334011700] [lane_sim.lane_autonomy]: FOLLOWING: v=0.099, w=0.009; Lane=2, used_boundaries=2, perception=OPENCV_WHITE_SIM, metric_target={'x_m': 0.35965913371777014, 'y_m': 0.005918031268670063, 'width_m': None, 'boundary_count': 2, 'inferred': False}, corner={'mode': 'WHITE_PATH', 'reason': 'connected normal-offset centre'}
[python-3] [INFO] [1791193717.787046380] [lane_sim.lane_autonomy]: FOLLOWING: v=0.099, w=0.011; Lane=2, used_boundaries=2, perception=OPENCV_WHITE_SIM, metric_target={'x_m': 0.3299230109501762, 'y_m': 0.0062022939330394905, 'width_m': None, 'boundary_count': 2, 'inferred': False}, corner={'mode': 'WHITE_PATH', 'reason': 'connected normal-offset centre'}
[python-3] [INFO] [1791193718.192442688] [lane_sim.lane_autonomy]: FOLLOWING: v=0.099, w=0.009; Lane=2, used_boundaries=2, perception=OPENCV_WHITE_SIM, metric_target={'x_m': 0.28845806070466107, 'y_m': 0.003943920617263771, 'width_m': None, 'boundary_count': 2, 'inferred': False}, corner={'mode': 'WHITE_PATH', 'reason': 'connected normal-offset centre'}
[python-3] [INFO] [1791193719.133802281] [lane_sim.lane_autonomy]: FOLLOWING: v=0.099, w=0.014; Lane=2, used_boundaries=2, perception=OPENCV_WHITE_SIM, metric_target={'x_m': 0.2643314619296024, 'y_m': 0.00481046170038088, 'width_m': None, 'boundary_count': 2, 'inferred': False}, corner={'mode': 'WHITE_PATH', 'reason': 'connected normal-offset centre'}
[python-3] [INFO] [1791193719.842087269] [lane_sim.lane_autonomy]: FOLLOWING: v=0.050, w=0.134; Lane=1, used_boundaries=1, perception=OPENCV_WHITE_SIM, metric_target={'x_m': 0.26467307806015017, 'y_m': 0.1110319676477745, 'width_m': None, 'boundary_count': 1, 'inferred': True}, corner={'mode': 'WHITE_PATH', 'reason': 'connected normal-offset centre'}
[python-3] [INFO] [1791193720.135100952] [lane_sim.lane_autonomy]: FOLLOWING: v=0.038, w=0.189; Lane=1, used_boundaries=1, perception=OPENCV_WHITE_SIM, metric_target={'x_m': 0.1943950802887109, 'y_m': 0.15035930035477932, 'width_m': None, 'boundary_count': 1, 'inferred': True}, corner={'mode': 'WHITE_PATH', 'reason': 'connected normal-offset centre'}
[python-3] [INFO] [1791193720.534614432] [lane_sim.lane_autonomy]: FOLLOWING: v=0.037, w=0.202; Lane=1, used_boundaries=1, perception=OPENCV_WHITE_SIM, metric_target={'x_m': 0.1794395691807228, 'y_m': 0.14451077327538206, 'width_m': None, 'boundary_count': 1, 'inferred': True}, corner={'mode': 'WHITE_PATH', 'reason': 'connected normal-offset centre'}
[python-3] [INFO] [1791193720.988891578] [lane_sim.lane_autonomy]: FOLLOWING: v=0.037, w=0.210; Lane=1, used_boundaries=1, perception=OPENCV_WHITE_SIM, metric_target={'x_m': 0.17220582320458805, 'y_m': 0.13974210871130913, 'width_m': None, 'boundary_count': 1, 'inferred': True}, corner={'mode': 'WHITE_PATH', 'reason': 'connected normal-offset centre'}
[python-3] [INFO] [1791193721.487665475] [lane_sim.lane_autonomy]: FOLLOWING: v=0.038, w=0.220; Lane=1, used_boundaries=1, perception=OPENCV_WHITE_SIM, metric_target={'x_m': 0.16792400578031486, 'y_m': 0.12602722290762977, 'width_m': None, 'boundary_count': 1, 'inferred': True}, corner={'mode': 'WHITE_PATH', 'reason': 'connected normal-offset centre'}
[python-3] [INFO] [1791193721.733028639] [lane_sim.lane_autonomy]: FOLLOWING: v=0.041, w=0.228; Lane=1, used_boundaries=1, perception=OPENCV_WHITE_SIM, metric_target={'x_m': 0.16514026675426047, 'y_m': 0.11203513232119819, 'width_m': None, 'boundary_count': 1, 'inferred': True}, corner={'mode': 'WHITE_PATH', 'reason': 'connected normal-offset centre'}
[python-3] [INFO] [1791193721.936662629] [lane_sim.lane_autonomy]: FOLLOWING: v=0.041, w=0.235; Lane=1, used_boundaries=1, perception=OPENCV_WHITE_SIM, metric_target={'x_m': 0.16050956364804608, 'y_m': 0.10813975783346755, 'width_m': None, 'boundary_count': 1, 'inferred': True}, corner={'mode': 'WHITE_PATH', 'reason': 'connected normal-offset centre'}
[python-3] [INFO] [1791193722.183384323] [lane_sim.lane_autonomy]: FOLLOWING: v=0.041, w=0.236; Lane=1, used_boundaries=1, perception=OPENCV_WHITE_SIM, metric_target={'x_m': 0.16018274608921096, 'y_m': 0.10359831703586903, 'width_m': None, 'boundary_count': 1, 'inferred': True}, corner={'mode': 'WHITE_PATH', 'reason': 'connected normal-offset centre'}
[python-3] [INFO] [1791193722.334338742] [lane_sim.lane_autonomy]: FOLLOWING: v=0.041, w=0.234; Lane=1, used_boundaries=1, perception=OPENCV_WHITE_SIM, metric_target={'x_m': 0.16145505667367904, 'y_m': 0.10781221097350885, 'width_m': None, 'boundary_count': 1, 'inferred': True}, corner={'mode': 'WHITE_PATH', 'reason': 'connected normal-offset centre'}
[python-3] [INFO] [1791193722.583334964] [lane_sim.lane_autonomy]: FOLLOWING: v=0.036, w=0.176; Lane=1, used_boundaries=1, perception=OPENCV_WHITE_SIM, metric_target={'x_m': 0.20089180913114493, 'y_m': 0.1735552648344454, 'width_m': None, 'boundary_count': 1, 'inferred': True}, corner={'mode': 'WHITE_PATH', 'reason': 'connected normal-offset centre'}
[python-3] [INFO] [1791193722.783047936] [lane_sim.lane_autonomy]: FOLLOWING: v=0.040, w=0.225; Lane=1, used_boundaries=1, perception=OPENCV_WHITE_SIM, metric_target={'x_m': 0.16710157624458064, 'y_m': 0.1146339682708979, 'width_m': None, 'boundary_count': 1, 'inferred': True}, corner={'mode': 'WHITE_PATH', 'reason': 'connected normal-offset centre'}
[python-3] [INFO] [1791193723.032912747] [lane_sim.lane_autonomy]: FOLLOWING: v=0.040, w=0.222; Lane=1, used_boundaries=1, perception=OPENCV_WHITE_SIM, metric_target={'x_m': 0.16901501071134412, 'y_m': 0.11765242753292364, 'width_m': None, 'boundary_count': 1, 'inferred': True}, corner={'mode': 'WHITE_PATH', 'reason': 'connected normal-offset centre'}
[python-3] [INFO] [1791193723.290321720] [lane_sim.lane_autonomy]: FOLLOWING: v=0.037, w=0.174; Lane=1, used_boundaries=1, perception=OPENCV_WHITE_SIM, metric_target={'x_m': 0.20961192860744068, 'y_m': 0.16529862113066915, 'width_m': None, 'boundary_count': 1, 'inferred': True}, corner={'mode': 'WHITE_PATH', 'reason': 'connected normal-offset centre'}
[python-3] [INFO] [1791193723.532657037] [lane_sim.lane_autonomy]: FOLLOWING: v=0.041, w=0.210; Lane=1, used_boundaries=1, perception=OPENCV_WHITE_SIM, metric_target={'x_m': 0.17949371623348953, 'y_m': 0.12066612025122689, 'width_m': None, 'boundary_count': 1, 'inferred': True}, corner={'mode': 'WHITE_PATH', 'reason': 'connected normal-offset centre'}
[python-3] [INFO] [1791193723.790737190] [lane_sim.lane_autonomy]: FOLLOWING: v=0.041, w=0.204; Lane=1, used_boundaries=1, perception=OPENCV_WHITE_SIM, metric_target={'x_m': 0.18492730379793373, 'y_m': 0.12142475134312214, 'width_m': None, 'boundary_count': 1, 'inferred': True}, corner={'mode': 'WHITE_PATH', 'reason': 'connected normal-offset centre'}
[python-3] [INFO] [1791193724.032872913] [lane_sim.lane_autonomy]: FOLLOWING: v=0.042, w=0.198; Lane=1, used_boundaries=1, perception=OPENCV_WHITE_SIM, metric_target={'x_m': 0.19149642778245501, 'y_m': 0.11867717816759037, 'width_m': None, 'boundary_count': 1, 'inferred': True}, corner={'mode': 'WHITE_PATH', 'reason': 'connected normal-offset centre'}
[python-3] [INFO] [1791193724.284690498] [lane_sim.lane_autonomy]: FOLLOWING: v=0.043, w=0.206; Lane=1, used_boundaries=1, perception=OPENCV_WHITE_SIM, metric_target={'x_m': 0.1845480359054317, 'y_m': 0.11135987840752347, 'width_m': None, 'boundary_count': 1, 'inferred': True}, corner={'mode': 'WHITE_PATH', 'reason': 'connected normal-offset centre'}
[python-3] [INFO] [1791193724.582832041] [lane_sim.lane_autonomy]: FOLLOWING: v=0.044, w=0.226; Lane=1, used_boundaries=1, perception=OPENCV_WHITE_SIM, metric_target={'x_m': 0.16735566979465766, 'y_m': 0.09514095792690165, 'width_m': None, 'boundary_count': 1, 'inferred': True}, corner={'mode': 'WHITE_PATH', 'reason': 'connected normal-offset centre'}
[python-3] [INFO] [1791193724.836808320] [lane_sim.lane_autonomy]: FOLLOWING: v=0.046, w=0.230; Lane=1, used_boundaries=1, perception=OPENCV_WHITE_SIM, metric_target={'x_m': 0.163014211878329, 'y_m': 0.08547378776994889, 'width_m': None, 'boundary_count': 1, 'inferred': True}, corner={'mode': 'WHITE_PATH', 'reason': 'connected normal-offset centre'}
[python-3] [INFO] [1791193725.133701749] [lane_sim.lane_autonomy]: FOLLOWING: v=0.046, w=0.203; Lane=1, used_boundaries=1, perception=OPENCV_WHITE_SIM, metric_target={'x_m': 0.18468582636186306, 'y_m': 0.09545811257796011, 'width_m': None, 'boundary_count': 1, 'inferred': True}, corner={'mode': 'WHITE_PATH', 'reason': 'connected normal-offset centre'}
[python-3] [INFO] [1791193725.333074161] [lane_sim.lane_autonomy]: FOLLOWING: v=0.048, w=0.222; Lane=1, used_boundaries=1, perception=OPENCV_WHITE_SIM, metric_target={'x_m': 0.16450465441830492, 'y_m': 0.0755029362364965, 'width_m': None, 'boundary_count': 1, 'inferred': True}, corner={'mode': 'WHITE_PATH', 'reason': 'connected normal-offset centre'}
[python-3] [INFO] [1791193725.684490283] [lane_sim.lane_autonomy]: FOLLOWING: v=0.049, w=0.210; Lane=1, used_boundaries=1, perception=OPENCV_WHITE_SIM, metric_target={'x_m': 0.17207140204543053, 'y_m': 0.07592201132050902, 'width_m': None, 'boundary_count': 1, 'inferred': True}, corner={'mode': 'WHITE_PATH', 'reason': 'connected normal-offset centre'}
[python-3] [INFO] [1791193726.084429894] [lane_sim.lane_autonomy]: FOLLOWING: v=0.051, w=0.196; Lane=1, used_boundaries=1, perception=OPENCV_WHITE_SIM, metric_target={'x_m': 0.17639184326911886, 'y_m': 0.06937208667443914, 'width_m': None, 'boundary_count': 1, 'inferred': True}, corner={'mode': 'WHITE_PATH', 'reason': 'connected normal-offset centre'}
[python-3] [INFO] [1791193726.435050892] [lane_sim.lane_autonomy]: FOLLOWING: v=0.053, w=0.160; Lane=1, used_boundaries=1, perception=OPENCV_WHITE_SIM, metric_target={'x_m': 0.20042404735947242, 'y_m': 0.06711286848791861, 'width_m': None, 'boundary_count': 1, 'inferred': True}, corner={'mode': 'WHITE_PATH', 'reason': 'connected normal-offset centre'}
[python-3] [INFO] [1791193726.934806962] [lane_sim.lane_autonomy]: FOLLOWING: v=0.057, w=0.097; Lane=1, used_boundaries=1, perception=OPENCV_WHITE_SIM, metric_target={'x_m': 0.27912850608300876, 'y_m': 0.07010334351922834, 'width_m': None, 'boundary_count': 1, 'inferred': True}, corner={'mode': 'WHITE_PATH', 'reason': 'connected normal-offset centre'}
[python-3] [INFO] [1791193727.334249362] [lane_sim.lane_autonomy]: FOLLOWING: v=0.086, w=0.104; Lane=2, used_boundaries=2, perception=OPENCV_WHITE_SIM, metric_target={'x_m': 0.29646983785973674, 'y_m': 0.05457580254744287, 'width_m': None, 'boundary_count': 2, 'inferred': False}, corner={'mode': 'WHITE_PATH', 'reason': 'connected normal-offset centre'}
[python-3] [INFO] [1791193727.840510568] [lane_sim.lane_autonomy]: FOLLOWING: v=0.089, w=0.088; Lane=2, used_boundaries=2, perception=OPENCV_WHITE_SIM, metric_target={'x_m': 0.30393920728481233, 'y_m': 0.04684163500469076, 'width_m': None, 'boundary_count': 2, 'inferred': False}, corner={'mode': 'WHITE_PATH', 'reason': 'connected normal-offset centre'}
[python-3] [INFO] [1791193728.434656717] [lane_sim.lane_autonomy]: FOLLOWING: v=0.091, w=0.074; Lane=2, used_boundaries=2, perception=OPENCV_WHITE_SIM, metric_target={'x_m': 0.3047390295117231, 'y_m': 0.03847838054209232, 'width_m': None, 'boundary_count': 2, 'inferred': False}, corner={'mode': 'WHITE_PATH', 'reason': 'connected normal-offset centre'}
[python-3] [INFO] [1791193728.985807635] [lane_sim.lane_autonomy]: FOLLOWING: v=0.096, w=0.029; Lane=2, used_boundaries=2, perception=OPENCV_WHITE_SIM, metric_target={'x_m': 0.3355748800861312, 'y_m': 0.016836353875963432, 'width_m': None, 'boundary_count': 2, 'inferred': False}, corner={'mode': 'WHITE_PATH', 'reason': 'connected normal-offset centre'}
[python-3] [INFO] [1791193729.534153706] [lane_sim.lane_autonomy]: FOLLOWING: v=0.100, w=0.002; Lane=2, used_boundaries=2, perception=OPENCV_WHITE_SIM, metric_target={'x_m': 0.3399957866686462, 'y_m': 0.0009749292374448509, 'width_m': None, 'boundary_count': 2, 'inferred': False}, corner={'mode': 'WHITE_PATH', 'reason': 'connected normal-offset centre'}
[python-3] [INFO] [1791193730.233384913] [lane_sim.lane_autonomy]: FOLLOWING: v=0.098, w=-0.016; Lane=2, used_boundaries=2, perception=OPENCV_WHITE_SIM, metric_target={'x_m': 0.3565669726130036, 'y_m': -0.010113180628458814, 'width_m': None, 'boundary_count': 2, 'inferred': False}, corner={'mode': 'WHITE_PATH', 'reason': 'connected normal-offset centre'}
[python-3] [INFO] [1791193730.883273083] [lane_sim.lane_autonomy]: FOLLOWING: v=0.098, w=-0.017; Lane=2, used_boundaries=2, perception=OPENCV_WHITE_SIM, metric_target={'x_m': 0.35282762829909664, 'y_m': -0.011167586351892316, 'width_m': None, 'boundary_count': 2, 'inferred': False}, corner={'mode': 'WHITE_PATH', 'reason': 'connected normal-offset centre'}
[python-3] [INFO] [1791193731.442986787] [lane_sim.lane_autonomy]: FOLLOWING: v=0.097, w=-0.020; Lane=2, used_boundaries=2, perception=OPENCV_WHITE_SIM, metric_target={'x_m': 0.35533054115303353, 'y_m': -0.012994131695935246, 'width_m': None, 'boundary_count': 2, 'inferred': False}, corner={'mode': 'WHITE_PATH', 'reason': 'connected normal-offset centre'}
[python-3] [INFO] [1791193731.984900068] [lane_sim.lane_autonomy]: FOLLOWING: v=0.097, w=-0.021; Lane=2, used_boundaries=2, perception=OPENCV_WHITE_SIM, metric_target={'x_m': 0.35290123649879, 'y_m': -0.013482671321859797, 'width_m': None, 'boundary_count': 2, 'inferred': False}, corner={'mode': 'WHITE_PATH', 'reason': 'connected normal-offset centre'}
[python-3] [INFO] [1791193732.434979274] [lane_sim.lane_autonomy]: FOLLOWING: v=0.097, w=-0.022; Lane=2, used_boundaries=2, perception=OPENCV_WHITE_SIM, metric_target={'x_m': 0.346309677773913, 'y_m': -0.013298781971363624, 'width_m': None, 'boundary_count': 2, 'inferred': False}, corner={'mode': 'WHITE_PATH', 'reason': 'connected normal-offset centre'}
[python-3] [INFO] [1791193732.942808685] [lane_sim.lane_autonomy]: FOLLOWING: v=0.097, w=-0.019; Lane=2, used_boundaries=2, perception=OPENCV_WHITE_SIM, metric_target={'x_m': 0.3472819784511745, 'y_m': -0.011784456719805533, 'width_m': None, 'boundary_count': 2, 'inferred': False}, corner={'mode': 'WHITE_PATH', 'reason': 'connected normal-offset centre'}
[python-3] [INFO] [1791193733.587466412] [lane_sim.lane_autonomy]: FOLLOWING: v=0.099, w=-0.010; Lane=2, used_boundaries=2, perception=OPENCV_WHITE_SIM, metric_target={'x_m': 0.3709986458774965, 'y_m': -0.007031589705341514, 'width_m': None, 'boundary_count': 2, 'inferred': False}, corner={'mode': 'WHITE_PATH', 'reason': 'connected normal-offset centre'}
[python-3] [INFO] [1791193734.134067929] [lane_sim.lane_autonomy]: FOLLOWING: v=0.099, w=-0.009; Lane=2, used_boundaries=2, perception=OPENCV_WHITE_SIM, metric_target={'x_m': 0.35805512518111343, 'y_m': -0.0055513839552822925, 'width_m': None, 'boundary_count': 2, 'inferred': False}, corner={'mode': 'WHITE_PATH', 'reason': 'connected normal-offset centre'}
[python-3] [INFO] [1791193734.635978073] [lane_sim.lane_autonomy]: FOLLOWING: v=0.098, w=-0.013; Lane=2, used_boundaries=2, perception=OPENCV_WHITE_SIM, metric_target={'x_m': 0.3514714003338365, 'y_m': -0.008232693010504713, 'width_m': None, 'boundary_count': 2, 'inferred': False}, corner={'mode': 'WHITE_PATH', 'reason': 'connected normal-offset centre'}
[python-3] [INFO] [1791193735.283418560] [lane_sim.lane_autonomy]: FOLLOWING: v=0.099, w=-0.009; Lane=2, used_boundaries=2, perception=OPENCV_WHITE_SIM, metric_target={'x_m': 0.35216207463179977, 'y_m': -0.0059403711232710625, 'width_m': None, 'boundary_count': 2, 'inferred': False}, corner={'mode': 'WHITE_PATH', 'reason': 'connected normal-offset centre'}
[python-3] [INFO] [1791193735.941391883] [lane_sim.lane_autonomy]: FOLLOWING: v=0.099, w=-0.006; Lane=2, used_boundaries=2, perception=OPENCV_WHITE_SIM, metric_target={'x_m': 0.3555028896408365, 'y_m': -0.0038239549670989834, 'width_m': None, 'boundary_count': 2, 'inferred': False}, corner={'mode': 'WHITE_PATH', 'reason': 'connected normal-offset centre'}
[python-3] [INFO] [1791193736.342286071] [lane_sim.lane_autonomy]: FOLLOWING: v=0.100, w=0.001; Lane=2, used_boundaries=2, perception=OPENCV_WHITE_SIM, metric_target={'x_m': 0.3611297588748727, 'y_m': 0.0008452872937418138, 'width_m': None, 'boundary_count': 2, 'inferred': False}, corner={'mode': 'WHITE_PATH', 'reason': 'connected normal-offset centre'}
[python-3] [INFO] [1791193736.784856411] [lane_sim.lane_autonomy]: FOLLOWING: v=0.099, w=0.006; Lane=2, used_boundaries=2, perception=OPENCV_WHITE_SIM, metric_target={'x_m': 0.37108551409460927, 'y_m': 0.004456627756851995, 'width_m': None, 'boundary_count': 2, 'inferred': False}, corner={'mode': 'WHITE_PATH', 'reason': 'connected normal-offset centre'}
[python-3] [INFO] [1791193737.082916521] [lane_sim.lane_autonomy]: FOLLOWING: v=0.100, w=0.003; Lane=2, used_boundaries=2, perception=OPENCV_WHITE_SIM, metric_target={'x_m': 0.3617703923409397, 'y_m': 0.0018988892683259445, 'width_m': None, 'boundary_count': 2, 'inferred': False}, corner={'mode': 'WHITE_PATH', 'reason': 'connected normal-offset centre'}
[python-3] [INFO] [1791193737.188399037] [lane_sim.lane_autonomy]: DISABLED
[WARNING] [launch]: user interrupted with ctrl-c (SIGINT)
[INFO] [python-3]: sending signal 'SIGINT' to process[python-3]
[INFO] [parameter_bridge-2]: sending signal 'SIGINT' to process[parameter_bridge-2]
[INFO] [gz-1]: sending signal 'SIGINT' to process[gz-1]
[parameter_bridge-2] [INFO] [1791193739.277252362] [rclcpp]: signal_handler(SIGINT/SIGTERM)
[python-3] Traceback (most recent call last):
[python-3]   File "/home/tory/pinky_nav_publish_yWXwM0/repo/install/pinky_move/lib/pinky_move/lane_autonomy", line 33, in <module>
[python-3]     sys.exit(load_entry_point('pinky-move', 'console_scripts', 'lane_autonomy')())
[python-3]              ^^^^^^^^^^^^^^^^^^^^^^^^^^^^^^^^^^^^^^^^^^^^^^^^^^^^^^^^^^^^^^^^^^^^
[python-3]   File "/home/tory/pinky_nav_publish_yWXwM0/repo/build/pinky_move/pinky_move/lane_autonomy.py", line 1935, in main
[parameter_bridge-2] [INFO] [1791193739.281306229] [rclcpp]: signal_handler(SIGINT/SIGTERM)
[python-3]     node.destroy_node()
[python-3]   File "/home/tory/pinky_nav_publish_yWXwM0/repo/build/pinky_move/pinky_move/lane_autonomy.py", line 1912, in destroy_node
[python-3]     debug_worker.close()
[python-3]   File "/home/tory/pinky_nav_publish_yWXwM0/repo/build/pinky_move/pinky_move/debug_worker.py", line 146, in close
[python-3]     self.thread.join(timeout=2.)
[python-3]   File "/usr/lib/python3.12/threading.py", line 1151, in join
[python-3]     self._wait_for_tstate_lock(timeout=max(timeout, 0))
[python-3]   File "/usr/lib/python3.12/threading.py", line 1167, in _wait_for_tstate_lock
[python-3]     if lock.acquire(block, timeout):
[python-3]        ^^^^^^^^^^^^^^^^^^^^^^^^^^^^
[python-3] KeyboardInterrupt
[INFO] [parameter_bridge-2]: process has finished cleanly [pid 208856]
[INFO] [gz-1]: process has finished cleanly [pid 208855]
[ERROR] [python-3]: process has died [pid 208857, exit code -2, cmd '/home/tory/venv/omx/bin/python /home/tory/pinky_nav_publish_yWXwM0/repo/install/pinky_move/lib/pinky_move/lane_autonomy --ros-args -r __node:=lane_autonomy -r __ns:=/lane_sim --params-file /home/tory/pinky_nav_publish_yWXwM0/repo/install/pinky_move/share/pinky_move/config/lane_autonomy.yaml --params-file /tmp/launch_params_9fzmmmik'].
