[INFO] [launch]: All log files can be found below /home/tory/.ros/log/2026-10-05-18-50-16-176354-tory-15Z95N-GP7QL-209978
[INFO] [launch]: Default logging verbosity is set to INFO
[INFO] [gz-1]: process started with pid [209985]
[INFO] [parameter_bridge-2]: process started with pid [209986]
[INFO] [python-3]: process started with pid [209987]
[parameter_bridge-2] [INFO] [1791193816.807172800] [lane_sim_bridge]: Creating GZ->ROS Bridge: [/lane_sim/camera/image_raw (gz.msgs.Image) -> /lane_sim/camera/image_raw (sensor_msgs/msg/Image)] (Lazy 0)
[parameter_bridge-2] [INFO] [1791193816.809393933] [lane_sim_bridge]: Creating GZ->ROS Bridge: [/lane_sim/camera/camera_info (gz.msgs.CameraInfo) -> /lane_sim/camera/camera_info (sensor_msgs/msg/CameraInfo)] (Lazy 0)
[parameter_bridge-2] [INFO] [1791193816.809775814] [lane_sim_bridge]: Creating GZ->ROS Bridge: [/lane_sim/odom (gz.msgs.Odometry) -> /lane_sim/odom (nav_msgs/msg/Odometry)] (Lazy 0)
[parameter_bridge-2] [INFO] [1791193816.810611440] [lane_sim_bridge]: Creating GZ->ROS Bridge: [/lane_sim/ground_truth (gz.msgs.Odometry) -> /lane_sim/ground_truth (nav_msgs/msg/Odometry)] (Lazy 0)
[parameter_bridge-2] [INFO] [1791193816.810850611] [lane_sim_bridge]: Creating ROS->GZ Bridge: [/lane_sim/cmd_vel (geometry_msgs/msg/Twist) -> /lane_sim/cmd_vel (gz.msgs.Twist)] (Lazy 0)
[parameter_bridge-2] [INFO] [1791193816.811363664] [lane_sim_bridge]: Creating GZ->ROS Bridge: [/clock (gz.msgs.Clock) -> /clock (rosgraph_msgs/msg/Clock)] (Lazy 0)
[gz-1] [1;33mWarning [Utils.cc:132][0m [/sdf/world[@name="lane_course"]/model[@name="pinky_lane"]/link[@name="base_footprint"]/sensor[@name="camera"]/gz_frame_id:/tmp/pinky-opencv-suite-jrlz_9tx/lane_course.sdf:L134]: XML Element[gz_frame_id], child of element[sensor], not defined in SDF. Copying[gz_frame_id] as children of [sensor].
[python-3] [WARN] [1791193817.393523837] [lane_sim.lane_autonomy]: URDF projection uses nominal mounting; physical accuracy remains unverified.
[python-3] [INFO] [1791193817.400994103] [lane_sim.lane_autonomy]: Lane autonomy ready and disabled. model=/home/tory/Downloads/yolo_runs/segment/train/weights/best.pt, image=/lane_sim/camera/image_raw, output=/lane_sim/cmd_vel
[python-3] [INFO] [1791193817.401487818] [lane_sim.lane_autonomy]: Enable after placing the robot safely: ros2 service call /lane_autonomy/enable std_srvs/srv/SetBool "{data: true}"
[parameter_bridge-2] [INFO] [1791193817.451682673] [lane_sim_bridge]: Passing message from ROS geometry_msgs/msg/Twist to Gazebo gz.msgs.Twist (showing msg only once per type)
[python-3] [INFO] [1791193817.452176361] [lane_sim.lane_autonomy]: DISABLED
[gz-1] [1;33m[Wrn] [OBJLoader.cc:202] [0m[1;33mMissing material for shape[[0m[1;33m] [0m[1;33min OBJ file[[0m[1;33m/tmp/pinky-opencv-suite-jrlz_9tx/right_stripe_0.obj[0m[1;33m][0m[1;33m[0m
[gz-1] [1;33m[Wrn] [OBJLoader.cc:202] [0m[1;33mMissing material for shape[[0m[1;33m] [0m[1;33min OBJ file[[0m[1;33m/tmp/pinky-opencv-suite-jrlz_9tx/left_stripe_0.obj[0m[1;33m][0m[1;33m[0m
[gz-1] [1;33m[Wrn] [Ogre2Camera.cc:423] [0m[1;33mOgre2Camera::SetVisibilityMask: Mask bits [0m[1;33mc0000000[0m[1;33m are set but will be ignored as they conflict with the [0m[1;33mreserved bits used internally by the ogre2 backend.[0m[1;33m[0m
[python-3] [WARN] [1791193819.858670193] [lane_sim.lane_autonomy]: Lidar obstacle stopping DISABLED; camera/line loss and command watchdog remain active.
[python-3] [INFO] [1791193819.906796164] [lane_sim.lane_autonomy]: WAITING_FOR_LANE: no usable boundary; Lane=0, used_boundaries=0, perception=YOLO, metric_target=None, corner={'mode': 'NORMAL', 'reason': 'no corner observation'}
[python-3] [INFO] [1791193820.567830375] [lane_sim.lane_autonomy]: FOLLOWING: v=0.100, w=-0.003; Lane=2, used_boundaries=2, perception=OPENCV_WHITE_SIM, metric_target={'x_m': 0.35883019312539693, 'y_m': -0.0018570298438465923, 'width_m': None, 'boundary_count': 2, 'inferred': False}, corner={'mode': 'WHITE_PATH', 'reason': 'connected normal-offset centre'}
[python-3] [INFO] [1791193821.053490871] [lane_sim.lane_autonomy]: FOLLOWING: v=0.100, w=0.000; Lane=2, used_boundaries=2, perception=OPENCV_WHITE_SIM, metric_target={'x_m': 0.35767656752106325, 'y_m': 0.00014060280676725837, 'width_m': None, 'boundary_count': 2, 'inferred': False}, corner={'mode': 'WHITE_PATH', 'reason': 'connected normal-offset centre'}
[python-3] [INFO] [1791193821.906972348] [lane_sim.lane_autonomy]: FOLLOWING: v=0.100, w=-0.001; Lane=2, used_boundaries=2, perception=OPENCV_WHITE_SIM, metric_target={'x_m': 0.3582776144009623, 'y_m': -0.0009125950376843775, 'width_m': None, 'boundary_count': 2, 'inferred': False}, corner={'mode': 'WHITE_PATH', 'reason': 'connected normal-offset centre'}
[python-3] [INFO] [1791193822.404758604] [lane_sim.lane_autonomy]: FOLLOWING: v=0.100, w=0.003; Lane=2, used_boundaries=2, perception=OPENCV_WHITE_SIM, metric_target={'x_m': 0.36968330449850645, 'y_m': 0.0020708995927170995, 'width_m': None, 'boundary_count': 2, 'inferred': False}, corner={'mode': 'WHITE_PATH', 'reason': 'connected normal-offset centre'}
[python-3] [INFO] [1791193822.806089606] [lane_sim.lane_autonomy]: FOLLOWING: v=0.100, w=-0.003; Lane=2, used_boundaries=2, perception=OPENCV_WHITE_SIM, metric_target={'x_m': 0.3589043390291981, 'y_m': -0.002027830780788775, 'width_m': None, 'boundary_count': 2, 'inferred': False}, corner={'mode': 'WHITE_PATH', 'reason': 'connected normal-offset centre'}
[python-3] [INFO] [1791193823.205183898] [lane_sim.lane_autonomy]: FOLLOWING: v=0.099, w=-0.007; Lane=2, used_boundaries=2, perception=OPENCV_WHITE_SIM, metric_target={'x_m': 0.36036794678923767, 'y_m': -0.004703694927480584, 'width_m': None, 'boundary_count': 2, 'inferred': False}, corner={'mode': 'WHITE_PATH', 'reason': 'connected normal-offset centre'}
[python-3] [INFO] [1791193823.605364053] [lane_sim.lane_autonomy]: FOLLOWING: v=0.099, w=-0.009; Lane=2, used_boundaries=2, perception=OPENCV_WHITE_SIM, metric_target={'x_m': 0.3608496352683286, 'y_m': -0.005607388381301439, 'width_m': None, 'boundary_count': 2, 'inferred': False}, corner={'mode': 'WHITE_PATH', 'reason': 'connected normal-offset centre'}
[python-3] [INFO] [1791193824.355277696] [lane_sim.lane_autonomy]: FOLLOWING: v=0.099, w=-0.007; Lane=2, used_boundaries=2, perception=OPENCV_WHITE_SIM, metric_target={'x_m': 0.3490894473823991, 'y_m': -0.004538042482977955, 'width_m': None, 'boundary_count': 2, 'inferred': False}, corner={'mode': 'WHITE_PATH', 'reason': 'connected normal-offset centre'}
[python-3] [INFO] [1791193824.705714648] [lane_sim.lane_autonomy]: FOLLOWING: v=0.099, w=-0.010; Lane=2, used_boundaries=2, perception=OPENCV_WHITE_SIM, metric_target={'x_m': 0.29337802622349374, 'y_m': -0.004519621330225737, 'width_m': None, 'boundary_count': 2, 'inferred': False}, corner={'mode': 'WHITE_PATH', 'reason': 'connected normal-offset centre'}
[python-3] [INFO] [1791193825.554562631] [lane_sim.lane_autonomy]: FOLLOWING: v=0.098, w=-0.015; Lane=2, used_boundaries=2, perception=OPENCV_WHITE_SIM, metric_target={'x_m': 0.2690276336176234, 'y_m': -0.005608850660590914, 'width_m': None, 'boundary_count': 2, 'inferred': False}, corner={'mode': 'WHITE_PATH', 'reason': 'connected normal-offset centre'}
[python-3] [INFO] [1791193826.305064059] [lane_sim.lane_autonomy]: FOLLOWING: v=0.053, w=-0.115; Lane=1, used_boundaries=1, perception=OPENCV_WHITE_SIM, metric_target={'x_m': 0.2778234422206879, 'y_m': -0.09218629390222703, 'width_m': None, 'boundary_count': 1, 'inferred': True}, corner={'mode': 'WHITE_PATH', 'reason': 'connected normal-offset centre'}
[python-3] [INFO] [1791193826.606986336] [lane_sim.lane_autonomy]: FOLLOWING: v=0.039, w=-0.177; Lane=1, used_boundaries=1, perception=OPENCV_WHITE_SIM, metric_target={'x_m': 0.21110320652591677, 'y_m': -0.15242367624210348, 'width_m': None, 'boundary_count': 1, 'inferred': True}, corner={'mode': 'WHITE_PATH', 'reason': 'connected normal-offset centre'}
[python-3] [INFO] [1791193826.805656111] [lane_sim.lane_autonomy]: FOLLOWING: v=0.037, w=-0.187; Lane=1, used_boundaries=1, perception=OPENCV_WHITE_SIM, metric_target={'x_m': 0.19467584109030292, 'y_m': -0.15547461799609094, 'width_m': None, 'boundary_count': 1, 'inferred': True}, corner={'mode': 'WHITE_PATH', 'reason': 'connected normal-offset centre'}
[python-3] [INFO] [1791193827.360607432] [lane_sim.lane_autonomy]: FOLLOWING: v=0.037, w=-0.194; Lane=1, used_boundaries=1, perception=OPENCV_WHITE_SIM, metric_target={'x_m': 0.18690158277913246, 'y_m': -0.1490038558035664, 'width_m': None, 'boundary_count': 1, 'inferred': True}, corner={'mode': 'WHITE_PATH', 'reason': 'connected normal-offset centre'}
[python-3] [INFO] [1791193827.854479896] [lane_sim.lane_autonomy]: FOLLOWING: v=0.040, w=-0.205; Lane=1, used_boundaries=1, perception=OPENCV_WHITE_SIM, metric_target={'x_m': 0.18229728041670515, 'y_m': -0.12824052445598383, 'width_m': None, 'boundary_count': 1, 'inferred': True}, corner={'mode': 'WHITE_PATH', 'reason': 'connected normal-offset centre'}
[python-3] [INFO] [1791193828.256197918] [lane_sim.lane_autonomy]: FOLLOWING: v=0.041, w=-0.218; Lane=1, used_boundaries=1, perception=OPENCV_WHITE_SIM, metric_target={'x_m': 0.17361850630206574, 'y_m': -0.11322633396089014, 'width_m': None, 'boundary_count': 1, 'inferred': True}, corner={'mode': 'WHITE_PATH', 'reason': 'connected normal-offset centre'}
[python-3] [INFO] [1791193828.503725180] [lane_sim.lane_autonomy]: FOLLOWING: v=0.042, w=-0.224; Lane=1, used_boundaries=1, perception=OPENCV_WHITE_SIM, metric_target={'x_m': 0.1692955491504363, 'y_m': -0.10468293589897776, 'width_m': None, 'boundary_count': 1, 'inferred': True}, corner={'mode': 'WHITE_PATH', 'reason': 'connected normal-offset centre'}
[python-3] [INFO] [1791193828.713212030] [lane_sim.lane_autonomy]: FOLLOWING: v=0.042, w=-0.228; Lane=1, used_boundaries=1, perception=OPENCV_WHITE_SIM, metric_target={'x_m': 0.1661891767901939, 'y_m': -0.10278963863274526, 'width_m': None, 'boundary_count': 1, 'inferred': True}, corner={'mode': 'WHITE_PATH', 'reason': 'connected normal-offset centre'}
[python-3] [INFO] [1791193829.004183579] [lane_sim.lane_autonomy]: FOLLOWING: v=0.042, w=-0.234; Lane=1, used_boundaries=1, perception=OPENCV_WHITE_SIM, metric_target={'x_m': 0.16225978418679965, 'y_m': -0.10240167924798427, 'width_m': None, 'boundary_count': 1, 'inferred': True}, corner={'mode': 'WHITE_PATH', 'reason': 'connected normal-offset centre'}
[python-3] [INFO] [1791193829.212519973] [lane_sim.lane_autonomy]: FOLLOWING: v=0.042, w=-0.225; Lane=1, used_boundaries=1, perception=OPENCV_WHITE_SIM, metric_target={'x_m': 0.16803054807783868, 'y_m': -0.10861284832783372, 'width_m': None, 'boundary_count': 1, 'inferred': True}, corner={'mode': 'WHITE_PATH', 'reason': 'connected normal-offset centre'}
[python-3] [INFO] [1791193829.455694199] [lane_sim.lane_autonomy]: FOLLOWING: v=0.041, w=-0.220; Lane=1, used_boundaries=1, perception=OPENCV_WHITE_SIM, metric_target={'x_m': 0.17149071823687348, 'y_m': -0.11243916863821588, 'width_m': None, 'boundary_count': 1, 'inferred': True}, corner={'mode': 'WHITE_PATH', 'reason': 'connected normal-offset centre'}
[python-3] [INFO] [1791193829.655607060] [lane_sim.lane_autonomy]: FOLLOWING: v=0.041, w=-0.214; Lane=1, used_boundaries=1, perception=OPENCV_WHITE_SIM, metric_target={'x_m': 0.17660988909562883, 'y_m': -0.11525957757019695, 'width_m': None, 'boundary_count': 1, 'inferred': True}, corner={'mode': 'WHITE_PATH', 'reason': 'connected normal-offset centre'}
[python-3] [INFO] [1791193829.953921082] [lane_sim.lane_autonomy]: FOLLOWING: v=0.041, w=-0.215; Lane=1, used_boundaries=1, perception=OPENCV_WHITE_SIM, metric_target={'x_m': 0.17518794904293677, 'y_m': -0.11769553941701484, 'width_m': None, 'boundary_count': 1, 'inferred': True}, corner={'mode': 'WHITE_PATH', 'reason': 'connected normal-offset centre'}
[python-3] [INFO] [1791193830.204024222] [lane_sim.lane_autonomy]: FOLLOWING: v=0.042, w=-0.202; Lane=1, used_boundaries=1, perception=OPENCV_WHITE_SIM, metric_target={'x_m': 0.18784546783545017, 'y_m': -0.1177331711231915, 'width_m': None, 'boundary_count': 1, 'inferred': True}, corner={'mode': 'WHITE_PATH', 'reason': 'connected normal-offset centre'}
[python-3] [INFO] [1791193830.503901361] [lane_sim.lane_autonomy]: FOLLOWING: v=0.043, w=-0.196; Lane=1, used_boundaries=1, perception=OPENCV_WHITE_SIM, metric_target={'x_m': 0.19355490762196131, 'y_m': -0.11811110407509602, 'width_m': None, 'boundary_count': 1, 'inferred': True}, corner={'mode': 'WHITE_PATH', 'reason': 'connected normal-offset centre'}
[python-3] [INFO] [1791193830.755427414] [lane_sim.lane_autonomy]: FOLLOWING: v=0.043, w=-0.190; Lane=1, used_boundaries=1, perception=OPENCV_WHITE_SIM, metric_target={'x_m': 0.1990962575081716, 'y_m': -0.116568668227035, 'width_m': None, 'boundary_count': 1, 'inferred': True}, corner={'mode': 'WHITE_PATH', 'reason': 'connected normal-offset centre'}
[python-3] [INFO] [1791193831.053758386] [lane_sim.lane_autonomy]: FOLLOWING: v=0.044, w=-0.185; Lane=1, used_boundaries=1, perception=OPENCV_WHITE_SIM, metric_target={'x_m': 0.20414645196083656, 'y_m': -0.11445004030577897, 'width_m': None, 'boundary_count': 1, 'inferred': True}, corner={'mode': 'WHITE_PATH', 'reason': 'connected normal-offset centre'}
[python-3] [INFO] [1791193831.354194123] [lane_sim.lane_autonomy]: FOLLOWING: v=0.046, w=-0.223; Lane=1, used_boundaries=1, perception=OPENCV_WHITE_SIM, metric_target={'x_m': 0.16789831433865898, 'y_m': -0.08670315720523036, 'width_m': None, 'boundary_count': 1, 'inferred': True}, corner={'mode': 'WHITE_PATH', 'reason': 'connected normal-offset centre'}
[python-3] [INFO] [1791193831.653745458] [lane_sim.lane_autonomy]: FOLLOWING: v=0.047, w=-0.220; Lane=1, used_boundaries=1, perception=OPENCV_WHITE_SIM, metric_target={'x_m': 0.1691077732236442, 'y_m': -0.08409559403121857, 'width_m': None, 'boundary_count': 1, 'inferred': True}, corner={'mode': 'WHITE_PATH', 'reason': 'connected normal-offset centre'}
[python-3] [INFO] [1791193831.861332701] [lane_sim.lane_autonomy]: FOLLOWING: v=0.048, w=-0.191; Lane=1, used_boundaries=1, perception=OPENCV_WHITE_SIM, metric_target={'x_m': 0.19228835905149347, 'y_m': -0.09049539014496848, 'width_m': None, 'boundary_count': 1, 'inferred': True}, corner={'mode': 'WHITE_PATH', 'reason': 'connected normal-offset centre'}
[python-3] [INFO] [1791193832.204693533] [lane_sim.lane_autonomy]: FOLLOWING: v=0.049, w=-0.186; Lane=1, used_boundaries=1, perception=OPENCV_WHITE_SIM, metric_target={'x_m': 0.19404583837859404, 'y_m': -0.08613705742585201, 'width_m': None, 'boundary_count': 1, 'inferred': True}, corner={'mode': 'WHITE_PATH', 'reason': 'connected normal-offset centre'}
[python-3] [INFO] [1791193832.554030986] [lane_sim.lane_autonomy]: FOLLOWING: v=0.050, w=-0.194; Lane=1, used_boundaries=1, perception=OPENCV_WHITE_SIM, metric_target={'x_m': 0.18168560724153265, 'y_m': -0.07457361507770105, 'width_m': None, 'boundary_count': 1, 'inferred': True}, corner={'mode': 'WHITE_PATH', 'reason': 'connected normal-offset centre'}
[python-3] [INFO] [1791193832.954355965] [lane_sim.lane_autonomy]: FOLLOWING: v=0.052, w=-0.152; Lane=1, used_boundaries=1, perception=OPENCV_WHITE_SIM, metric_target={'x_m': 0.2204105570002796, 'y_m': -0.08049946397207677, 'width_m': None, 'boundary_count': 1, 'inferred': True}, corner={'mode': 'WHITE_PATH', 'reason': 'connected normal-offset centre'}
[python-3] [INFO] [1791193833.405467727] [lane_sim.lane_autonomy]: FOLLOWING: v=0.055, w=-0.119; Lane=1, used_boundaries=1, perception=OPENCV_WHITE_SIM, metric_target={'x_m': 0.2570178404411583, 'y_m': -0.07847753817671763, 'width_m': None, 'boundary_count': 1, 'inferred': True}, corner={'mode': 'WHITE_PATH', 'reason': 'connected normal-offset centre'}
[python-3] [INFO] [1791193833.855159506] [lane_sim.lane_autonomy]: FOLLOWING: v=0.058, w=-0.090; Lane=1, used_boundaries=1, perception=OPENCV_WHITE_SIM, metric_target={'x_m': 0.2833585824997348, 'y_m': -0.065677692369511, 'width_m': None, 'boundary_count': 1, 'inferred': True}, corner={'mode': 'WHITE_PATH', 'reason': 'connected normal-offset centre'}
[python-3] [INFO] [1791193834.356256324] [lane_sim.lane_autonomy]: FOLLOWING: v=0.086, w=-0.105; Lane=2, used_boundaries=2, perception=OPENCV_WHITE_SIM, metric_target={'x_m': 0.29454245965333825, 'y_m': -0.0548579850977555, 'width_m': None, 'boundary_count': 2, 'inferred': False}, corner={'mode': 'WHITE_PATH', 'reason': 'connected normal-offset centre'}
[python-3] [INFO] [1791193834.806996082] [lane_sim.lane_autonomy]: FOLLOWING: v=0.088, w=-0.090; Lane=2, used_boundaries=2, perception=OPENCV_WHITE_SIM, metric_target={'x_m': 0.3015094551696689, 'y_m': -0.04718721967912264, 'width_m': None, 'boundary_count': 2, 'inferred': False}, corner={'mode': 'WHITE_PATH', 'reason': 'connected normal-offset centre'}
[python-3] [INFO] [1791193835.354909626] [lane_sim.lane_autonomy]: FOLLOWING: v=0.091, w=-0.072; Lane=2, used_boundaries=2, perception=OPENCV_WHITE_SIM, metric_target={'x_m': 0.3046002651878691, 'y_m': -0.0370786360180313, 'width_m': None, 'boundary_count': 2, 'inferred': False}, corner={'mode': 'WHITE_PATH', 'reason': 'connected normal-offset centre'}
[python-3] [INFO] [1791193835.857183548] [lane_sim.lane_autonomy]: FOLLOWING: v=0.094, w=-0.048; Lane=2, used_boundaries=2, perception=OPENCV_WHITE_SIM, metric_target={'x_m': 0.31316174715849676, 'y_m': -0.025033139007141682, 'width_m': None, 'boundary_count': 2, 'inferred': False}, corner={'mode': 'WHITE_PATH', 'reason': 'connected normal-offset centre'}
[python-3] [INFO] [1791193836.411203047] [lane_sim.lane_autonomy]: FOLLOWING: v=0.097, w=-0.022; Lane=2, used_boundaries=2, perception=OPENCV_WHITE_SIM, metric_target={'x_m': 0.3294230096906698, 'y_m': -0.012417795977520187, 'width_m': None, 'boundary_count': 2, 'inferred': False}, corner={'mode': 'WHITE_PATH', 'reason': 'connected normal-offset centre'}
[python-3] [INFO] [1791193836.957559014] [lane_sim.lane_autonomy]: FOLLOWING: v=0.099, w=0.007; Lane=2, used_boundaries=2, perception=OPENCV_WHITE_SIM, metric_target={'x_m': 0.35166783471842117, 'y_m': 0.00412208955051738, 'width_m': None, 'boundary_count': 2, 'inferred': False}, corner={'mode': 'WHITE_PATH', 'reason': 'connected normal-offset centre'}
[python-3] [INFO] [1791193837.606416657] [lane_sim.lane_autonomy]: FOLLOWING: v=0.098, w=0.015; Lane=2, used_boundaries=2, perception=OPENCV_WHITE_SIM, metric_target={'x_m': 0.36379409330058815, 'y_m': 0.010464935078517439, 'width_m': None, 'boundary_count': 2, 'inferred': False}, corner={'mode': 'WHITE_PATH', 'reason': 'connected normal-offset centre'}
[python-3] [INFO] [1791193838.156787964] [lane_sim.lane_autonomy]: FOLLOWING: v=0.096, w=0.026; Lane=2, used_boundaries=2, perception=OPENCV_WHITE_SIM, metric_target={'x_m': 0.34788384818416906, 'y_m': 0.016610136702437474, 'width_m': None, 'boundary_count': 2, 'inferred': False}, corner={'mode': 'WHITE_PATH', 'reason': 'connected normal-offset centre'}
[python-3] [INFO] [1791193838.756301530] [lane_sim.lane_autonomy]: FOLLOWING: v=0.097, w=0.024; Lane=2, used_boundaries=2, perception=OPENCV_WHITE_SIM, metric_target={'x_m': 0.3648676591446911, 'y_m': 0.016592986902780122, 'width_m': None, 'boundary_count': 2, 'inferred': False}, corner={'mode': 'WHITE_PATH', 'reason': 'connected normal-offset centre'}
[python-3] [INFO] [1791193839.311417030] [lane_sim.lane_autonomy]: FOLLOWING: v=0.097, w=0.023; Lane=2, used_boundaries=2, perception=OPENCV_WHITE_SIM, metric_target={'x_m': 0.3563423245304746, 'y_m': 0.014768899159237429, 'width_m': None, 'boundary_count': 2, 'inferred': False}, corner={'mode': 'WHITE_PATH', 'reason': 'connected normal-offset centre'}
[python-3] [INFO] [1791193839.904851495] [lane_sim.lane_autonomy]: FOLLOWING: v=0.096, w=0.031; Lane=2, used_boundaries=2, perception=OPENCV_WHITE_SIM, metric_target={'x_m': 0.34070452315010785, 'y_m': 0.018954683346214318, 'width_m': None, 'boundary_count': 2, 'inferred': False}, corner={'mode': 'WHITE_PATH', 'reason': 'connected normal-offset centre'}
[python-3] [INFO] [1791193840.404669025] [lane_sim.lane_autonomy]: FOLLOWING: v=0.097, w=0.019; Lane=2, used_boundaries=2, perception=OPENCV_WHITE_SIM, metric_target={'x_m': 0.35586492611835585, 'y_m': 0.012424633013827515, 'width_m': None, 'boundary_count': 2, 'inferred': False}, corner={'mode': 'WHITE_PATH', 'reason': 'connected normal-offset centre'}
[python-3] [INFO] [1791193840.904315686] [lane_sim.lane_autonomy]: FOLLOWING: v=0.098, w=0.014; Lane=2, used_boundaries=2, perception=OPENCV_WHITE_SIM, metric_target={'x_m': 0.3558932922114583, 'y_m': 0.008751595614612565, 'width_m': None, 'boundary_count': 2, 'inferred': False}, corner={'mode': 'WHITE_PATH', 'reason': 'connected normal-offset centre'}
[python-3] [INFO] [1791193841.456745352] [lane_sim.lane_autonomy]: FOLLOWING: v=0.099, w=0.009; Lane=2, used_boundaries=2, perception=OPENCV_WHITE_SIM, metric_target={'x_m': 0.3633576815223772, 'y_m': 0.00602043273241145, 'width_m': None, 'boundary_count': 2, 'inferred': False}, corner={'mode': 'WHITE_PATH', 'reason': 'connected normal-offset centre'}
[python-3] [INFO] [1791193842.005613200] [lane_sim.lane_autonomy]: FOLLOWING: v=0.099, w=0.005; Lane=2, used_boundaries=2, perception=OPENCV_WHITE_SIM, metric_target={'x_m': 0.3665980481443163, 'y_m': 0.003656066248561154, 'width_m': None, 'boundary_count': 2, 'inferred': False}, corner={'mode': 'WHITE_PATH', 'reason': 'connected normal-offset centre'}
[python-3] [INFO] [1791193842.557705973] [lane_sim.lane_autonomy]: FOLLOWING: v=0.099, w=0.005; Lane=2, used_boundaries=2, perception=OPENCV_WHITE_SIM, metric_target={'x_m': 0.36879636754260486, 'y_m': 0.003170057217894507, 'width_m': None, 'boundary_count': 2, 'inferred': False}, corner={'mode': 'WHITE_PATH', 'reason': 'connected normal-offset centre'}
[python-3] [INFO] [1791193843.054097769] [lane_sim.lane_autonomy]: FOLLOWING: v=0.099, w=0.007; Lane=2, used_boundaries=2, perception=OPENCV_WHITE_SIM, metric_target={'x_m': 0.3703821398955546, 'y_m': 0.004533879277287699, 'width_m': None, 'boundary_count': 2, 'inferred': False}, corner={'mode': 'WHITE_PATH', 'reason': 'connected normal-offset centre'}
[python-3] [INFO] [1791193843.456910847] [lane_sim.lane_autonomy]: FOLLOWING: v=0.099, w=0.007; Lane=2, used_boundaries=2, perception=OPENCV_WHITE_SIM, metric_target={'x_m': 0.351085688814413, 'y_m': 0.0043869543556366184, 'width_m': None, 'boundary_count': 2, 'inferred': False}, corner={'mode': 'WHITE_PATH', 'reason': 'connected normal-offset centre'}
[python-3] [INFO] [1791193843.753983943] [lane_sim.lane_autonomy]: FOLLOWING: v=0.100, w=0.002; Lane=2, used_boundaries=2, perception=OPENCV_WHITE_SIM, metric_target={'x_m': 0.36623969086555824, 'y_m': 0.0016580980504356734, 'width_m': None, 'boundary_count': 2, 'inferred': False}, corner={'mode': 'WHITE_PATH', 'reason': 'connected normal-offset centre'}
[python-3] [INFO] [1791193843.951992233] [lane_sim.lane_autonomy]: DISABLED
[WARNING] [launch]: user interrupted with ctrl-c (SIGINT)
[INFO] [python-3]: sending signal 'SIGINT' to process[python-3]
[INFO] [parameter_bridge-2]: sending signal 'SIGINT' to process[parameter_bridge-2]
[INFO] [gz-1]: sending signal 'SIGINT' to process[gz-1]
[parameter_bridge-2] [INFO] [1791193846.031670690] [rclcpp]: signal_handler(SIGINT/SIGTERM)
[python-3] Traceback (most recent call last):
[python-3]   File "/home/tory/pinky_nav_publish_yWXwM0/repo/install/pinky_move/lib/pinky_move/lane_autonomy", line 33, in <module>
[python-3]     sys.exit(load_entry_point('pinky-move', 'console_scripts', 'lane_autonomy')())
[python-3]              ^^^^^^^^^^^^^^^^^^^^^^^^^^^^^^^^^^^^^^^^^^^^^^^^^^^^^^^^^^^^^^^^^^^^
[python-3]   File "/home/tory/pinky_nav_publish_yWXwM0/repo/build/pinky_move/pinky_move/lane_autonomy.py", line 1935, in main
[python-3]     node.destroy_node()
[python-3]   File "/home/tory/pinky_nav_publish_yWXwM0/repo/build/pinky_move/pinky_move/lane_autonomy.py", line 1912, in destroy_node
[python-3]     debug_worker.close()
[python-3]   File "/home/tory/pinky_nav_publish_yWXwM0/repo/build/pinky_move/pinky_move/debug_worker.py", line 146, in close
[python-3]     self.thread.join(timeout=2.)
[python-3]   File "/usr/lib/python3.12/threading.py", line 1151, in join
[python-3]     self._wait_for_tstate_lock(timeout=max(timeout, 0))
[python-3]   File "/usr/lib/python3.12/threading.py", line 1167, in _wait_for_tstate_lock
[python-3]     if lock.acquire(block, timeout):
[python-3]        ^^^^^^^^^^^^^^^^^^^^^^^^^^^^
[python-3] KeyboardInterrupt
[INFO] [parameter_bridge-2]: process has finished cleanly [pid 209986]
[INFO] [gz-1]: process has finished cleanly [pid 209985]
[ERROR] [python-3]: process has died [pid 209987, exit code -2, cmd '/home/tory/venv/omx/bin/python /home/tory/pinky_nav_publish_yWXwM0/repo/install/pinky_move/lib/pinky_move/lane_autonomy --ros-args -r __node:=lane_autonomy -r __ns:=/lane_sim --params-file /home/tory/pinky_nav_publish_yWXwM0/repo/install/pinky_move/share/pinky_move/config/lane_autonomy.yaml --params-file /tmp/launch_params__fekluh3'].
