{
  "course": "right90",
  "physics_trial": true,
  "controller_enabled": true,
  "yolo_enabled": false,
  "perception": "OpenCV white pixels",
  "lane_count": 1,
  "stripe_count": 2,
  "error": null,
  "raw_frames": 361,
  "debug_frames": 45,
  "camera_intrinsics": [
    [
      566.0,
      0.0,
      320.0
    ],
    [
      0.0,
      566.0,
      240.0
    ],
    [
      0.0,
      0.0,
      1.0
    ]
  ],
  "nonzero_commands": 468,
  "status_counts": {
    "DISABLED": 3,
    "WAITING_FOR_LANE": 1,
    "FOLLOWING": 54
  },
  "travelled_m": 1.8269385661065694,
  "net_displacement_m": 1.372665163457462,
  "max_cross_track_m": 0.05441705081427228,
  "final_progress_m": 1.9022332240435564,
  "final_pose": {
    "t": 26.919731025001965,
    "x": 0.7460350182000879,
    "y": -1.1522332240424331,
    "z": -8.46114464037493e-09,
    "yaw": -1.5601526568131945,
    "stamp": 23.8,
    "frame": "world",
    "child": "base_link"
  },
  "reached_finish": true,
  "lane_departure": false,
  "passed": true,
  "video_exports": [
    {
      "path": "pinky_move/reports/gazebo_physics_20261005/opencv_final_suite/right90_opencv_lane0_r2/raw_frames.mp4",
      "changed": true,
      "original": "pinky_move/reports/gazebo_physics_20261005/opencv_final_suite/right90_opencv_lane0_r2/original_mp4v/raw_frames.mp4",
      "before": {
        "codec_name": "mpeg4",
        "width": 640,
        "height": 480,
        "pix_fmt": "yuv420p",
        "nb_frames": "361",
        "duration": 24.066667
      },
      "after": {
        "codec_name": "h264",
        "width": 640,
        "height": 480,
        "pix_fmt": "yuv420p",
        "nb_frames": "361",
        "duration": 24.066667
      },
      "full_decode_ok": true
    },
    {
      "path": "pinky_move/reports/gazebo_physics_20261005/opencv_final_suite/right90_opencv_lane0_r2/debug_frames.mp4",
      "changed": true,
      "original": "pinky_move/reports/gazebo_physics_20261005/opencv_final_suite/right90_opencv_lane0_r2/original_mp4v/debug_frames.mp4",
      "before": {
        "codec_name": "mpeg4",
        "width": 640,
        "height": 480,
        "pix_fmt": "yuv420p",
        "nb_frames": "45",
        "duration": 3.0
      },
      "after": {
        "codec_name": "h264",
        "width": 640,
        "height": 480,
        "pix_fmt": "yuv420p",
        "nb_frames": "45",
        "duration": 3.0
      },
      "full_decode_ok": true
    }
  ]
}
