[INFO] [launch]: All log files can be found below /home/tory/.ros/log/2026-10-05-18-49-40-619393-tory-15Z95N-GP7QL-209582
[INFO] [launch]: Default logging verbosity is set to INFO
[INFO] [gz-1]: process started with pid [209592]
[INFO] [parameter_bridge-2]: process started with pid [209593]
[INFO] [python-3]: process started with pid [209594]
[parameter_bridge-2] [INFO] [1791193781.255281727] [lane_sim_bridge]: Creating GZ->ROS Bridge: [/lane_sim/camera/image_raw (gz.msgs.Image) -> /lane_sim/camera/image_raw (sensor_msgs/msg/Image)] (Lazy 0)
[parameter_bridge-2] [INFO] [1791193781.257120510] [lane_sim_bridge]: Creating GZ->ROS Bridge: [/lane_sim/camera/camera_info (gz.msgs.CameraInfo) -> /lane_sim/camera/camera_info (sensor_msgs/msg/CameraInfo)] (Lazy 0)
[parameter_bridge-2] [INFO] [1791193781.257513263] [lane_sim_bridge]: Creating GZ->ROS Bridge: [/lane_sim/odom (gz.msgs.Odometry) -> /lane_sim/odom (nav_msgs/msg/Odometry)] (Lazy 0)
[parameter_bridge-2] [INFO] [1791193781.258328805] [lane_sim_bridge]: Creating GZ->ROS Bridge: [/lane_sim/ground_truth (gz.msgs.Odometry) -> /lane_sim/ground_truth (nav_msgs/msg/Odometry)] (Lazy 0)
[parameter_bridge-2] [INFO] [1791193781.258624248] [lane_sim_bridge]: Creating ROS->GZ Bridge: [/lane_sim/cmd_vel (geometry_msgs/msg/Twist) -> /lane_sim/cmd_vel (gz.msgs.Twist)] (Lazy 0)
[parameter_bridge-2] [INFO] [1791193781.259139406] [lane_sim_bridge]: Creating GZ->ROS Bridge: [/clock (gz.msgs.Clock) -> /clock (rosgraph_msgs/msg/Clock)] (Lazy 0)
[gz-1] [1;33mWarning [Utils.cc:132][0m [/sdf/world[@name="lane_course"]/model[@name="pinky_lane"]/link[@name="base_footprint"]/sensor[@name="camera"]/gz_frame_id:/tmp/pinky-opencv-suite-sjlj3ggc/lane_course.sdf:L134]: XML Element[gz_frame_id], child of element[sensor], not defined in SDF. Copying[gz_frame_id] as children of [sensor].
[python-3] [WARN] [1791193781.891218449] [lane_sim.lane_autonomy]: URDF projection uses nominal mounting; physical accuracy remains unverified.
[python-3] [INFO] [1791193781.898989309] [lane_sim.lane_autonomy]: Lane autonomy ready and disabled. model=/home/tory/Downloads/yolo_runs/segment/train/weights/best.pt, image=/lane_sim/camera/image_raw, output=/lane_sim/cmd_vel
[python-3] [INFO] [1791193781.899484206] [lane_sim.lane_autonomy]: Enable after placing the robot safely: ros2 service call /lane_autonomy/enable std_srvs/srv/SetBool "{data: true}"
[parameter_bridge-2] [INFO] [1791193781.949510169] [lane_sim_bridge]: Passing message from ROS geometry_msgs/msg/Twist to Gazebo gz.msgs.Twist (showing msg only once per type)
[python-3] [INFO] [1791193781.950582045] [lane_sim.lane_autonomy]: DISABLED
[gz-1] [1;33m[Wrn] [OBJLoader.cc:202] [0m[1;33mMissing material for shape[[0m[1;33m] [0m[1;33min OBJ file[[0m[1;33m/tmp/pinky-opencv-suite-sjlj3ggc/right_stripe_0.obj[0m[1;33m][0m[1;33m[0m
[gz-1] [1;33m[Wrn] [OBJLoader.cc:202] [0m[1;33mMissing material for shape[[0m[1;33m] [0m[1;33min OBJ file[[0m[1;33m/tmp/pinky-opencv-suite-sjlj3ggc/left_stripe_0.obj[0m[1;33m][0m[1;33m[0m
[gz-1] [1;33m[Wrn] [Ogre2Camera.cc:423] [0m[1;33mOgre2Camera::SetVisibilityMask: Mask bits [0m[1;33mc0000000[0m[1;33m are set but will be ignored as they conflict with the [0m[1;33mreserved bits used internally by the ogre2 backend.[0m[1;33m[0m
[python-3] [WARN] [1791193784.273277322] [lane_sim.lane_autonomy]: Lidar obstacle stopping DISABLED; camera/line loss and command watchdog remain active.
[python-3] [INFO] [1791193784.299455211] [lane_sim.lane_autonomy]: WAITING_FOR_LANE: no usable boundary; Lane=0, used_boundaries=0, perception=YOLO, metric_target=None, corner={'mode': 'NORMAL', 'reason': 'no corner observation'}
[python-3] [INFO] [1791193784.963078415] [lane_sim.lane_autonomy]: FOLLOWING: v=0.100, w=-0.003; Lane=2, used_boundaries=2, perception=OPENCV_WHITE_SIM, metric_target={'x_m': 0.35883019312539693, 'y_m': -0.0018570298438465923, 'width_m': None, 'boundary_count': 2, 'inferred': False}, corner={'mode': 'WHITE_PATH', 'reason': 'connected normal-offset centre'}
[python-3] [INFO] [1791193785.452405153] [lane_sim.lane_autonomy]: FOLLOWING: v=0.100, w=0.000; Lane=2, used_boundaries=2, perception=OPENCV_WHITE_SIM, metric_target={'x_m': 0.35767656752106325, 'y_m': 0.00014060280676725837, 'width_m': None, 'boundary_count': 2, 'inferred': False}, corner={'mode': 'WHITE_PATH', 'reason': 'connected normal-offset centre'}
[python-3] [INFO] [1791193785.804068568] [lane_sim.lane_autonomy]: FOLLOWING: v=0.100, w=0.003; Lane=2, used_boundaries=2, perception=OPENCV_WHITE_SIM, metric_target={'x_m': 0.35673617493489984, 'y_m': 0.001757592345631828, 'width_m': None, 'boundary_count': 2, 'inferred': False}, corner={'mode': 'WHITE_PATH', 'reason': 'connected normal-offset centre'}
[python-3] [INFO] [1791193786.502959308] [lane_sim.lane_autonomy]: FOLLOWING: v=0.100, w=-0.001; Lane=2, used_boundaries=2, perception=OPENCV_WHITE_SIM, metric_target={'x_m': 0.3582776144009623, 'y_m': -0.0009125950376843775, 'width_m': None, 'boundary_count': 2, 'inferred': False}, corner={'mode': 'WHITE_PATH', 'reason': 'connected normal-offset centre'}
[python-3] [INFO] [1791193787.060113138] [lane_sim.lane_autonomy]: FOLLOWING: v=0.100, w=-0.003; Lane=2, used_boundaries=2, perception=OPENCV_WHITE_SIM, metric_target={'x_m': 0.35891606292203004, 'y_m': -0.0017146966243464514, 'width_m': None, 'boundary_count': 2, 'inferred': False}, corner={'mode': 'WHITE_PATH', 'reason': 'connected normal-offset centre'}
[python-3] [INFO] [1791193787.403185031] [lane_sim.lane_autonomy]: FOLLOWING: v=0.099, w=-0.005; Lane=2, used_boundaries=2, perception=OPENCV_WHITE_SIM, metric_target={'x_m': 0.3596190198699812, 'y_m': -0.003321626753803338, 'width_m': None, 'boundary_count': 2, 'inferred': False}, corner={'mode': 'WHITE_PATH', 'reason': 'connected normal-offset centre'}
[python-3] [INFO] [1791193788.304561187] [lane_sim.lane_autonomy]: FOLLOWING: v=0.099, w=-0.006; Lane=2, used_boundaries=2, perception=OPENCV_WHITE_SIM, metric_target={'x_m': 0.36004265450135825, 'y_m': -0.004100021066009277, 'width_m': None, 'boundary_count': 2, 'inferred': False}, corner={'mode': 'WHITE_PATH', 'reason': 'connected normal-offset centre'}
[python-3] [INFO] [1791193788.754031990] [lane_sim.lane_autonomy]: FOLLOWING: v=0.099, w=-0.011; Lane=2, used_boundaries=2, perception=OPENCV_WHITE_SIM, metric_target={'x_m': 0.3310034308529701, 'y_m': -0.006309525953354947, 'width_m': None, 'boundary_count': 2, 'inferred': False}, corner={'mode': 'WHITE_PATH', 'reason': 'connected normal-offset centre'}
[python-3] [INFO] [1791193789.153185681] [lane_sim.lane_autonomy]: FOLLOWING: v=0.098, w=-0.015; Lane=2, used_boundaries=2, perception=OPENCV_WHITE_SIM, metric_target={'x_m': 0.29399219729692494, 'y_m': -0.006393793019228572, 'width_m': None, 'boundary_count': 2, 'inferred': False}, corner={'mode': 'WHITE_PATH', 'reason': 'connected normal-offset centre'}
[python-3] [INFO] [1791193789.553103426] [lane_sim.lane_autonomy]: FOLLOWING: v=0.100, w=0.000; Lane=2, used_boundaries=2, perception=OPENCV_WHITE_SIM, metric_target={'x_m': 0.3624636471271515, 'y_m': 2.8241649131342892e-05, 'width_m': None, 'boundary_count': 2, 'inferred': False}, corner={'mode': 'WHITE_PATH', 'reason': 'connected normal-offset centre'}
[python-3] [INFO] [1791193790.605359396] [lane_sim.lane_autonomy]: FOLLOWING: v=0.097, w=0.038; Lane=2, used_boundaries=2, perception=OPENCV_WHITE_SIM, metric_target={'x_m': 0.22299419897050635, 'y_m': 0.009772477215299918, 'width_m': None, 'boundary_count': 2, 'inferred': False}, corner={'mode': 'WHITE_PATH', 'reason': 'connected normal-offset centre'}
[python-3] [INFO] [1791193791.260817777] [lane_sim.lane_autonomy]: FOLLOWING: v=0.039, w=-0.176; Lane=1, used_boundaries=1, perception=OPENCV_WHITE_SIM, metric_target={'x_m': 0.2112935423851013, 'y_m': -0.15467727184295654, 'width_m': None, 'boundary_count': 1, 'inferred': True}, corner={'mode': 'WHITE_PATH', 'reason': 'connected normal-offset centre'}
[python-3] [INFO] [1791193791.551937484] [lane_sim.lane_autonomy]: FOLLOWING: v=0.037, w=-0.244; Lane=1, used_boundaries=1, perception=OPENCV_WHITE_SIM, metric_target={'x_m': 0.1481103241443634, 'y_m': -0.12062949687242508, 'width_m': None, 'boundary_count': 1, 'inferred': True}, corner={'mode': 'WHITE_PATH', 'reason': 'connected normal-offset centre'}
[python-3] [INFO] [1791193791.953899344] [lane_sim.lane_autonomy]: FOLLOWING: v=0.035, w=-0.261; Lane=1, used_boundaries=1, perception=OPENCV_WHITE_SIM, metric_target={'x_m': 0.13351920941330792, 'y_m': -0.11897237086570212, 'width_m': None, 'boundary_count': 1, 'inferred': True}, corner={'mode': 'WHITE_PATH', 'reason': 'connected normal-offset centre'}
[python-3] [INFO] [1791193792.403498490] [lane_sim.lane_autonomy]: FOLLOWING: v=0.034, w=-0.255; Lane=1, used_boundaries=1, perception=OPENCV_WHITE_SIM, metric_target={'x_m': 0.1337472180158108, 'y_m': -0.12459707421960037, 'width_m': None, 'boundary_count': 1, 'inferred': True}, corner={'mode': 'WHITE_PATH', 'reason': 'connected normal-offset centre'}
[python-3] [INFO] [1791193792.602199026] [lane_sim.lane_autonomy]: FOLLOWING: v=0.033, w=-0.249; Lane=1, used_boundaries=1, perception=OPENCV_WHITE_SIM, metric_target={'x_m': 0.13454244100175497, 'y_m': -0.13032090337791927, 'width_m': None, 'boundary_count': 1, 'inferred': True}, corner={'mode': 'WHITE_PATH', 'reason': 'connected normal-offset centre'}
[python-3] [INFO] [1791193792.753348422] [lane_sim.lane_autonomy]: FOLLOWING: v=0.034, w=-0.254; Lane=1, used_boundaries=1, perception=OPENCV_WHITE_SIM, metric_target={'x_m': 0.1329836888645798, 'y_m': -0.12633858785983318, 'width_m': None, 'boundary_count': 1, 'inferred': True}, corner={'mode': 'WHITE_PATH', 'reason': 'connected normal-offset centre'}
[python-3] [INFO] [1791193792.951781836] [lane_sim.lane_autonomy]: FOLLOWING: v=0.035, w=-0.255; Lane=1, used_boundaries=1, perception=OPENCV_WHITE_SIM, metric_target={'x_m': 0.13502242412431356, 'y_m': -0.12350887007113483, 'width_m': None, 'boundary_count': 1, 'inferred': True}, corner={'mode': 'WHITE_PATH', 'reason': 'connected normal-offset centre'}
[python-3] [INFO] [1791193793.159799094] [lane_sim.lane_autonomy]: FOLLOWING: v=0.035, w=-0.261; Lane=1, used_boundaries=1, perception=OPENCV_WHITE_SIM, metric_target={'x_m': 0.1329363501839332, 'y_m': -0.11970522094585768, 'width_m': None, 'boundary_count': 1, 'inferred': True}, corner={'mode': 'WHITE_PATH', 'reason': 'connected normal-offset centre'}
[python-3] [INFO] [1791193793.402284696] [lane_sim.lane_autonomy]: FOLLOWING: v=0.035, w=-0.264; Lane=1, used_boundaries=1, perception=OPENCV_WHITE_SIM, metric_target={'x_m': 0.13286924603251735, 'y_m': -0.11644661497028451, 'width_m': None, 'boundary_count': 1, 'inferred': True}, corner={'mode': 'WHITE_PATH', 'reason': 'connected normal-offset centre'}
[python-3] [INFO] [1791193793.610100259] [lane_sim.lane_autonomy]: FOLLOWING: v=0.035, w=-0.252; Lane=1, used_boundaries=1, perception=OPENCV_WHITE_SIM, metric_target={'x_m': 0.13933972422706492, 'y_m': -0.12159812912289895, 'width_m': None, 'boundary_count': 1, 'inferred': True}, corner={'mode': 'WHITE_PATH', 'reason': 'connected normal-offset centre'}
[python-3] [INFO] [1791193793.901902167] [lane_sim.lane_autonomy]: FOLLOWING: v=0.036, w=-0.245; Lane=1, used_boundaries=1, perception=OPENCV_WHITE_SIM, metric_target={'x_m': 0.14511577576425527, 'y_m': -0.12363673626806311, 'width_m': None, 'boundary_count': 1, 'inferred': True}, corner={'mode': 'WHITE_PATH', 'reason': 'connected normal-offset centre'}
[python-3] [INFO] [1791193794.103257581] [lane_sim.lane_autonomy]: FOLLOWING: v=0.037, w=-0.236; Lane=1, used_boundaries=1, perception=OPENCV_WHITE_SIM, metric_target={'x_m': 0.15338327330622556, 'y_m': -0.12433793946447201, 'width_m': None, 'boundary_count': 1, 'inferred': True}, corner={'mode': 'WHITE_PATH', 'reason': 'connected normal-offset centre'}
[python-3] [INFO] [1791193794.351636315] [lane_sim.lane_autonomy]: FOLLOWING: v=0.037, w=-0.231; Lane=1, used_boundaries=1, perception=OPENCV_WHITE_SIM, metric_target={'x_m': 0.1580836827239168, 'y_m': -0.12478431065366578, 'width_m': None, 'boundary_count': 1, 'inferred': True}, corner={'mode': 'WHITE_PATH', 'reason': 'connected normal-offset centre'}
[python-3] [INFO] [1791193794.602177761] [lane_sim.lane_autonomy]: FOLLOWING: v=0.039, w=-0.256; Lane=1, used_boundaries=1, perception=OPENCV_WHITE_SIM, metric_target={'x_m': 0.14472377604149284, 'y_m': -0.10774774575280086, 'width_m': None, 'boundary_count': 1, 'inferred': True}, corner={'mode': 'WHITE_PATH', 'reason': 'connected normal-offset centre'}
[python-3] [INFO] [1791193794.852127366] [lane_sim.lane_autonomy]: FOLLOWING: v=0.039, w=-0.255; Lane=1, used_boundaries=1, perception=OPENCV_WHITE_SIM, metric_target={'x_m': 0.14650905293609812, 'y_m': -0.10533290892930904, 'width_m': None, 'boundary_count': 1, 'inferred': True}, corner={'mode': 'WHITE_PATH', 'reason': 'connected normal-offset centre'}
[python-3] [INFO] [1791193795.102834203] [lane_sim.lane_autonomy]: FOLLOWING: v=0.040, w=-0.238; Lane=1, used_boundaries=1, perception=OPENCV_WHITE_SIM, metric_target={'x_m': 0.15750331917181876, 'y_m': -0.1098414138425772, 'width_m': None, 'boundary_count': 1, 'inferred': True}, corner={'mode': 'WHITE_PATH', 'reason': 'connected normal-offset centre'}
[python-3] [INFO] [1791193795.402297567] [lane_sim.lane_autonomy]: FOLLOWING: v=0.041, w=-0.225; Lane=1, used_boundaries=1, perception=OPENCV_WHITE_SIM, metric_target={'x_m': 0.16764374665206788, 'y_m': -0.11091762249937154, 'width_m': None, 'boundary_count': 1, 'inferred': True}, corner={'mode': 'WHITE_PATH', 'reason': 'connected normal-offset centre'}
[python-3] [INFO] [1791193795.602135710] [lane_sim.lane_autonomy]: FOLLOWING: v=0.043, w=-0.234; Lane=1, used_boundaries=1, perception=OPENCV_WHITE_SIM, metric_target={'x_m': 0.1623283368937851, 'y_m': -0.0977346717004248, 'width_m': None, 'boundary_count': 1, 'inferred': True}, corner={'mode': 'WHITE_PATH', 'reason': 'connected normal-offset centre'}
[python-3] [INFO] [1791193795.852440179] [lane_sim.lane_autonomy]: FOLLOWING: v=0.044, w=-0.201; Lane=1, used_boundaries=1, perception=OPENCV_WHITE_SIM, metric_target={'x_m': 0.18850556315772896, 'y_m': -0.10852872122859786, 'width_m': None, 'boundary_count': 1, 'inferred': True}, corner={'mode': 'WHITE_PATH', 'reason': 'connected normal-offset centre'}
[python-3] [INFO] [1791193796.102506787] [lane_sim.lane_autonomy]: FOLLOWING: v=0.045, w=-0.194; Lane=1, used_boundaries=1, perception=OPENCV_WHITE_SIM, metric_target={'x_m': 0.19459120987603187, 'y_m': -0.10608703117012735, 'width_m': None, 'boundary_count': 1, 'inferred': True}, corner={'mode': 'WHITE_PATH', 'reason': 'connected normal-offset centre'}
[python-3] [INFO] [1791193796.351865714] [lane_sim.lane_autonomy]: FOLLOWING: v=0.046, w=-0.217; Lane=1, used_boundaries=1, perception=OPENCV_WHITE_SIM, metric_target={'x_m': 0.1721132363219204, 'y_m': -0.0869496319297903, 'width_m': None, 'boundary_count': 1, 'inferred': True}, corner={'mode': 'WHITE_PATH', 'reason': 'connected normal-offset centre'}
[python-3] [INFO] [1791193796.603821754] [lane_sim.lane_autonomy]: FOLLOWING: v=0.048, w=-0.169; Lane=1, used_boundaries=1, perception=OPENCV_WHITE_SIM, metric_target={'x_m': 0.21632587398483835, 'y_m': -0.10102088516914208, 'width_m': None, 'boundary_count': 1, 'inferred': True}, corner={'mode': 'WHITE_PATH', 'reason': 'connected normal-offset centre'}
[python-3] [INFO] [1791193796.954029715] [lane_sim.lane_autonomy]: FOLLOWING: v=0.050, w=-0.156; Lane=1, used_boundaries=1, perception=OPENCV_WHITE_SIM, metric_target={'x_m': 0.22643204751295407, 'y_m': -0.09450095477014701, 'width_m': None, 'boundary_count': 1, 'inferred': True}, corner={'mode': 'WHITE_PATH', 'reason': 'connected normal-offset centre'}
[python-3] [INFO] [1791193797.402313562] [lane_sim.lane_autonomy]: FOLLOWING: v=0.051, w=-0.154; Lane=1, used_boundaries=1, perception=OPENCV_WHITE_SIM, metric_target={'x_m': 0.22181187738236643, 'y_m': -0.08441260999359365, 'width_m': None, 'boundary_count': 1, 'inferred': True}, corner={'mode': 'WHITE_PATH', 'reason': 'connected normal-offset centre'}
[python-3] [INFO] [1791193797.808808135] [lane_sim.lane_autonomy]: FOLLOWING: v=0.053, w=-0.165; Lane=1, used_boundaries=1, perception=OPENCV_WHITE_SIM, metric_target={'x_m': 0.19678558999461745, 'y_m': -0.06762592628904107, 'width_m': None, 'boundary_count': 1, 'inferred': True}, corner={'mode': 'WHITE_PATH', 'reason': 'connected normal-offset centre'}
[python-3] [INFO] [1791193798.158186908] [lane_sim.lane_autonomy]: FOLLOWING: v=0.057, w=-0.110; Lane=1, used_boundaries=1, perception=OPENCV_WHITE_SIM, metric_target={'x_m': 0.254771104264239, 'y_m': -0.06716558875049393, 'width_m': None, 'boundary_count': 1, 'inferred': True}, corner={'mode': 'WHITE_PATH', 'reason': 'connected normal-offset centre'}
[python-3] [INFO] [1791193798.702526957] [lane_sim.lane_autonomy]: FOLLOWING: v=0.086, w=-0.106; Lane=2, used_boundaries=2, perception=OPENCV_WHITE_SIM, metric_target={'x_m': 0.29161567644220115, 'y_m': -0.05414321718552331, 'width_m': None, 'boundary_count': 2, 'inferred': False}, corner={'mode': 'WHITE_PATH', 'reason': 'connected normal-offset centre'}
[python-3] [INFO] [1791193799.102716754] [lane_sim.lane_autonomy]: FOLLOWING: v=0.089, w=-0.085; Lane=2, used_boundaries=2, perception=OPENCV_WHITE_SIM, metric_target={'x_m': 0.3034701819268155, 'y_m': -0.044677161270663054, 'width_m': None, 'boundary_count': 2, 'inferred': False}, corner={'mode': 'WHITE_PATH', 'reason': 'connected normal-offset centre'}
[python-3] [INFO] [1791193799.508227004] [lane_sim.lane_autonomy]: FOLLOWING: v=0.092, w=-0.061; Lane=2, used_boundaries=2, perception=OPENCV_WHITE_SIM, metric_target={'x_m': 0.3095912888956207, 'y_m': -0.03173705805019984, 'width_m': None, 'boundary_count': 2, 'inferred': False}, corner={'mode': 'WHITE_PATH', 'reason': 'connected normal-offset centre'}
[python-3] [INFO] [1791193800.003668389] [lane_sim.lane_autonomy]: FOLLOWING: v=0.096, w=-0.031; Lane=2, used_boundaries=2, perception=OPENCV_WHITE_SIM, metric_target={'x_m': 0.3364594530043828, 'y_m': -0.018403786648614164, 'width_m': None, 'boundary_count': 2, 'inferred': False}, corner={'mode': 'WHITE_PATH', 'reason': 'connected normal-offset centre'}
[python-3] [INFO] [1791193800.552734826] [lane_sim.lane_autonomy]: FOLLOWING: v=0.097, w=-0.021; Lane=2, used_boundaries=2, perception=OPENCV_WHITE_SIM, metric_target={'x_m': 0.3282851200891688, 'y_m': -0.011793788952733345, 'width_m': None, 'boundary_count': 2, 'inferred': False}, corner={'mode': 'WHITE_PATH', 'reason': 'connected normal-offset centre'}
[python-3] [INFO] [1791193801.005839500] [lane_sim.lane_autonomy]: FOLLOWING: v=0.099, w=0.010; Lane=2, used_boundaries=2, perception=OPENCV_WHITE_SIM, metric_target={'x_m': 0.34684495995414844, 'y_m': 0.006139864552913634, 'width_m': None, 'boundary_count': 2, 'inferred': False}, corner={'mode': 'WHITE_PATH', 'reason': 'connected normal-offset centre'}
[python-3] [INFO] [1791193801.602507326] [lane_sim.lane_autonomy]: FOLLOWING: v=0.098, w=0.012; Lane=2, used_boundaries=2, perception=OPENCV_WHITE_SIM, metric_target={'x_m': 0.3575722821218855, 'y_m': 0.00775244036589119, 'width_m': None, 'boundary_count': 2, 'inferred': False}, corner={'mode': 'WHITE_PATH', 'reason': 'connected normal-offset centre'}
[python-3] [INFO] [1791193802.254460756] [lane_sim.lane_autonomy]: FOLLOWING: v=0.097, w=0.022; Lane=2, used_boundaries=2, perception=OPENCV_WHITE_SIM, metric_target={'x_m': 0.3703555664186666, 'y_m': 0.015546950363836817, 'width_m': None, 'boundary_count': 2, 'inferred': False}, corner={'mode': 'WHITE_PATH', 'reason': 'connected normal-offset centre'}
[python-3] [INFO] [1791193803.052625197] [lane_sim.lane_autonomy]: FOLLOWING: v=0.096, w=0.028; Lane=2, used_boundaries=2, perception=OPENCV_WHITE_SIM, metric_target={'x_m': 0.34295842345336625, 'y_m': 0.01714188940018908, 'width_m': None, 'boundary_count': 2, 'inferred': False}, corner={'mode': 'WHITE_PATH', 'reason': 'connected normal-offset centre'}
[python-3] [INFO] [1791193803.603026546] [lane_sim.lane_autonomy]: FOLLOWING: v=0.097, w=0.020; Lane=2, used_boundaries=2, perception=OPENCV_WHITE_SIM, metric_target={'x_m': 0.3640189580172956, 'y_m': 0.013844717711511832, 'width_m': None, 'boundary_count': 2, 'inferred': False}, corner={'mode': 'WHITE_PATH', 'reason': 'connected normal-offset centre'}
[python-3] [INFO] [1791193804.154760332] [lane_sim.lane_autonomy]: FOLLOWING: v=0.097, w=0.022; Lane=2, used_boundaries=2, perception=OPENCV_WHITE_SIM, metric_target={'x_m': 0.36392733964746565, 'y_m': 0.014936896203853417, 'width_m': None, 'boundary_count': 2, 'inferred': False}, corner={'mode': 'WHITE_PATH', 'reason': 'connected normal-offset centre'}
[python-3] [INFO] [1791193804.652979155] [lane_sim.lane_autonomy]: FOLLOWING: v=0.097, w=0.025; Lane=2, used_boundaries=2, perception=OPENCV_WHITE_SIM, metric_target={'x_m': 0.3447161231035069, 'y_m': 0.015714081257667097, 'width_m': None, 'boundary_count': 2, 'inferred': False}, corner={'mode': 'WHITE_PATH', 'reason': 'connected normal-offset centre'}
[python-3] [INFO] [1791193805.052996950] [lane_sim.lane_autonomy]: FOLLOWING: v=0.097, w=0.019; Lane=2, used_boundaries=2, perception=OPENCV_WHITE_SIM, metric_target={'x_m': 0.3472819784511745, 'y_m': 0.011784456719805535, 'width_m': None, 'boundary_count': 2, 'inferred': False}, corner={'mode': 'WHITE_PATH', 'reason': 'connected normal-offset centre'}
[python-3] [INFO] [1791193805.605634578] [lane_sim.lane_autonomy]: FOLLOWING: v=0.098, w=0.012; Lane=2, used_boundaries=2, perception=OPENCV_WHITE_SIM, metric_target={'x_m': 0.3627136783599083, 'y_m': 0.008027918678260195, 'width_m': None, 'boundary_count': 2, 'inferred': False}, corner={'mode': 'WHITE_PATH', 'reason': 'connected normal-offset centre'}
[python-3] [INFO] [1791193806.104030233] [lane_sim.lane_autonomy]: FOLLOWING: v=0.099, w=0.008; Lane=2, used_boundaries=2, perception=OPENCV_WHITE_SIM, metric_target={'x_m': 0.370146103875163, 'y_m': 0.005417460571248083, 'width_m': None, 'boundary_count': 2, 'inferred': False}, corner={'mode': 'WHITE_PATH', 'reason': 'connected normal-offset centre'}
[python-3] [INFO] [1791193806.802778697] [lane_sim.lane_autonomy]: FOLLOWING: v=0.099, w=0.010; Lane=2, used_boundaries=2, perception=OPENCV_WHITE_SIM, metric_target={'x_m': 0.3548150802574729, 'y_m': 0.006139614813625642, 'width_m': None, 'boundary_count': 2, 'inferred': False}, corner={'mode': 'WHITE_PATH', 'reason': 'connected normal-offset centre'}
[python-3] [INFO] [1791193807.503626969] [lane_sim.lane_autonomy]: FOLLOWING: v=0.100, w=0.001; Lane=2, used_boundaries=2, perception=OPENCV_WHITE_SIM, metric_target={'x_m': 0.36504390097567796, 'y_m': 0.0009361601469540247, 'width_m': None, 'boundary_count': 2, 'inferred': False}, corner={'mode': 'WHITE_PATH', 'reason': 'connected normal-offset centre'}
[python-3] [INFO] [1791193807.859931428] [lane_sim.lane_autonomy]: FOLLOWING: v=0.100, w=0.001; Lane=2, used_boundaries=2, perception=OPENCV_WHITE_SIM, metric_target={'x_m': 0.36245345605902696, 'y_m': 0.00046530251921701266, 'width_m': None, 'boundary_count': 2, 'inferred': False}, corner={'mode': 'WHITE_PATH', 'reason': 'connected normal-offset centre'}
[python-3] [INFO] [1791193808.351426982] [lane_sim.lane_autonomy]: FOLLOWING: v=0.100, w=-0.000; Lane=2, used_boundaries=2, perception=OPENCV_WHITE_SIM, metric_target={'x_m': 0.36275231671415115, 'y_m': -0.00026922875021632785, 'width_m': None, 'boundary_count': 2, 'inferred': False}, corner={'mode': 'WHITE_PATH', 'reason': 'connected normal-offset centre'}
[python-3] [INFO] [1791193808.504531050] [lane_sim.lane_autonomy]: DISABLED
[WARNING] [launch]: user interrupted with ctrl-c (SIGINT)
[INFO] [python-3]: sending signal 'SIGINT' to process[python-3]
[INFO] [parameter_bridge-2]: sending signal 'SIGINT' to process[parameter_bridge-2]
[INFO] [gz-1]: sending signal 'SIGINT' to process[gz-1]
[parameter_bridge-2] [INFO] [1791193810.531252350] [rclcpp]: signal_handler(SIGINT/SIGTERM)
[INFO] [parameter_bridge-2]: process has finished cleanly [pid 209593]
[INFO] [gz-1]: process has finished cleanly [pid 209592]
[INFO] [python-3]: process has finished cleanly [pid 209594]
