{
  "course": "right90",
  "physics_trial": true,
  "controller_enabled": true,
  "yolo_enabled": true,
  "perception": "YOLO + white supplement",
  "lane_count": 1,
  "stripe_count": 2,
  "error": null,
  "raw_frames": 728,
  "debug_frames": 95,
  "camera_intrinsics": [
    [
      566.0,
      0.0,
      320.0
    ],
    [
      0.0,
      566.0,
      240.0
    ],
    [
      0.0,
      0.0,
      1.0
    ]
  ],
  "nonzero_commands": 481,
  "status_counts": {
    "DISABLED": 2,
    "WAITING_FOR_LANE": 40,
    "FOLLOWING": 74,
    "SAFETY_STOP": 9
  },
  "travelled_m": 1.901033784742814,
  "net_displacement_m": 1.4007123687652567,
  "max_cross_track_m": 0.040276611763884196,
  "final_progress_m": 1.9313956556687546,
  "final_pose": {
    "t": 54.85062089999883,
    "x": 0.75252870030314,
    "y": -1.1813956556676315,
    "z": -8.461916382823895e-09,
    "yaw": -1.6453046261756177,
    "stamp": 48.042,
    "frame": "world",
    "child": "base_link"
  },
  "reached_finish": true,
  "lane_departure": false,
  "passed": true,
  "video_exports": [
    {
      "path": "pinky_move/reports/yolo_white_20261006/s_fix_final_v14/right90_hybrid_lane0_r1/raw_frames.mp4",
      "changed": true,
      "original": "pinky_move/reports/yolo_white_20261006/s_fix_final_v14/right90_hybrid_lane0_r1/original_mp4v/raw_frames.mp4",
      "before": {
        "codec_name": "mpeg4",
        "width": 640,
        "height": 480,
        "pix_fmt": "yuv420p",
        "nb_frames": "728",
        "duration": 48.533333
      },
      "after": {
        "codec_name": "h264",
        "width": 640,
        "height": 480,
        "pix_fmt": "yuv420p",
        "nb_frames": "728",
        "duration": 48.533333
      },
      "full_decode_ok": true
    },
    {
      "path": "pinky_move/reports/yolo_white_20261006/s_fix_final_v14/right90_hybrid_lane0_r1/debug_frames.mp4",
      "changed": true,
      "original": "pinky_move/reports/yolo_white_20261006/s_fix_final_v14/right90_hybrid_lane0_r1/original_mp4v/debug_frames.mp4",
      "before": {
        "codec_name": "mpeg4",
        "width": 640,
        "height": 480,
        "pix_fmt": "yuv420p",
        "nb_frames": "95",
        "duration": 6.333333
      },
      "after": {
        "codec_name": "h264",
        "width": 640,
        "height": 480,
        "pix_fmt": "yuv420p",
        "nb_frames": "95",
        "duration": 6.333333
      },
      "full_decode_ok": true
    }
  ]
}
