{
  "course": "s_sharp",
  "physics_trial": true,
  "controller_enabled": true,
  "yolo_enabled": true,
  "perception": "YOLO + white supplement",
  "lane_count": 2,
  "stripe_count": 3,
  "error": null,
  "raw_frames": 2823,
  "debug_frames": 412,
  "camera_intrinsics": [
    [
      566.0,
      0.0,
      320.0
    ],
    [
      0.0,
      566.0,
      240.0
    ],
    [
      0.0,
      0.0,
      1.0
    ]
  ],
  "nonzero_commands": 309,
  "status_counts": {
    "DISABLED": 2,
    "WAITING_FOR_LANE": 367,
    "SAFETY_STOP": 12,
    "FOLLOWING": 43,
    "CORNER_STAGED": 37
  },
  "travelled_m": 0.8892539716068552,
  "net_displacement_m": 0.7395460445384844,
  "max_cross_track_m": 0.03687378208763692,
  "final_progress_m": 0.9252023107493846,
  "final_pose": {
    "t": 203.06442779399913,
    "x": 0.6864342941242034,
    "y": 0.27520231074826157,
    "z": -8.699777051720724e-09,
    "yaw": 1.6000812131612456,
    "stamp": 186.252,
    "frame": "world",
    "child": "base_link"
  },
  "reached_finish": false,
  "lane_departure": false,
  "passed": false,
  "video_exports": [
    {
      "path": "pinky_move/reports/yolo_white_20261006/s_fix_final_v14/s_sharp_hybrid_lane0_r1/raw_frames.mp4",
      "changed": true,
      "original": "pinky_move/reports/yolo_white_20261006/s_fix_final_v14/s_sharp_hybrid_lane0_r1/original_mp4v/raw_frames.mp4",
      "before": {
        "codec_name": "mpeg4",
        "width": 640,
        "height": 480,
        "pix_fmt": "yuv420p",
        "nb_frames": "2823",
        "duration": 188.2
      },
      "after": {
        "codec_name": "h264",
        "width": 640,
        "height": 480,
        "pix_fmt": "yuv420p",
        "nb_frames": "2823",
        "duration": 188.2
      },
      "full_decode_ok": true
    },
    {
      "path": "pinky_move/reports/yolo_white_20261006/s_fix_final_v14/s_sharp_hybrid_lane0_r1/debug_frames.mp4",
      "changed": true,
      "original": "pinky_move/reports/yolo_white_20261006/s_fix_final_v14/s_sharp_hybrid_lane0_r1/original_mp4v/debug_frames.mp4",
      "before": {
        "codec_name": "mpeg4",
        "width": 640,
        "height": 480,
        "pix_fmt": "yuv420p",
        "nb_frames": "412",
        "duration": 27.466667
      },
      "after": {
        "codec_name": "h264",
        "width": 640,
        "height": 480,
        "pix_fmt": "yuv420p",
        "nb_frames": "412",
        "duration": 27.466667
      },
      "full_decode_ok": true
    }
  ]
}
