{
  "course": "left90",
  "physics_trial": true,
  "controller_enabled": true,
  "yolo_enabled": true,
  "perception": "YOLO only",
  "lane_count": 1,
  "stripe_count": 2,
  "error": null,
  "raw_frames": 878,
  "debug_frames": 151,
  "camera_intrinsics": [
    [
      566.0,
      0.0,
      320.0
    ],
    [
      0.0,
      566.0,
      240.0
    ],
    [
      0.0,
      0.0,
      1.0
    ]
  ],
  "nonzero_commands": 148,
  "status_counts": {
    "DISABLED": 2,
    "WAITING_FOR_LANE": 343,
    "FOLLOWING": 35
  },
  "travelled_m": 0.555825322002196,
  "net_displacement_m": 0.5558236316532984,
  "max_cross_track_m": 0.0006262041834195342,
  "final_progress_m": 0.5558236027268599,
  "final_pose": {
    "t": 67.62763400599943,
    "x": 0.5558236027257369,
    "y": -0.00017932092788713235,
    "z": -8.701716331400227e-09,
    "yaw": 0.004909370959055015,
    "stamp": 57.936,
    "frame": "world",
    "child": "base_link"
  },
  "reached_finish": false,
  "lane_departure": false,
  "passed": false,
  "video_exports": [
    {
      "path": "pinky_move/reports/connected_geometry_20261005/baseline/left90_yolo_lane0_r1/raw_frames.mp4",
      "changed": true,
      "original": "pinky_move/reports/connected_geometry_20261005/baseline/left90_yolo_lane0_r1/original_mp4v/raw_frames.mp4",
      "before": {
        "codec_name": "mpeg4",
        "width": 640,
        "height": 480,
        "pix_fmt": "yuv420p",
        "nb_frames": "878",
        "duration": 58.533333
      },
      "after": {
        "codec_name": "h264",
        "width": 640,
        "height": 480,
        "pix_fmt": "yuv420p",
        "nb_frames": "878",
        "duration": 58.533333
      },
      "full_decode_ok": true
    },
    {
      "path": "pinky_move/reports/connected_geometry_20261005/baseline/left90_yolo_lane0_r1/debug_frames.mp4",
      "changed": true,
      "original": "pinky_move/reports/connected_geometry_20261005/baseline/left90_yolo_lane0_r1/original_mp4v/debug_frames.mp4",
      "before": {
        "codec_name": "mpeg4",
        "width": 640,
        "height": 480,
        "pix_fmt": "yuv420p",
        "nb_frames": "151",
        "duration": 10.066667
      },
      "after": {
        "codec_name": "h264",
        "width": 640,
        "height": 480,
        "pix_fmt": "yuv420p",
        "nb_frames": "151",
        "duration": 10.066667
      },
      "full_decode_ok": true
    }
  ]
}
