{
  "course": "s_sharp",
  "physics_trial": true,
  "controller_enabled": true,
  "yolo_enabled": true,
  "perception": "YOLO only",
  "lane_count": 2,
  "stripe_count": 3,
  "error": null,
  "raw_frames": 840,
  "debug_frames": 151,
  "camera_intrinsics": [
    [
      566.0,
      0.0,
      320.0
    ],
    [
      0.0,
      566.0,
      240.0
    ],
    [
      0.0,
      0.0,
      1.0
    ]
  ],
  "nonzero_commands": 138,
  "status_counts": {
    "DISABLED": 2,
    "WAITING_FOR_LANE": 282,
    "FOLLOWING": 23,
    "SAFETY_STOP": 1,
    "CORNER_STAGED": 16
  },
  "travelled_m": 0.4951472640767117,
  "net_displacement_m": 0.4951457988557131,
  "max_cross_track_m": 0.0008442938283668151,
  "final_progress_m": 0.49514551026429887,
  "final_pose": {
    "t": 67.67316714201297,
    "x": 0.4951455102631757,
    "y": -0.0005345929006836789,
    "z": -8.665080458911189e-09,
    "yaw": 0.003641886117084526,
    "stamp": 55.522,
    "frame": "world",
    "child": "base_link"
  },
  "reached_finish": false,
  "lane_departure": false,
  "passed": false,
  "video_exports": [
    {
      "path": "pinky_move/reports/connected_geometry_20261005/baseline/s_sharp_yolo_lane0_r1/raw_frames.mp4",
      "changed": true,
      "original": "pinky_move/reports/connected_geometry_20261005/baseline/s_sharp_yolo_lane0_r1/original_mp4v/raw_frames.mp4",
      "before": {
        "codec_name": "mpeg4",
        "width": 640,
        "height": 480,
        "pix_fmt": "yuv420p",
        "nb_frames": "840",
        "duration": 56.0
      },
      "after": {
        "codec_name": "h264",
        "width": 640,
        "height": 480,
        "pix_fmt": "yuv420p",
        "nb_frames": "840",
        "duration": 56.0
      },
      "full_decode_ok": true
    },
    {
      "path": "pinky_move/reports/connected_geometry_20261005/baseline/s_sharp_yolo_lane0_r1/debug_frames.mp4",
      "changed": true,
      "original": "pinky_move/reports/connected_geometry_20261005/baseline/s_sharp_yolo_lane0_r1/original_mp4v/debug_frames.mp4",
      "before": {
        "codec_name": "mpeg4",
        "width": 640,
        "height": 480,
        "pix_fmt": "yuv420p",
        "nb_frames": "151",
        "duration": 10.066667
      },
      "after": {
        "codec_name": "h264",
        "width": 640,
        "height": 480,
        "pix_fmt": "yuv420p",
        "nb_frames": "151",
        "duration": 10.066667
      },
      "full_decode_ok": true
    }
  ]
}
