{
  "course": "s_sharp",
  "physics_trial": true,
  "controller_enabled": true,
  "yolo_enabled": true,
  "perception": "YOLO only",
  "lane_count": 2,
  "stripe_count": 3,
  "error": null,
  "raw_frames": 837,
  "debug_frames": 148,
  "camera_intrinsics": [
    [
      566.0,
      0.0,
      320.0
    ],
    [
      0.0,
      566.0,
      240.0
    ],
    [
      0.0,
      0.0,
      1.0
    ]
  ],
  "nonzero_commands": 152,
  "status_counts": {
    "DISABLED": 2,
    "WAITING_FOR_LANE": 274,
    "FOLLOWING": 30,
    "LANE_LOSS_HOLD": 11
  },
  "travelled_m": 0.4993819711743441,
  "net_displacement_m": 0.499379809133736,
  "max_cross_track_m": 0.0006608252062046043,
  "final_progress_m": 0.4993796902894462,
  "final_pose": {
    "t": 67.77380929699575,
    "x": 0.4993796902883231,
    "y": -0.00034452411148740066,
    "z": -8.724141895550693e-09,
    "yaw": 0.015530308306219211,
    "stamp": 55.216,
    "frame": "world",
    "child": "base_link"
  },
  "reached_finish": false,
  "lane_departure": false,
  "passed": false,
  "video_exports": [
    {
      "path": "pinky_move/reports/connected_geometry_20261005/baseline/s_sharp_yolo_lane1_r1/raw_frames.mp4",
      "changed": true,
      "original": "pinky_move/reports/connected_geometry_20261005/baseline/s_sharp_yolo_lane1_r1/original_mp4v/raw_frames.mp4",
      "before": {
        "codec_name": "mpeg4",
        "width": 640,
        "height": 480,
        "pix_fmt": "yuv420p",
        "nb_frames": "837",
        "duration": 55.8
      },
      "after": {
        "codec_name": "h264",
        "width": 640,
        "height": 480,
        "pix_fmt": "yuv420p",
        "nb_frames": "837",
        "duration": 55.8
      },
      "full_decode_ok": true
    },
    {
      "path": "pinky_move/reports/connected_geometry_20261005/baseline/s_sharp_yolo_lane1_r1/debug_frames.mp4",
      "changed": true,
      "original": "pinky_move/reports/connected_geometry_20261005/baseline/s_sharp_yolo_lane1_r1/original_mp4v/debug_frames.mp4",
      "before": {
        "codec_name": "mpeg4",
        "width": 640,
        "height": 480,
        "pix_fmt": "yuv420p",
        "nb_frames": "148",
        "duration": 9.866667
      },
      "after": {
        "codec_name": "h264",
        "width": 640,
        "height": 480,
        "pix_fmt": "yuv420p",
        "nb_frames": "148",
        "duration": 9.866667
      },
      "full_decode_ok": true
    }
  ]
}
