{
  "course": "left90",
  "physics_trial": true,
  "controller_enabled": true,
  "yolo_enabled": true,
  "perception": "YOLO + white supplement",
  "lane_count": 1,
  "stripe_count": 2,
  "error": null,
  "raw_frames": 544,
  "debug_frames": 72,
  "camera_intrinsics": [
    [
      566.0,
      0.0,
      320.0
    ],
    [
      0.0,
      566.0,
      240.0
    ],
    [
      0.0,
      0.0,
      1.0
    ]
  ],
  "nonzero_commands": 609,
  "status_counts": {
    "DISABLED": 2,
    "WAITING_FOR_LANE": 7,
    "FOLLOWING": 107
  },
  "travelled_m": 1.8970389064889992,
  "net_displacement_m": 1.3972929516632993,
  "max_cross_track_m": 0.041813143033977096,
  "final_progress_m": 1.929164383437791,
  "final_pose": {
    "t": 41.01703111899951,
    "x": 0.7496658919816707,
    "y": 1.1791643834366679,
    "z": -8.462060548552575e-09,
    "yaw": 1.6075065494349248,
    "stamp": 35.87,
    "frame": "world",
    "child": "base_link"
  },
  "reached_finish": true,
  "lane_departure": false,
  "passed": true,
  "video_exports": [
    {
      "path": "pinky_move/reports/yolo_white_20261006/s_fix_final_v4/left90_hybrid_lane0_r1/raw_frames.mp4",
      "changed": true,
      "original": "pinky_move/reports/yolo_white_20261006/s_fix_final_v4/left90_hybrid_lane0_r1/original_mp4v/raw_frames.mp4",
      "before": {
        "codec_name": "mpeg4",
        "width": 640,
        "height": 480,
        "pix_fmt": "yuv420p",
        "nb_frames": "544",
        "duration": 36.266667
      },
      "after": {
        "codec_name": "h264",
        "width": 640,
        "height": 480,
        "pix_fmt": "yuv420p",
        "nb_frames": "544",
        "duration": 36.266667
      },
      "full_decode_ok": true
    },
    {
      "path": "pinky_move/reports/yolo_white_20261006/s_fix_final_v4/left90_hybrid_lane0_r1/debug_frames.mp4",
      "changed": true,
      "original": "pinky_move/reports/yolo_white_20261006/s_fix_final_v4/left90_hybrid_lane0_r1/original_mp4v/debug_frames.mp4",
      "before": {
        "codec_name": "mpeg4",
        "width": 640,
        "height": 480,
        "pix_fmt": "yuv420p",
        "nb_frames": "72",
        "duration": 4.8
      },
      "after": {
        "codec_name": "h264",
        "width": 640,
        "height": 480,
        "pix_fmt": "yuv420p",
        "nb_frames": "72",
        "duration": 4.8
      },
      "full_decode_ok": true
    }
  ]
}
