{
  "course": "right90",
  "physics_trial": true,
  "controller_enabled": true,
  "yolo_enabled": true,
  "perception": "YOLO + white supplement",
  "lane_count": 1,
  "stripe_count": 2,
  "error": null,
  "raw_frames": 526,
  "debug_frames": 72,
  "camera_intrinsics": [
    [
      566.0,
      0.0,
      320.0
    ],
    [
      0.0,
      566.0,
      240.0
    ],
    [
      0.0,
      0.0,
      1.0
    ]
  ],
  "nonzero_commands": 577,
  "status_counts": {
    "DISABLED": 2,
    "WAITING_FOR_LANE": 6,
    "FOLLOWING": 101
  },
  "travelled_m": 1.8868132916213134,
  "net_displacement_m": 1.3894991021670484,
  "max_cross_track_m": 0.04120562940216865,
  "final_progress_m": 1.9191798550322643,
  "final_pose": {
    "t": 39.951519213999745,
    "x": 0.7508170359752815,
    "y": -1.169179855031141,
    "z": -8.462022355226383e-09,
    "yaw": -1.6048808150869895,
    "stamp": 34.646,
    "frame": "world",
    "child": "base_link"
  },
  "reached_finish": true,
  "lane_departure": false,
  "passed": true,
  "video_exports": [
    {
      "path": "pinky_move/reports/yolo_white_20261006/s_fix_final_v4/right90_hybrid_lane0_r1/raw_frames.mp4",
      "changed": true,
      "original": "pinky_move/reports/yolo_white_20261006/s_fix_final_v4/right90_hybrid_lane0_r1/original_mp4v/raw_frames.mp4",
      "before": {
        "codec_name": "mpeg4",
        "width": 640,
        "height": 480,
        "pix_fmt": "yuv420p",
        "nb_frames": "526",
        "duration": 35.066667
      },
      "after": {
        "codec_name": "h264",
        "width": 640,
        "height": 480,
        "pix_fmt": "yuv420p",
        "nb_frames": "526",
        "duration": 35.066667
      },
      "full_decode_ok": true
    },
    {
      "path": "pinky_move/reports/yolo_white_20261006/s_fix_final_v4/right90_hybrid_lane0_r1/debug_frames.mp4",
      "changed": true,
      "original": "pinky_move/reports/yolo_white_20261006/s_fix_final_v4/right90_hybrid_lane0_r1/original_mp4v/debug_frames.mp4",
      "before": {
        "codec_name": "mpeg4",
        "width": 640,
        "height": 480,
        "pix_fmt": "yuv420p",
        "nb_frames": "72",
        "duration": 4.8
      },
      "after": {
        "codec_name": "h264",
        "width": 640,
        "height": 480,
        "pix_fmt": "yuv420p",
        "nb_frames": "72",
        "duration": 4.8
      },
      "full_decode_ok": true
    }
  ]
}
