{
  "course": "s_sharp",
  "physics_trial": true,
  "controller_enabled": true,
  "yolo_enabled": true,
  "perception": "YOLO + white supplement",
  "lane_count": 2,
  "stripe_count": 3,
  "error": null,
  "raw_frames": 2685,
  "debug_frames": 393,
  "camera_intrinsics": [
    [
      566.0,
      0.0,
      320.0
    ],
    [
      0.0,
      566.0,
      240.0
    ],
    [
      0.0,
      0.0,
      1.0
    ]
  ],
  "nonzero_commands": 467,
  "status_counts": {
    "DISABLED": 2,
    "WAITING_FOR_LANE": 580,
    "FOLLOWING": 71,
    "SAFETY_STOP": 3,
    "REACQUIRING_LANE": 5,
    "CORNER_STAGED": 32
  },
  "travelled_m": 1.0167738500651746,
  "net_displacement_m": 0.7768661034514366,
  "max_cross_track_m": 0.037190386264316144,
  "final_progress_m": 1.0471703861056616,
  "final_pose": {
    "t": 202.6752718200005,
    "x": 0.6676650560662062,
    "y": 0.3971703861045384,
    "z": -8.7011843158541e-09,
    "yaw": 1.7220069002320277,
    "stamp": 177.208,
    "frame": "world",
    "child": "base_link"
  },
  "reached_finish": false,
  "lane_departure": false,
  "passed": false,
  "video_exports": [
    {
      "path": "pinky_move/reports/yolo_white_20261006/s_fix_final_v4/s_sharp_hybrid_lane1_r1/raw_frames.mp4",
      "changed": true,
      "original": "pinky_move/reports/yolo_white_20261006/s_fix_final_v4/s_sharp_hybrid_lane1_r1/original_mp4v/raw_frames.mp4",
      "before": {
        "codec_name": "mpeg4",
        "width": 640,
        "height": 480,
        "pix_fmt": "yuv420p",
        "nb_frames": "2685",
        "duration": 179.0
      },
      "after": {
        "codec_name": "h264",
        "width": 640,
        "height": 480,
        "pix_fmt": "yuv420p",
        "nb_frames": "2685",
        "duration": 179.0
      },
      "full_decode_ok": true
    },
    {
      "path": "pinky_move/reports/yolo_white_20261006/s_fix_final_v4/s_sharp_hybrid_lane1_r1/debug_frames.mp4",
      "changed": true,
      "original": "pinky_move/reports/yolo_white_20261006/s_fix_final_v4/s_sharp_hybrid_lane1_r1/original_mp4v/debug_frames.mp4",
      "before": {
        "codec_name": "mpeg4",
        "width": 640,
        "height": 480,
        "pix_fmt": "yuv420p",
        "nb_frames": "393",
        "duration": 26.2
      },
      "after": {
        "codec_name": "h264",
        "width": 640,
        "height": 480,
        "pix_fmt": "yuv420p",
        "nb_frames": "393",
        "duration": 26.2
      },
      "full_decode_ok": true
    }
  ]
}
