{
  "course": "s_sharp",
  "physics_trial": true,
  "controller_enabled": true,
  "yolo_enabled": true,
  "perception": "YOLO only",
  "lane_count": 2,
  "stripe_count": 3,
  "error": null,
  "raw_frames": 833,
  "debug_frames": 24,
  "camera_intrinsics": [
    [
      566.0,
      0.0,
      320.0
    ],
    [
      0.0,
      566.0,
      240.0
    ],
    [
      0.0,
      0.0,
      1.0
    ]
  ],
  "nonzero_commands": 154,
  "status_counts": {
    "DISABLED": 2,
    "WAITING_FOR_LANE": 136,
    "FOLLOWING": 29,
    "SAFETY_STOP": 125,
    "LANE_LOSS_HOLD": 4,
    "REACQUIRING_LANE": 2
  },
  "travelled_m": 0.4727620108450487,
  "net_displacement_m": 0.47276074314837574,
  "max_cross_track_m": 0.00045926468648073535,
  "final_progress_m": 0.4727607254009055,
  "final_pose": {
    "t": 67.71605888500926,
    "x": 0.4727607253997824,
    "y": -0.00012954000959927603,
    "z": -8.458769705698858e-09,
    "yaw": 0.026236351387791946,
    "stamp": 54.944,
    "frame": "world",
    "child": "base_link"
  },
  "reached_finish": false,
  "lane_departure": false,
  "passed": false,
  "video_exports": [
    {
      "path": "pinky_move/reports/connected_geometry_20261005/connected/s_sharp_yolo_lane1_r1/raw_frames.mp4",
      "changed": true,
      "original": "pinky_move/reports/connected_geometry_20261005/connected/s_sharp_yolo_lane1_r1/original_mp4v/raw_frames.mp4",
      "before": {
        "codec_name": "mpeg4",
        "width": 640,
        "height": 480,
        "pix_fmt": "yuv420p",
        "nb_frames": "833",
        "duration": 55.533333
      },
      "after": {
        "codec_name": "h264",
        "width": 640,
        "height": 480,
        "pix_fmt": "yuv420p",
        "nb_frames": "833",
        "duration": 55.533333
      },
      "full_decode_ok": true
    },
    {
      "path": "pinky_move/reports/connected_geometry_20261005/connected/s_sharp_yolo_lane1_r1/debug_frames.mp4",
      "changed": true,
      "original": "pinky_move/reports/connected_geometry_20261005/connected/s_sharp_yolo_lane1_r1/original_mp4v/debug_frames.mp4",
      "before": {
        "codec_name": "mpeg4",
        "width": 640,
        "height": 480,
        "pix_fmt": "yuv420p",
        "nb_frames": "24",
        "duration": 1.6
      },
      "after": {
        "codec_name": "h264",
        "width": 640,
        "height": 480,
        "pix_fmt": "yuv420p",
        "nb_frames": "24",
        "duration": 1.6
      },
      "full_decode_ok": true
    }
  ]
}
