{
  "course": "s_sharp",
  "physics_trial": true,
  "controller_enabled": true,
  "yolo_enabled": true,
  "perception": "YOLO + white supplement",
  "lane_count": 2,
  "stripe_count": 3,
  "error": null,
  "raw_frames": 2638,
  "debug_frames": 391,
  "camera_intrinsics": [
    [
      566.0,
      0.0,
      320.0
    ],
    [
      0.0,
      566.0,
      240.0
    ],
    [
      0.0,
      0.0,
      1.0
    ]
  ],
  "nonzero_commands": 204,
  "status_counts": {
    "DISABLED": 3,
    "WAITING_FOR_LANE": 666,
    "SAFETY_STOP": 24,
    "FOLLOWING": 36
  },
  "travelled_m": 0.6068168750280345,
  "net_displacement_m": 0.6067991173734054,
  "max_cross_track_m": 0.0008664433150082367,
  "final_progress_m": 0.6067991173593715,
  "final_pose": {
    "t": 202.94680125800005,
    "x": 0.6067991173582484,
    "y": 4.126922773981178e-06,
    "z": -8.616092879397762e-09,
    "yaw": 0.02443931269474487,
    "stamp": 174.046,
    "frame": "world",
    "child": "base_link"
  },
  "reached_finish": false,
  "lane_departure": false,
  "passed": false,
  "video_exports": [
    {
      "path": "pinky_move/reports/yolo_white_20261006/s_fix_final_v18/s_sharp_hybrid_lane0_r1/raw_frames.mp4",
      "changed": true,
      "original": "pinky_move/reports/yolo_white_20261006/s_fix_final_v18/s_sharp_hybrid_lane0_r1/original_mp4v/raw_frames.mp4",
      "before": {
        "codec_name": "mpeg4",
        "width": 640,
        "height": 480,
        "pix_fmt": "yuv420p",
        "nb_frames": "2638",
        "duration": 175.866667
      },
      "after": {
        "codec_name": "h264",
        "width": 640,
        "height": 480,
        "pix_fmt": "yuv420p",
        "nb_frames": "2638",
        "duration": 175.866667
      },
      "full_decode_ok": true
    },
    {
      "path": "pinky_move/reports/yolo_white_20261006/s_fix_final_v18/s_sharp_hybrid_lane0_r1/debug_frames.mp4",
      "changed": true,
      "original": "pinky_move/reports/yolo_white_20261006/s_fix_final_v18/s_sharp_hybrid_lane0_r1/original_mp4v/debug_frames.mp4",
      "before": {
        "codec_name": "mpeg4",
        "width": 640,
        "height": 480,
        "pix_fmt": "yuv420p",
        "nb_frames": "391",
        "duration": 26.066667
      },
      "after": {
        "codec_name": "h264",
        "width": 640,
        "height": 480,
        "pix_fmt": "yuv420p",
        "nb_frames": "391",
        "duration": 26.066667
      },
      "full_decode_ok": true
    }
  ]
}
