{
  "course": "left90",
  "physics_trial": true,
  "controller_enabled": true,
  "yolo_enabled": true,
  "perception": "YOLO only",
  "lane_count": 1,
  "stripe_count": 2,
  "error": null,
  "raw_frames": 765,
  "debug_frames": 129,
  "camera_intrinsics": [
    [
      566.0,
      0.0,
      320.0
    ],
    [
      0.0,
      566.0,
      240.0
    ],
    [
      0.0,
      0.0,
      1.0
    ]
  ],
  "nonzero_commands": 146,
  "status_counts": {
    "DISABLED": 2,
    "WAITING_FOR_LANE": 207,
    "SAFETY_STOP": 4,
    "FOLLOWING": 23,
    "LANE_LOSS_HOLD": 4
  },
  "travelled_m": 0.5723929716088569,
  "net_displacement_m": 0.5723922364267033,
  "max_cross_track_m": 0.0005339381870013775,
  "final_progress_m": 0.5723921398119589,
  "final_pose": {
    "t": 67.6881576589949,
    "x": 0.572392139810836,
    "y": -0.00033257036801611543,
    "z": -8.686703733025998e-09,
    "yaw": 0.0061189402415931385,
    "stamp": 50.422,
    "frame": "world",
    "child": "base_link"
  },
  "reached_finish": false,
  "lane_departure": false,
  "passed": false,
  "video_exports": [
    {
      "path": "pinky_move/reports/connected_geometry_20261005/connected_final/left90_yolo_lane0_r1/raw_frames.mp4",
      "changed": true,
      "original": "pinky_move/reports/connected_geometry_20261005/connected_final/left90_yolo_lane0_r1/original_mp4v/raw_frames.mp4",
      "before": {
        "codec_name": "mpeg4",
        "width": 640,
        "height": 480,
        "pix_fmt": "yuv420p",
        "nb_frames": "765",
        "duration": 51.0
      },
      "after": {
        "codec_name": "h264",
        "width": 640,
        "height": 480,
        "pix_fmt": "yuv420p",
        "nb_frames": "765",
        "duration": 51.0
      },
      "full_decode_ok": true
    },
    {
      "path": "pinky_move/reports/connected_geometry_20261005/connected_final/left90_yolo_lane0_r1/debug_frames.mp4",
      "changed": true,
      "original": "pinky_move/reports/connected_geometry_20261005/connected_final/left90_yolo_lane0_r1/original_mp4v/debug_frames.mp4",
      "before": {
        "codec_name": "mpeg4",
        "width": 640,
        "height": 480,
        "pix_fmt": "yuv420p",
        "nb_frames": "129",
        "duration": 8.6
      },
      "after": {
        "codec_name": "h264",
        "width": 640,
        "height": 480,
        "pix_fmt": "yuv420p",
        "nb_frames": "129",
        "duration": 8.6
      },
      "full_decode_ok": true
    }
  ]
}
