{
  "course": "right90",
  "physics_trial": true,
  "controller_enabled": true,
  "yolo_enabled": true,
  "perception": "YOLO only",
  "lane_count": 1,
  "stripe_count": 2,
  "error": null,
  "raw_frames": 786,
  "debug_frames": 125,
  "camera_intrinsics": [
    [
      566.0,
      0.0,
      320.0
    ],
    [
      0.0,
      566.0,
      240.0
    ],
    [
      0.0,
      0.0,
      1.0
    ]
  ],
  "nonzero_commands": 191,
  "status_counts": {
    "DISABLED": 2,
    "WAITING_FOR_LANE": 193,
    "FOLLOWING": 14,
    "CORNER_STAGED": 53
  },
  "travelled_m": 0.6094043165115677,
  "net_displacement_m": 0.6094019981617127,
  "max_cross_track_m": 0.0011006641304041732,
  "final_progress_m": 0.6094016381023672,
  "final_pose": {
    "t": 67.75846518400067,
    "x": 0.6094016381012443,
    "y": 0.0006624512354487922,
    "z": -8.701544273864082e-09,
    "yaw": -0.0021355388199721034,
    "stamp": 51.952,
    "frame": "world",
    "child": "base_link"
  },
  "reached_finish": false,
  "lane_departure": false,
  "passed": false,
  "video_exports": [
    {
      "path": "pinky_move/reports/connected_geometry_20261005/connected_final/right90_yolo_lane0_r1/raw_frames.mp4",
      "changed": true,
      "original": "pinky_move/reports/connected_geometry_20261005/connected_final/right90_yolo_lane0_r1/original_mp4v/raw_frames.mp4",
      "before": {
        "codec_name": "mpeg4",
        "width": 640,
        "height": 480,
        "pix_fmt": "yuv420p",
        "nb_frames": "786",
        "duration": 52.4
      },
      "after": {
        "codec_name": "h264",
        "width": 640,
        "height": 480,
        "pix_fmt": "yuv420p",
        "nb_frames": "786",
        "duration": 52.4
      },
      "full_decode_ok": true
    },
    {
      "path": "pinky_move/reports/connected_geometry_20261005/connected_final/right90_yolo_lane0_r1/debug_frames.mp4",
      "changed": true,
      "original": "pinky_move/reports/connected_geometry_20261005/connected_final/right90_yolo_lane0_r1/original_mp4v/debug_frames.mp4",
      "before": {
        "codec_name": "mpeg4",
        "width": 640,
        "height": 480,
        "pix_fmt": "yuv420p",
        "nb_frames": "125",
        "duration": 8.333333
      },
      "after": {
        "codec_name": "h264",
        "width": 640,
        "height": 480,
        "pix_fmt": "yuv420p",
        "nb_frames": "125",
        "duration": 8.333333
      },
      "full_decode_ok": true
    }
  ]
}
