{
  "course": "left90",
  "physics_trial": true,
  "controller_enabled": true,
  "yolo_enabled": true,
  "perception": "YOLO + white supplement",
  "lane_count": 1,
  "stripe_count": 2,
  "error": null,
  "raw_frames": 698,
  "debug_frames": 100,
  "camera_intrinsics": [
    [
      566.0,
      0.0,
      320.0
    ],
    [
      0.0,
      566.0,
      240.0
    ],
    [
      0.0,
      0.0,
      1.0
    ]
  ],
  "nonzero_commands": 610,
  "status_counts": {
    "DISABLED": 2,
    "WAITING_FOR_LANE": 56,
    "FOLLOWING": 113,
    "SAFETY_STOP": 3
  },
  "travelled_m": 1.8700765589138848,
  "net_displacement_m": 1.3742353344335398,
  "max_cross_track_m": 0.04219889557633594,
  "final_progress_m": 1.901003062151474,
  "final_pose": {
    "t": 52.61238685200004,
    "x": 0.7508093668332143,
    "y": 1.1510030621503509,
    "z": -8.45935907098308e-09,
    "yaw": 1.5993751414491104,
    "stamp": 46.036,
    "frame": "world",
    "child": "base_link"
  },
  "reached_finish": true,
  "lane_departure": false,
  "passed": true,
  "video_exports": [
    {
      "path": "pinky_move/reports/yolo_white_20261006/staged/left90_hybrid_lane0_r1/raw_frames.mp4",
      "changed": true,
      "original": "pinky_move/reports/yolo_white_20261006/staged/left90_hybrid_lane0_r1/original_mp4v/raw_frames.mp4",
      "before": {
        "codec_name": "mpeg4",
        "width": 640,
        "height": 480,
        "pix_fmt": "yuv420p",
        "nb_frames": "698",
        "duration": 46.533333
      },
      "after": {
        "codec_name": "h264",
        "width": 640,
        "height": 480,
        "pix_fmt": "yuv420p",
        "nb_frames": "698",
        "duration": 46.533333
      },
      "full_decode_ok": true
    },
    {
      "path": "pinky_move/reports/yolo_white_20261006/staged/left90_hybrid_lane0_r1/debug_frames.mp4",
      "changed": true,
      "original": "pinky_move/reports/yolo_white_20261006/staged/left90_hybrid_lane0_r1/original_mp4v/debug_frames.mp4",
      "before": {
        "codec_name": "mpeg4",
        "width": 640,
        "height": 480,
        "pix_fmt": "yuv420p",
        "nb_frames": "100",
        "duration": 6.666667
      },
      "after": {
        "codec_name": "h264",
        "width": 640,
        "height": 480,
        "pix_fmt": "yuv420p",
        "nb_frames": "100",
        "duration": 6.666667
      },
      "full_decode_ok": true
    }
  ]
}
